http://skift.com/wp-content/uploads/2014/10/BGH-Bleisure-Report-2014.pdf
http://www.cpcs.com.hk/press/Sustainability%20Report%202016_CHI.pdf
http://www.cpcs.com.hk/press/Sustainability%20Report%202016_ENG.pdf
http://www.fly2houston.com/sites/default/files/2021-11/HOU_Q1_ 2022_Report.pdf
http://www.haeco.com/HAECO/media/download/SD/SDReport_2016.pdf
http://www.hongkongairport.com/chi/pdf/media/publication/sustainability/12_13/C_Full_report.pdf
http://www.hongkongairport.com/chi/pdf/media/publication/sustainability/13_14/C_Sustainability_Report_Full.pdf
http://www.hongkongairport.com/chi/pdf/media/publication/sustainability/14_15/C_Sustainability_Report_Full.pdf
http://www.hongkongairport.com/eng/pdf/media/publication/sustainability/12_13/E_Full_report.pdf
http://www.hongkongairport.com/eng/pdf/media/publication/sustainability/13_14/E_Sustainability_Report_Full.pdf
http://www.hongkongairport.com/eng/pdf/media/publication/sustainability/14_15/flipping/files/assets/common/downloads/publication.pdf
http://www.qatarairways.com/iwov-resources/temp-docs/csr/sustainability-report.pdf
https://airlinesuk.org/wp-content/uploads/2020/09/Impact-of-restricted-flying-to-the-USA-2020-report.pdf
https://flug.munich-airport.de/_b/0000000000000003110902bb5a0d856b/FMG-IT-Sicherheitsstandard_Betreiber_V21_20171020.pdf
https://flug.munich-airport.de/_b/0000000000000003110912bb5a0d856c/FMG-IT-Sicherheitsstandard_Entwickler_V21_20170918.pdf
https://flug.munich-airport.de/_b/0000000000000003274599bb5a2521ed/richtlinie-infoklassifizierung-v1-7.pdf
https://flug.munich-airport.de/_b/0000000000000003364622bb5a3a55e9/ausfuellanleitun-schluesselantrag.pdf
https://flug.munich-airport.de/_b/0000000000000003445254bb5a560f8b/gestaltungsrichtlinien_6retail.pdf
https://flug.munich-airport.de/_b/0000000000000007123740bb5d47c5f4/20190405_Richtlinie_Ausgabe_Schluesseln_IButton.pdf
https://flug.munich-airport.de/_b/0000000000000007280527bb5d68cfe3/FMG_Honigmonitoring2018-Bericht.pdf
https://flug.munich-airport.de/_b/0000000000000007528350bb5d9f362a/immissionsbericht-07-19-web.pdf
https://flug.munich-airport.de/_b/0000000000000008121830bb5df9f55f/green-gate-flyer1.pdf
https://flug.munich-airport.de/_b/0000000000000008513306bb5e4ce51a/honigmonitoring2019.pdf
https://flug.munich-airport.de/_b/0000000000000010512293bb600fc49e/isec-richtlinie-it.pdf
https://flug.munich-airport.de/_b/0000000000000010520568bb601140f3/fmg-integrated-report-2018.pdf
https://flug.munich-airport.de/_b/0000000000000010520597bb601141e1/fmg-integrated-report-2017.pdf
https://flug.munich-airport.de/_b/0000000000000010520633bb6011437b/fmg-integrated-report-2019.pdf
https://flug.munich-airport.de/_b/0000000000000011362689bb60d0613f/sustainability-indicators-fmg-ir2020.pdf
https://flug.munich-airport.de/_b/0000000000000011370363bb60d1822e/sustainability-program-fmg-2020.pdf
https://flug.munich-airport.de/_b/0000000000000011392412bb60d99bce/annual-traffic-report-2020-1.pdf
https://flug.munich-airport.de/_b/0000000000000011878639bb6142dcb4/20210915-infobrief-ausweisstelle-012021.pdf
https://flug.munich-airport.de/_b/0000000000000012455588bb61a9f0ec/Welcome-Desk-20211201.pdf
https://flug.munich-airport.de/_b/0000000000000012481226bb61af3c3e/antrag-wiederholung-zup-2021.pdf
https://flug.munich-airport.de/_b/0000000000000012549092bb61bb31f2/infobrief-ausweisstelle-muc-2021.pdf
https://lifeinhel.tv/files/LIFEINHEL_Ryans%20report_18122017_ENG.pdf
https://tokyo-haneda.com/site_resource/information/pdf/000010935.pdf
https://www.bec.org.hk/sites/default/files/publications/LCC_Progress_Report_Final.pdf
https://www.clpgroup.com/content/dam/clp-group/channels/about/document/our-unique-approach/3--external-board-review-(eng-only)/CLP%20Report_Website%20Submission%202020_20200217_final.pdf.coredownload.pdf
https://www.clpgroup.com/content/dam/clp-group/channels/investor/document/3-2-results---presentations/1/c_2020%20Interim%20Report.pdf.coredownload.pdf
https://www.clpgroup.com/content/dam/clp-group/channels/investor/document/3-2-results---presentations/1/e_2020%20Interim%20Report.pdf.coredownload.pdf
https://www.clpgroup.com/content/dam/clp-group/channels/investor/document/3-2-results---presentations/1/report_e_1st%20Quarterly%20Statement%20(announcement%20version)%20(20200508)%20(1).pdf.coredownload.pdf
https://www.clpgroup.com/content/dam/clp-group/channels/investor/document/3-2-results---presentations/1/report_e_2020Q3%20(announcement%20version)_final.pdf.coredownload.pdf
https://www.clpgroup.com/content/dam/clp-group/channels/investor/document/3-2-results---presentations/2016/C_2016%20Interim%20Report.pdf.coredownload.pdf
https://www.clpgroup.com/content/dam/clp-group/channels/investor/document/3-2-results---presentations/2016/c_2016Annual%20Report.pdf.coredownload.pdf
https://www.clpgroup.com/content/dam/clp-group/channels/investor/document/3-2-results---presentations/2016/E_2016%20Interim%20Report.pdf.coredownload.pdf
https://www.clpgroup.com/content/dam/clp-group/channels/investor/document/3-2-results---presentations/2016/e_2016Annual%20Report.pdf.coredownload.pdf
https://www.clpgroup.com/content/dam/clp-group/channels/investor/document/3-2-results---presentations/2017/c_2017%20Annual%20Report.pdf.coredownload.pdf
https://www.clpgroup.com/content/dam/clp-group/channels/investor/document/3-2-results---presentations/2017/C_2017%20Interim%20Report.pdf.coredownload.pdf
https://www.clpgroup.com/content/dam/clp-group/channels/investor/document/3-2-results---presentations/2017/e_2017%20Annual%20Report.pdf.coredownload.pdf
https://www.clpgroup.com/content/dam/clp-group/channels/investor/document/3-2-results---presentations/2018/c_2018%20Annual%20Report.pdf.coredownload.pdf
https://www.clpgroup.com/content/dam/clp-group/channels/investor/document/3-2-results---presentations/2018/C_2018%20Interim%20Report.pdf.coredownload.pdf
https://www.clpgroup.com/content/dam/clp-group/channels/investor/document/3-2-results---presentations/2018/e_2018%20Annual%20Report.pdf.coredownload.pdf
https://www.clpgroup.com/content/dam/clp-group/channels/investor/document/3-2-results---presentations/2018/E_2018%20Interim%20Report.pdf.coredownload.pdf
https://www.clpgroup.com/content/dam/clp-group/channels/investor/document/3-2-results---presentations/2019/C_2019Annual%20Report.pdf.coredownload.pdf
https://www.clpgroup.com/content/dam/clp-group/channels/investor/document/3-2-results---presentations/2019/E_2019%20Interim%20Report.pdf.coredownload.pdf
https://www.clpgroup.com/content/dam/clp-group/channels/investor/document/3-2-results---presentations/2019/e_2019Annual%20Report.pdf.coredownload.pdf
https://www.clpgroup.com/content/dam/clp-group/channels/investor/document/3-3-financial-reports/2015/c_2015%20Interim%20Report.pdf.coredownload.pdf
https://www.clpgroup.com/content/dam/clp-group/channels/investor/document/3-3-financial-reports/2015/c_2015Annual%20Report.pdf.coredownload.pdf
https://www.clpgroup.com/content/dam/clp-group/channels/investor/document/3-3-financial-reports/2015/c_2015C101.pdf.coredownload.pdf
https://www.clpgroup.com/content/dam/clp-group/channels/investor/document/3-3-financial-reports/2015/c_2015C102.pdf.coredownload.pdf
https://www.clpgroup.com/content/dam/clp-group/channels/investor/document/3-3-financial-reports/2015/c_2015C103.pdf.coredownload.pdf
https://www.clpgroup.com/content/dam/clp-group/channels/investor/document/3-3-financial-reports/2015/c_2015C104.pdf.coredownload.pdf
https://www.clpgroup.com/content/dam/clp-group/channels/investor/document/3-3-financial-reports/2015/c_2015C105.pdf.coredownload.pdf
https://www.clpgroup.com/content/dam/clp-group/channels/investor/document/3-3-financial-reports/2015/c_2015C106.pdf.coredownload.pdf
https://www.clpgroup.com/content/dam/clp-group/channels/investor/document/3-3-financial-reports/2015/c_2015C107.pdf.coredownload.pdf
https://www.clpgroup.com/content/dam/clp-group/channels/investor/document/3-3-financial-reports/2015/c_2015C108.pdf.coredownload.pdf
https://www.clpgroup.com/content/dam/clp-group/channels/investor/document/3-3-financial-reports/2015/c_2015C109.pdf.coredownload.pdf
https://www.clpgroup.com/content/dam/clp-group/channels/investor/document/3-3-financial-reports/2015/c_2015C110.pdf.coredownload.pdf
https://www.clpgroup.com/content/dam/clp-group/channels/investor/document/3-3-financial-reports/2015/c_2015C111.pdf.coredownload.pdf
https://www.clpgroup.com/content/dam/clp-group/channels/investor/document/3-3-financial-reports/2015/c_2015C112.pdf.coredownload.pdf
https://www.clpgroup.com/content/dam/clp-group/channels/investor/document/3-3-financial-reports/2015/c_2015C113.pdf.coredownload.pdf
https://www.clpgroup.com/content/dam/clp-group/channels/investor/document/3-3-financial-reports/2015/c_2015C114.pdf.coredownload.pdf
https://www.clpgroup.com/content/dam/clp-group/channels/investor/document/3-3-financial-reports/2015/c_2015C115.pdf.coredownload.pdf
https://www.clpgroup.com/content/dam/clp-group/channels/investor/document/3-3-financial-reports/2015/c_2015C116.pdf.coredownload.pdf
https://www.clpgroup.com/content/dam/clp-group/channels/investor/document/3-3-financial-reports/2015/c_2015C117.pdf.coredownload.pdf
https://www.clpgroup.com/content/dam/clp-group/channels/investor/document/3-3-financial-reports/2015/c_Announcement%20-%20Result%202015%203rd%20quarter%20(Final).pdf.coredownload.pdf
https://www.clpgroup.com/content/dam/clp-group/channels/investor/document/3-3-financial-reports/2015/C_Quarterly%20statement%20(announcement)%20(Final).pdf.coredownload.pdf
https://www.clpgroup.com/content/dam/clp-group/channels/investor/document/3-3-financial-reports/2015/CLP%20QandA%20For%20Online_fullset%20(Chi)_stp3_as%20print_Fullset_1500.pdf.coredownload.pdf
https://www.clpgroup.com/content/dam/clp-group/channels/investor/document/3-3-financial-reports/2015/CLP%20QandA%20For%20Online_fullset%20(eng)_stp1_as%20print_Fullset_1500.pdf.coredownload.pdf
https://www.clpgroup.com/content/dam/clp-group/channels/investor/document/3-3-financial-reports/2015/e_1st%20Quarterly%20Statement%20(announcement%20version)%20(Final).pdf.coredownload.pdf
https://www.clpgroup.com/content/dam/clp-group/channels/investor/document/3-3-financial-reports/2015/e_2015%20Interim%20Report.pdf.coredownload.pdf
https://www.clpgroup.com/content/dam/clp-group/channels/investor/document/3-3-financial-reports/2015/e_2015Annual%20Report.pdf.coredownload.pdf
https://www.clpgroup.com/content/dam/clp-group/channels/investor/document/3-3-financial-reports/2015/e_2015E101.pdf.coredownload.pdf
https://www.clpgroup.com/content/dam/clp-group/channels/investor/document/3-3-financial-reports/2015/e_2015E102.pdf.coredownload.pdf
https://www.clpgroup.com/content/dam/clp-group/channels/investor/document/3-3-financial-reports/2015/e_2015E103.pdf.coredownload.pdf
https://www.clpgroup.com/content/dam/clp-group/channels/investor/document/3-3-financial-reports/2015/e_2015E104.pdf.coredownload.pdf
https://www.clpgroup.com/content/dam/clp-group/channels/investor/document/3-3-financial-reports/2015/e_2015E105.pdf.coredownload.pdf
https://www.clpgroup.com/content/dam/clp-group/channels/investor/document/3-3-financial-reports/2015/e_2015E106.pdf.coredownload.pdf
https://www.clpgroup.com/content/dam/clp-group/channels/investor/document/3-3-financial-reports/2015/e_2015E107.pdf.coredownload.pdf
https://www.clpgroup.com/content/dam/clp-group/channels/investor/document/3-3-financial-reports/2015/e_2015E108.pdf.coredownload.pdf
https://www.clpgroup.com/content/dam/clp-group/channels/investor/document/3-3-financial-reports/2015/e_2015E109.pdf.coredownload.pdf
https://www.clpgroup.com/content/dam/clp-group/channels/investor/document/3-3-financial-reports/2015/e_2015E110.pdf.coredownload.pdf
https://www.clpgroup.com/content/dam/clp-group/channels/investor/document/3-3-financial-reports/2015/e_2015E111.pdf.coredownload.pdf
https://www.clpgroup.com/content/dam/clp-group/channels/investor/document/3-3-financial-reports/2015/e_2015E112.pdf.coredownload.pdf
https://www.clpgroup.com/content/dam/clp-group/channels/investor/document/3-3-financial-reports/2015/e_2015E113.pdf.coredownload.pdf
https://www.clpgroup.com/content/dam/clp-group/channels/investor/document/3-3-financial-reports/2015/e_2015E114.pdf.coredownload.pdf
https://www.clpgroup.com/content/dam/clp-group/channels/investor/document/3-3-financial-reports/2015/e_2015E115.pdf.coredownload.pdf
https://www.clpgroup.com/content/dam/clp-group/channels/investor/document/3-3-financial-reports/2015/e_2015E116.pdf.coredownload.pdf
https://www.clpgroup.com/content/dam/clp-group/channels/investor/document/3-3-financial-reports/2015/e_2015E117.pdf.coredownload.pdf
https://www.clpgroup.com/content/dam/clp-group/channels/investor/document/3-3-financial-reports/2015/e_3rd%20Quarterly%20Statement%20(announcement%20version)%20(20151016)%20(final).pdf.coredownload.pdf
https://www.clpgroup.com/content/dam/clp-group/channels/investor/document/3-3-financial-reports/2016/2016_supplementary_info_en.pdf.coredownload.pdf
https://www.clpgroup.com/content/dam/clp-group/channels/investor/document/3-3-financial-reports/2016/2016_supplementary_info_tc.pdf.coredownload.pdf
https://www.clpgroup.com/content/dam/clp-group/channels/investor/document/3-3-financial-reports/2016/c_1st%20Quarterly%20Statement%20(announcement%20version)%20(20160506).pdf.coredownload.pdf
https://www.clpgroup.com/content/dam/clp-group/channels/investor/document/3-3-financial-reports/2016/C_2016%20Interim%20Report.pdf.coredownload.pdf
https://www.clpgroup.com/content/dam/clp-group/channels/investor/document/3-3-financial-reports/2016/c_2016Annual%20Report.pdf.coredownload.pdf
https://www.clpgroup.com/content/dam/clp-group/channels/investor/document/3-3-financial-reports/2016/c_2016C101.pdf.coredownload.pdf
https://www.clpgroup.com/content/dam/clp-group/channels/investor/document/3-3-financial-reports/2016/c_2016C102.pdf.coredownload.pdf
https://www.clpgroup.com/content/dam/clp-group/channels/investor/document/3-3-financial-reports/2016/c_2016C103.pdf.coredownload.pdf
https://www.clpgroup.com/content/dam/clp-group/channels/investor/document/3-3-financial-reports/2016/c_2016C104.pdf.coredownload.pdf
https://www.clpgroup.com/content/dam/clp-group/channels/investor/document/3-3-financial-reports/2016/c_2016C105.pdf.coredownload.pdf
https://www.clpgroup.com/content/dam/clp-group/channels/investor/document/3-3-financial-reports/2016/c_2016C106.pdf.coredownload.pdf
https://www.clpgroup.com/content/dam/clp-group/channels/investor/document/3-3-financial-reports/2016/c_2016C107.pdf.coredownload.pdf
https://www.clpgroup.com/content/dam/clp-group/channels/investor/document/3-3-financial-reports/2016/c_2016C108.pdf.coredownload.pdf
https://www.clpgroup.com/content/dam/clp-group/channels/investor/document/3-3-financial-reports/2016/c_2016C109.pdf.coredownload.pdf
https://www.clpgroup.com/content/dam/clp-group/channels/investor/document/3-3-financial-reports/2016/c_2016C110.pdf.coredownload.pdf
https://www.clpgroup.com/content/dam/clp-group/channels/investor/document/3-3-financial-reports/2016/c_2016C111.pdf.coredownload.pdf
https://www.clpgroup.com/content/dam/clp-group/channels/investor/document/3-3-financial-reports/2016/c_2016C112.pdf.coredownload.pdf
https://www.clpgroup.com/content/dam/clp-group/channels/investor/document/3-3-financial-reports/2016/c_2016C113.pdf.coredownload.pdf
https://www.clpgroup.com/content/dam/clp-group/channels/investor/document/3-3-financial-reports/2016/c_2016C114.pdf.coredownload.pdf
https://www.clpgroup.com/content/dam/clp-group/channels/investor/document/3-3-financial-reports/2016/c_2016C115.pdf.coredownload.pdf
https://www.clpgroup.com/content/dam/clp-group/channels/investor/document/3-3-financial-reports/2016/c_2016C116.pdf.coredownload.pdf
https://www.clpgroup.com/content/dam/clp-group/channels/investor/document/3-3-financial-reports/2016/c_2016C117.pdf.coredownload.pdf
https://www.clpgroup.com/content/dam/clp-group/channels/investor/document/3-3-financial-reports/2016/c_2016C118.pdf.coredownload.pdf
https://www.clpgroup.com/content/dam/clp-group/channels/investor/document/3-3-financial-reports/2016/c_3rd%20Quarterly%20Statement%20(announcement%20version)%20(Final).pdf.coredownload.pdf
https://www.clpgroup.com/content/dam/clp-group/channels/investor/document/3-3-financial-reports/2016/E_2016%20Interim%20Report.pdf.coredownload.pdf
https://www.clpgroup.com/content/dam/clp-group/channels/investor/document/3-3-financial-reports/2016/e_2016E101.pdf.coredownload.pdf
https://www.clpgroup.com/content/dam/clp-group/channels/investor/document/3-3-financial-reports/2016/e_2016E102.pdf.coredownload.pdf
https://www.clpgroup.com/content/dam/clp-group/channels/investor/document/3-3-financial-reports/2016/e_2016E103.pdf.coredownload.pdf
https://www.clpgroup.com/content/dam/clp-group/channels/investor/document/3-3-financial-reports/2016/e_2016E104.pdf.coredownload.pdf
https://www.clpgroup.com/content/dam/clp-group/channels/investor/document/3-3-financial-reports/2016/e_2016E105.pdf.coredownload.pdf
https://www.clpgroup.com/content/dam/clp-group/channels/investor/document/3-3-financial-reports/2016/e_2016E106.pdf.coredownload.pdf
https://www.clpgroup.com/content/dam/clp-group/channels/investor/document/3-3-financial-reports/2016/e_2016E107.pdf.coredownload.pdf
https://www.clpgroup.com/content/dam/clp-group/channels/investor/document/3-3-financial-reports/2016/e_2016E108.pdf.coredownload.pdf
https://www.clpgroup.com/content/dam/clp-group/channels/investor/document/3-3-financial-reports/2016/e_2016E109.pdf.coredownload.pdf
https://www.clpgroup.com/content/dam/clp-group/channels/investor/document/3-3-financial-reports/2016/e_2016E110.pdf.coredownload.pdf
https://www.clpgroup.com/content/dam/clp-group/channels/investor/document/3-3-financial-reports/2016/e_2016E111.pdf.coredownload.pdf
https://www.clpgroup.com/content/dam/clp-group/channels/investor/document/3-3-financial-reports/2016/e_2016E112.pdf.coredownload.pdf
https://www.clpgroup.com/content/dam/clp-group/channels/investor/document/3-3-financial-reports/2016/e_2016E113.pdf.coredownload.pdf
https://www.clpgroup.com/content/dam/clp-group/channels/investor/document/3-3-financial-reports/2016/e_2016E114.pdf.coredownload.pdf
https://www.clpgroup.com/content/dam/clp-group/channels/investor/document/3-3-financial-reports/2016/e_2016E115.pdf.coredownload.pdf
https://www.clpgroup.com/content/dam/clp-group/channels/investor/document/3-3-financial-reports/2016/e_2016E116.pdf.coredownload.pdf
https://www.clpgroup.com/content/dam/clp-group/channels/investor/document/3-3-financial-reports/2016/e_2016E117.pdf.coredownload.pdf
https://www.clpgroup.com/content/dam/clp-group/channels/investor/document/3-3-financial-reports/2016/e_2016E118.pdf.coredownload.pdf
https://www.clpgroup.com/content/dam/clp-group/channels/investor/document/3-3-financial-reports/2016/e_3rd%20Quarterly%20Statement%20(announcement%20version)%20(20161019).pdf.coredownload.pdf
https://www.clpgroup.com/content/dam/clp-group/channels/investor/document/3-3-financial-reports/2017/c_1st%20Quarterly%20Statement%20(announcement%20version)%20(Final).pdf.coredownload.pdf
https://www.clpgroup.com/content/dam/clp-group/channels/investor/document/3-3-financial-reports/2017/c_2017%20Annual%20Report%20(1).pdf.coredownload.pdf
https://www.clpgroup.com/content/dam/clp-group/channels/investor/document/3-3-financial-reports/2017/C_2017%20Interim%20Report.pdf.coredownload.pdf
https://www.clpgroup.com/content/dam/clp-group/channels/investor/document/3-3-financial-reports/2017/c_2017C101.pdf.coredownload.pdf
https://www.clpgroup.com/content/dam/clp-group/channels/investor/document/3-3-financial-reports/2017/c_2017C102.pdf.coredownload.pdf
https://www.clpgroup.com/content/dam/clp-group/channels/investor/document/3-3-financial-reports/2017/c_2017C103.pdf.coredownload.pdf
https://www.clpgroup.com/content/dam/clp-group/channels/investor/document/3-3-financial-reports/2017/c_2017C104.pdf.coredownload.pdf
https://www.clpgroup.com/content/dam/clp-group/channels/investor/document/3-3-financial-reports/2017/c_2017C105.pdf.coredownload.pdf
https://www.clpgroup.com/content/dam/clp-group/channels/investor/document/3-3-financial-reports/2017/c_2017C106.pdf.coredownload.pdf
https://www.clpgroup.com/content/dam/clp-group/channels/investor/document/3-3-financial-reports/2017/c_2017C107.pdf.coredownload.pdf
https://www.clpgroup.com/content/dam/clp-group/channels/investor/document/3-3-financial-reports/2017/c_2017C108.pdf.coredownload.pdf
https://www.clpgroup.com/content/dam/clp-group/channels/investor/document/3-3-financial-reports/2017/c_2017C109.pdf.coredownload.pdf
https://www.clpgroup.com/content/dam/clp-group/channels/investor/document/3-3-financial-reports/2017/c_2017C110.pdf.coredownload.pdf
https://www.clpgroup.com/content/dam/clp-group/channels/investor/document/3-3-financial-reports/2017/c_2017C111.pdf.coredownload.pdf
https://www.clpgroup.com/content/dam/clp-group/channels/investor/document/3-3-financial-reports/2017/c_2017C112.pdf.coredownload.pdf
https://www.clpgroup.com/content/dam/clp-group/channels/investor/document/3-3-financial-reports/2017/c_2017C113.pdf.coredownload.pdf
https://www.clpgroup.com/content/dam/clp-group/channels/investor/document/3-3-financial-reports/2017/c_2017C114.pdf.coredownload.pdf
https://www.clpgroup.com/content/dam/clp-group/channels/investor/document/3-3-financial-reports/2017/c_2017C115.pdf.coredownload.pdf
https://www.clpgroup.com/content/dam/clp-group/channels/investor/document/3-3-financial-reports/2017/c_2017C116.pdf.coredownload.pdf
https://www.clpgroup.com/content/dam/clp-group/channels/investor/document/3-3-financial-reports/2017/c_3rd%20Quarterly%20Statement%20(announcement%20version)%20(Final%202017).pdf.coredownload.pdf
https://www.clpgroup.com/content/dam/clp-group/channels/investor/document/3-3-financial-reports/2017/e_1st%20Quarterly%20Statement%20(announcement%20version)%20(20170510).pdf.coredownload.pdf
https://www.clpgroup.com/content/dam/clp-group/channels/investor/document/3-3-financial-reports/2017/e_2017%20Annual%20Report.pdf.coredownload.pdf
https://www.clpgroup.com/content/dam/clp-group/channels/investor/document/3-3-financial-reports/2017/E_2017%20Interim%20Report.pdf.coredownload.pdf
https://www.clpgroup.com/content/dam/clp-group/channels/investor/document/3-3-financial-reports/2017/e_2017E101.pdf.coredownload.pdf
https://www.clpgroup.com/content/dam/clp-group/channels/investor/document/3-3-financial-reports/2017/e_2017E102.pdf.coredownload.pdf
https://www.clpgroup.com/content/dam/clp-group/channels/investor/document/3-3-financial-reports/2017/e_2017E103.pdf.coredownload.pdf
https://www.clpgroup.com/content/dam/clp-group/channels/investor/document/3-3-financial-reports/2017/e_2017E104.pdf.coredownload.pdf
https://www.clpgroup.com/content/dam/clp-group/channels/investor/document/3-3-financial-reports/2017/e_2017E105.pdf.coredownload.pdf
https://www.clpgroup.com/content/dam/clp-group/channels/investor/document/3-3-financial-reports/2017/e_2017E106.pdf.coredownload.pdf
https://www.clpgroup.com/content/dam/clp-group/channels/investor/document/3-3-financial-reports/2017/e_2017E107.pdf.coredownload.pdf
https://www.clpgroup.com/content/dam/clp-group/channels/investor/document/3-3-financial-reports/2017/e_2017E108.pdf.coredownload.pdf
https://www.clpgroup.com/content/dam/clp-group/channels/investor/document/3-3-financial-reports/2017/e_2017E109.pdf.coredownload.pdf
https://www.clpgroup.com/content/dam/clp-group/channels/investor/document/3-3-financial-reports/2017/e_2017E110.pdf.coredownload.pdf
https://www.clpgroup.com/content/dam/clp-group/channels/investor/document/3-3-financial-reports/2017/e_2017E111.pdf.coredownload.pdf
https://www.clpgroup.com/content/dam/clp-group/channels/investor/document/3-3-financial-reports/2017/e_2017E112.pdf.coredownload.pdf
https://www.clpgroup.com/content/dam/clp-group/channels/investor/document/3-3-financial-reports/2017/e_2017E113.pdf.coredownload.pdf
https://www.clpgroup.com/content/dam/clp-group/channels/investor/document/3-3-financial-reports/2017/e_2017E114.pdf.coredownload.pdf
https://www.clpgroup.com/content/dam/clp-group/channels/investor/document/3-3-financial-reports/2017/e_2017E115.pdf.coredownload.pdf
https://www.clpgroup.com/content/dam/clp-group/channels/investor/document/3-3-financial-reports/2017/e_2017E116.pdf.coredownload.pdf
https://www.clpgroup.com/content/dam/clp-group/channels/investor/document/3-3-financial-reports/2017/e_3rd%20Quarterly%20Statement%20(announcement%20version)%20(20171013)%20(1530).pdf.coredownload.pdf
https://www.clpgroup.com/content/dam/clp-group/channels/investor/document/3-3-financial-reports/2018/c_1st%20Quarterly%20Statement%20(announcement%20version)%20(20180511).pdf.coredownload.pdf
https://www.clpgroup.com/content/dam/clp-group/channels/investor/document/3-3-financial-reports/2018/c_2018%20Annual%20Report.pdf.coredownload.pdf
https://www.clpgroup.com/content/dam/clp-group/channels/investor/document/3-3-financial-reports/2018/C_2018%20Interim%20Report.pdf.coredownload.pdf
https://www.clpgroup.com/content/dam/clp-group/channels/investor/document/3-3-financial-reports/2018/c_2018C101.pdf.coredownload.pdf
https://www.clpgroup.com/content/dam/clp-group/channels/investor/document/3-3-financial-reports/2018/c_2018C102.pdf.coredownload.pdf
https://www.clpgroup.com/content/dam/clp-group/channels/investor/document/3-3-financial-reports/2018/c_2018C103.pdf.coredownload.pdf
https://www.clpgroup.com/content/dam/clp-group/channels/investor/document/3-3-financial-reports/2018/c_2018C104.pdf.coredownload.pdf
https://www.clpgroup.com/content/dam/clp-group/channels/investor/document/3-3-financial-reports/2018/c_2018C105.pdf.coredownload.pdf
https://www.clpgroup.com/content/dam/clp-group/channels/investor/document/3-3-financial-reports/2018/c_2018C106.pdf.coredownload.pdf
https://www.clpgroup.com/content/dam/clp-group/channels/investor/document/3-3-financial-reports/2018/c_2018C107.pdf.coredownload.pdf
https://www.clpgroup.com/content/dam/clp-group/channels/investor/document/3-3-financial-reports/2018/c_2018C108.pdf.coredownload.pdf
https://www.clpgroup.com/content/dam/clp-group/channels/investor/document/3-3-financial-reports/2018/c_2018C109.pdf.coredownload.pdf
https://www.clpgroup.com/content/dam/clp-group/channels/investor/document/3-3-financial-reports/2018/c_2018C110.pdf.coredownload.pdf
https://www.clpgroup.com/content/dam/clp-group/channels/investor/document/3-3-financial-reports/2018/c_2018C111.pdf.coredownload.pdf
https://www.clpgroup.com/content/dam/clp-group/channels/investor/document/3-3-financial-reports/2018/c_2018C112.pdf.coredownload.pdf
https://www.clpgroup.com/content/dam/clp-group/channels/investor/document/3-3-financial-reports/2018/c_2018C113.pdf.coredownload.pdf
https://www.clpgroup.com/content/dam/clp-group/channels/investor/document/3-3-financial-reports/2018/c_2018C114.pdf.coredownload.pdf
https://www.clpgroup.com/content/dam/clp-group/channels/investor/document/3-3-financial-reports/2018/c_2018C115.pdf.coredownload.pdf
https://www.clpgroup.com/content/dam/clp-group/channels/investor/document/3-3-financial-reports/2018/c_2018C116.pdf.coredownload.pdf
https://www.clpgroup.com/content/dam/clp-group/channels/investor/document/3-3-financial-reports/2018/c_3rd%20Quarterly%20Statement%20(2018)%20(Final).pdf.coredownload.pdf
https://www.clpgroup.com/content/dam/clp-group/channels/investor/document/3-3-financial-reports/2018/e_1st%20Quarterly%20Statement%20(announcement%20version)%20(20180511).pdf.coredownload.pdf
https://www.clpgroup.com/content/dam/clp-group/channels/investor/document/3-3-financial-reports/2018/e_2018%20Annual%20Report.pdf.coredownload.pdf
https://www.clpgroup.com/content/dam/clp-group/channels/investor/document/3-3-financial-reports/2018/E_2018%20Interim%20Report.pdf.coredownload.pdf
https://www.clpgroup.com/content/dam/clp-group/channels/investor/document/3-3-financial-reports/2018/e_2018E%20114.pdf.coredownload.pdf
https://www.clpgroup.com/content/dam/clp-group/channels/investor/document/3-3-financial-reports/2018/e_2018E101.pdf.coredownload.pdf
https://www.clpgroup.com/content/dam/clp-group/channels/investor/document/3-3-financial-reports/2018/e_2018E102.pdf.coredownload.pdf
https://www.clpgroup.com/content/dam/clp-group/channels/investor/document/3-3-financial-reports/2018/e_2018E103.pdf.coredownload.pdf
https://www.clpgroup.com/content/dam/clp-group/channels/investor/document/3-3-financial-reports/2018/e_2018E104.pdf.coredownload.pdf
https://www.clpgroup.com/content/dam/clp-group/channels/investor/document/3-3-financial-reports/2018/e_2018E105.pdf.coredownload.pdf
https://www.clpgroup.com/content/dam/clp-group/channels/investor/document/3-3-financial-reports/2018/e_2018E106.pdf.coredownload.pdf
https://www.clpgroup.com/content/dam/clp-group/channels/investor/document/3-3-financial-reports/2018/e_2018E107.pdf.coredownload.pdf
https://www.clpgroup.com/content/dam/clp-group/channels/investor/document/3-3-financial-reports/2018/e_2018E108.pdf.coredownload.pdf
https://www.clpgroup.com/content/dam/clp-group/channels/investor/document/3-3-financial-reports/2018/e_2018E109.pdf.coredownload.pdf
https://www.clpgroup.com/content/dam/clp-group/channels/investor/document/3-3-financial-reports/2018/e_2018E110.pdf.coredownload.pdf
https://www.clpgroup.com/content/dam/clp-group/channels/investor/document/3-3-financial-reports/2018/e_2018E111.pdf.coredownload.pdf
https://www.clpgroup.com/content/dam/clp-group/channels/investor/document/3-3-financial-reports/2018/e_2018E112.pdf.coredownload.pdf
https://www.clpgroup.com/content/dam/clp-group/channels/investor/document/3-3-financial-reports/2018/e_2018E113.pdf.coredownload.pdf
https://www.clpgroup.com/content/dam/clp-group/channels/investor/document/3-3-financial-reports/2018/e_2018E115.pdf.coredownload.pdf
https://www.clpgroup.com/content/dam/clp-group/channels/investor/document/3-3-financial-reports/2018/e_2018E116.pdf.coredownload.pdf
https://www.clpgroup.com/content/dam/clp-group/channels/investor/document/3-3-financial-reports/2018/e_3rd%20Quarterly%20Statement%20(2018)%20(Final).pdf.coredownload.pdf
https://www.clpgroup.com/content/dam/clp-group/channels/investor/document/3-3-financial-reports/2019/c_1st%20Quarterly%20Statement%20(announcement%20version)%20(20190506).pdf.coredownload.pdf
https://www.clpgroup.com/content/dam/clp-group/channels/investor/document/3-3-financial-reports/2019/C_2019%20Interim%20Report.pdf.coredownload.pdf
https://www.clpgroup.com/content/dam/clp-group/channels/investor/document/3-3-financial-reports/2019/C_2019Annual%20Report.pdf.coredownload.pdf
https://www.clpgroup.com/content/dam/clp-group/channels/investor/document/3-3-financial-reports/2019/c_2019C101.pdf.coredownload.pdf
https://www.clpgroup.com/content/dam/clp-group/channels/investor/document/3-3-financial-reports/2019/c_2019C102.pdf.coredownload.pdf
https://www.clpgroup.com/content/dam/clp-group/channels/investor/document/3-3-financial-reports/2019/c_2019C103.pdf.coredownload.pdf
https://www.clpgroup.com/content/dam/clp-group/channels/investor/document/3-3-financial-reports/2019/c_2019C104.pdf.coredownload.pdf
https://www.clpgroup.com/content/dam/clp-group/channels/investor/document/3-3-financial-reports/2019/c_2019C105.pdf.coredownload.pdf
https://www.clpgroup.com/content/dam/clp-group/channels/investor/document/3-3-financial-reports/2019/c_2019C106.pdf.coredownload.pdf
https://www.clpgroup.com/content/dam/clp-group/channels/investor/document/3-3-financial-reports/2019/c_2019C107.pdf.coredownload.pdf
https://www.clpgroup.com/content/dam/clp-group/channels/investor/document/3-3-financial-reports/2019/c_2019C108.pdf.coredownload.pdf
https://www.clpgroup.com/content/dam/clp-group/channels/investor/document/3-3-financial-reports/2019/c_2019C109.pdf.coredownload.pdf
https://www.clpgroup.com/content/dam/clp-group/channels/investor/document/3-3-financial-reports/2019/c_2019C110.pdf.coredownload.pdf
https://www.clpgroup.com/content/dam/clp-group/channels/investor/document/3-3-financial-reports/2019/c_2019C111.pdf.coredownload.pdf
https://www.clpgroup.com/content/dam/clp-group/channels/investor/document/3-3-financial-reports/2019/c_2019C112.pdf.coredownload.pdf
https://www.clpgroup.com/content/dam/clp-group/channels/investor/document/3-3-financial-reports/2019/c_2019C113.pdf.coredownload.pdf
https://www.clpgroup.com/content/dam/clp-group/channels/investor/document/3-3-financial-reports/2019/c_2019C114.pdf.coredownload.pdf
https://www.clpgroup.com/content/dam/clp-group/channels/investor/document/3-3-financial-reports/2019/c_2019C115.pdf.coredownload.pdf
https://www.clpgroup.com/content/dam/clp-group/channels/investor/document/3-3-financial-reports/2019/c_2019C116.pdf.coredownload.pdf
https://www.clpgroup.com/content/dam/clp-group/channels/investor/document/3-3-financial-reports/2019/c_2019C117.pdf.coredownload.pdf
https://www.clpgroup.com/content/dam/clp-group/channels/investor/document/3-3-financial-reports/2019/c_2019C118.pdf.coredownload.pdf
https://www.clpgroup.com/content/dam/clp-group/channels/investor/document/3-3-financial-reports/2019/c_2019C119.pdf.coredownload.pdf
https://www.clpgroup.com/content/dam/clp-group/channels/investor/document/3-3-financial-reports/2019/c_3rd%20Quarterly%20Statement%20(announcement%20version)%20(20191017).pdf.coredownload.pdf
https://www.clpgroup.com/content/dam/clp-group/channels/investor/document/3-3-financial-reports/2019/e_1st%20Quarterly%20Statement%20(announcement%20version)%20(20190506).pdf.coredownload.pdf
https://www.clpgroup.com/content/dam/clp-group/channels/investor/document/3-3-financial-reports/2019/E_2019%20Interim%20Report.pdf.coredownload.pdf
https://www.clpgroup.com/content/dam/clp-group/channels/investor/document/3-3-financial-reports/2019/e_2019Annual%20Report.pdf.coredownload.pdf
https://www.clpgroup.com/content/dam/clp-group/channels/investor/document/3-3-financial-reports/2019/e_2019E101.pdf.coredownload.pdf
https://www.clpgroup.com/content/dam/clp-group/channels/investor/document/3-3-financial-reports/2019/e_2019E102.pdf.coredownload.pdf
https://www.clpgroup.com/content/dam/clp-group/channels/investor/document/3-3-financial-reports/2019/e_2019E103.pdf.coredownload.pdf
https://www.clpgroup.com/content/dam/clp-group/channels/investor/document/3-3-financial-reports/2019/e_2019E104.pdf.coredownload.pdf
https://www.clpgroup.com/content/dam/clp-group/channels/investor/document/3-3-financial-reports/2019/e_2019E105.pdf.coredownload.pdf
https://www.clpgroup.com/content/dam/clp-group/channels/investor/document/3-3-financial-reports/2019/e_2019E106.pdf.coredownload.pdf
https://www.clpgroup.com/content/dam/clp-group/channels/investor/document/3-3-financial-reports/2019/e_2019E107.pdf.coredownload.pdf
https://www.clpgroup.com/content/dam/clp-group/channels/investor/document/3-3-financial-reports/2019/e_2019E108.pdf.coredownload.pdf
https://www.clpgroup.com/content/dam/clp-group/channels/investor/document/3-3-financial-reports/2019/e_2019E109.pdf.coredownload.pdf
https://www.clpgroup.com/content/dam/clp-group/channels/investor/document/3-3-financial-reports/2019/e_2019E110.pdf.coredownload.pdf
https://www.clpgroup.com/content/dam/clp-group/channels/investor/document/3-3-financial-reports/2019/e_2019E111.pdf.coredownload.pdf
https://www.clpgroup.com/content/dam/clp-group/channels/investor/document/3-3-financial-reports/2019/e_2019E112.pdf.coredownload.pdf
https://www.clpgroup.com/content/dam/clp-group/channels/investor/document/3-3-financial-reports/2019/e_2019E113.pdf.coredownload.pdf
https://www.clpgroup.com/content/dam/clp-group/channels/investor/document/3-3-financial-reports/2019/e_2019E114.pdf.coredownload.pdf
https://www.clpgroup.com/content/dam/clp-group/channels/investor/document/3-3-financial-reports/2019/e_2019E115.pdf.coredownload.pdf
https://www.clpgroup.com/content/dam/clp-group/channels/investor/document/3-3-financial-reports/2019/e_2019E116.pdf.coredownload.pdf
https://www.clpgroup.com/content/dam/clp-group/channels/investor/document/3-3-financial-reports/2019/e_2019E117.pdf.coredownload.pdf
https://www.clpgroup.com/content/dam/clp-group/channels/investor/document/3-3-financial-reports/2019/e_2019E118.pdf.coredownload.pdf
https://www.clpgroup.com/content/dam/clp-group/channels/investor/document/3-3-financial-reports/2019/e_2019E119.pdf.coredownload.pdf
https://www.clpgroup.com/content/dam/clp-group/channels/investor/document/3-3-financial-reports/2019/e_3rd%20Quarterly%20Statement%20(announcement%20version)%20(20191017).pdf.coredownload.pdf
https://www.clpgroup.com/content/dam/clp-group/channels/investor/document/3-3-financial-reports/2020/c_1st%20Quarterly%20Statement%20(announcement%20version)%20(20200508).pdf.coredownload.pdf
https://www.clpgroup.com/content/dam/clp-group/channels/investor/document/3-3-financial-reports/2020/c_2020%20Interim%20Report.pdf.coredownload.pdf
https://www.clpgroup.com/content/dam/clp-group/channels/investor/document/3-3-financial-reports/2020/c_2020Annual%20Report.pdf
https://www.clpgroup.com/content/dam/clp-group/channels/investor/document/3-3-financial-reports/2020/c_2020Annual%20Report.pdf.coredownload.pdf
https://www.clpgroup.com/content/dam/clp-group/channels/investor/document/3-3-financial-reports/2020/c_2020C101.pdf.coredownload.pdf
https://www.clpgroup.com/content/dam/clp-group/channels/investor/document/3-3-financial-reports/2020/c_2020C102.pdf.coredownload.pdf
https://www.clpgroup.com/content/dam/clp-group/channels/investor/document/3-3-financial-reports/2020/c_2020C103.pdf.coredownload.pdf
https://www.clpgroup.com/content/dam/clp-group/channels/investor/document/3-3-financial-reports/2020/c_2020C104.pdf.coredownload.pdf
https://www.clpgroup.com/content/dam/clp-group/channels/investor/document/3-3-financial-reports/2020/c_2020C105.pdf.coredownload.pdf
https://www.clpgroup.com/content/dam/clp-group/channels/investor/document/3-3-financial-reports/2020/c_2020C106.pdf.coredownload.pdf
https://www.clpgroup.com/content/dam/clp-group/channels/investor/document/3-3-financial-reports/2020/c_2020C107.pdf.coredownload.pdf
https://www.clpgroup.com/content/dam/clp-group/channels/investor/document/3-3-financial-reports/2020/c_2020C108.pdf.coredownload.pdf
https://www.clpgroup.com/content/dam/clp-group/channels/investor/document/3-3-financial-reports/2020/c_2020C109.pdf.coredownload.pdf
https://www.clpgroup.com/content/dam/clp-group/channels/investor/document/3-3-financial-reports/2020/c_2020C110.pdf.coredownload.pdf
https://www.clpgroup.com/content/dam/clp-group/channels/investor/document/3-3-financial-reports/2020/c_2020C111.pdf.coredownload.pdf
https://www.clpgroup.com/content/dam/clp-group/channels/investor/document/3-3-financial-reports/2020/c_2020C112.pdf.coredownload.pdf
https://www.clpgroup.com/content/dam/clp-group/channels/investor/document/3-3-financial-reports/2020/c_2020C113.pdf.coredownload.pdf
https://www.clpgroup.com/content/dam/clp-group/channels/investor/document/3-3-financial-reports/2020/c_2020C114.pdf.coredownload.pdf
https://www.clpgroup.com/content/dam/clp-group/channels/investor/document/3-3-financial-reports/2020/c_2020C115.pdf.coredownload.pdf
https://www.clpgroup.com/content/dam/clp-group/channels/investor/document/3-3-financial-reports/2020/c_2020C116.pdf.coredownload.pdf
https://www.clpgroup.com/content/dam/clp-group/channels/investor/document/3-3-financial-reports/2020/c_2020C117.pdf.coredownload.pdf
https://www.clpgroup.com/content/dam/clp-group/channels/investor/document/3-3-financial-reports/2020/c_2020C118.pdf.coredownload.pdf
https://www.clpgroup.com/content/dam/clp-group/channels/investor/document/3-3-financial-reports/2020/c_2020C119.pdf.coredownload.pdf
https://www.clpgroup.com/content/dam/clp-group/channels/investor/document/3-3-financial-reports/2020/c_2020Q3%20(announcement%20version)_final.pdf.coredownload.pdf
https://www.clpgroup.com/content/dam/clp-group/channels/investor/document/3-3-financial-reports/2020/e_1st%20Quarterly%20Statement%20(announcement%20version)%20(20200508).pdf.coredownload.pdf
https://www.clpgroup.com/content/dam/clp-group/channels/investor/document/3-3-financial-reports/2020/e_2020%20Interim%20Report.pdf.coredownload.pdf
https://www.clpgroup.com/content/dam/clp-group/channels/investor/document/3-3-financial-reports/2020/e_2020Annual%20Report.pdf
https://www.clpgroup.com/content/dam/clp-group/channels/investor/document/3-3-financial-reports/2020/e_2020Annual%20Report.pdf.coredownload.pdf
https://www.clpgroup.com/content/dam/clp-group/channels/investor/document/3-3-financial-reports/2020/e_2020E101.pdf.coredownload.pdf
https://www.clpgroup.com/content/dam/clp-group/channels/investor/document/3-3-financial-reports/2020/e_2020E102.pdf.coredownload.pdf
https://www.clpgroup.com/content/dam/clp-group/channels/investor/document/3-3-financial-reports/2020/e_2020E103.pdf.coredownload.pdf
https://www.clpgroup.com/content/dam/clp-group/channels/investor/document/3-3-financial-reports/2020/e_2020E104.pdf.coredownload.pdf
https://www.clpgroup.com/content/dam/clp-group/channels/investor/document/3-3-financial-reports/2020/e_2020E105.pdf.coredownload.pdf
https://www.clpgroup.com/content/dam/clp-group/channels/investor/document/3-3-financial-reports/2020/e_2020E106.pdf.coredownload.pdf
https://www.clpgroup.com/content/dam/clp-group/channels/investor/document/3-3-financial-reports/2020/e_2020E107.pdf.coredownload.pdf
https://www.clpgroup.com/content/dam/clp-group/channels/investor/document/3-3-financial-reports/2020/e_2020E108.pdf.coredownload.pdf
https://www.clpgroup.com/content/dam/clp-group/channels/investor/document/3-3-financial-reports/2020/e_2020E109.pdf.coredownload.pdf
https://www.clpgroup.com/content/dam/clp-group/channels/investor/document/3-3-financial-reports/2020/e_2020E110.pdf.coredownload.pdf
https://www.clpgroup.com/content/dam/clp-group/channels/investor/document/3-3-financial-reports/2020/e_2020E111.pdf.coredownload.pdf
https://www.clpgroup.com/content/dam/clp-group/channels/investor/document/3-3-financial-reports/2020/e_2020E112.pdf.coredownload.pdf
https://www.clpgroup.com/content/dam/clp-group/channels/investor/document/3-3-financial-reports/2020/e_2020E113.pdf.coredownload.pdf
https://www.clpgroup.com/content/dam/clp-group/channels/investor/document/3-3-financial-reports/2020/e_2020E114.pdf.coredownload.pdf
https://www.clpgroup.com/content/dam/clp-group/channels/investor/document/3-3-financial-reports/2020/e_2020E115.pdf.coredownload.pdf
https://www.clpgroup.com/content/dam/clp-group/channels/investor/document/3-3-financial-reports/2020/e_2020E116.pdf.coredownload.pdf
https://www.clpgroup.com/content/dam/clp-group/channels/investor/document/3-3-financial-reports/2020/e_2020E117.pdf.coredownload.pdf
https://www.clpgroup.com/content/dam/clp-group/channels/investor/document/3-3-financial-reports/2020/e_2020E118.pdf.coredownload.pdf
https://www.clpgroup.com/content/dam/clp-group/channels/investor/document/3-3-financial-reports/2020/e_2020E119.pdf.coredownload.pdf
https://www.clpgroup.com/content/dam/clp-group/channels/investor/document/3-3-financial-reports/2020/e_2020Q3%20(announcement%20version)_final.pdf.coredownload.pdf
https://www.clpgroup.com/content/dam/clp-group/channels/investor/document/3-3-financial-reports/2021/c_2021_1Q_typeset.pdf.coredownload.pdf
https://www.clpgroup.com/content/dam/clp-group/channels/investor/document/3-3-financial-reports/2021/c_2021%20Interim%20Report.pdf
https://www.clpgroup.com/content/dam/clp-group/channels/investor/document/3-3-financial-reports/2021/c_2021%20Interim%20Report.pdf.coredownload.pdf
https://www.clpgroup.com/content/dam/clp-group/channels/investor/document/3-3-financial-reports/2021/c_2021Q1%20(announcement%20version)_final.pdf.coredownload.pdf
https://www.clpgroup.com/content/dam/clp-group/channels/investor/document/3-3-financial-reports/2021/c_3rd%20Quarterly%20Statement%20(announcement%20version)_final.pdf.coredownload.pdf
https://www.clpgroup.com/content/dam/clp-group/channels/investor/document/3-3-financial-reports/2021/c00002.pdf.coredownload.pdf
https://www.clpgroup.com/content/dam/clp-group/channels/investor/document/3-3-financial-reports/2021/e_20201_1Q_typeset.pdf.coredownload.pdf
https://www.clpgroup.com/content/dam/clp-group/channels/investor/document/3-3-financial-reports/2021/e_2021%20Interim%20Report.pdf
https://www.clpgroup.com/content/dam/clp-group/channels/investor/document/3-3-financial-reports/2021/e_2021%20Interim%20Report.pdf.coredownload.pdf
https://www.clpgroup.com/content/dam/clp-group/channels/investor/document/3-3-financial-reports/2021/e_2021Q1%20(announcement%20version)_final.pdf.coredownload.pdf
https://www.clpgroup.com/content/dam/clp-group/channels/investor/document/3-3-financial-reports/2021/e_3rd%20Quarterly%20Statement%20(announcement%20version)_final.pdf.coredownload.pdf
https://www.clpgroup.com/content/dam/clp-group/channels/investor/document/3-3-financial-reports/2021/e00002.pdf.coredownload.pdf
https://www.clpgroup.com/content/dam/clp-group/channels/investor/document/3-3-financial-reports/ams/Accountign%20mini-series%20En.pdf.coredownload.pdf
https://www.clpgroup.com/content/dam/clp-group/channels/investor/document/3-3-financial-reports/ams/BusCombinations(CLP%20Business%20C_1521).pdf.coredownload.pdf
https://www.clpgroup.com/content/dam/clp-group/channels/investor/document/3-3-financial-reports/ams/BusCombinations(CLP%20Business%20E_1527).pdf.coredownload.pdf
https://www.clpgroup.com/content/dam/clp-group/channels/investor/document/3-3-financial-reports/ams/CLP%202018AR%20C%20Accounting%20Miniseries.pdf.coredownload.pdf
https://www.clpgroup.com/content/dam/clp-group/channels/investor/document/3-3-financial-reports/ams/CLP%202018AR%20E%20Accounting%20Miniseries.pdf.coredownload.pdf
https://www.clpgroup.com/content/dam/clp-group/channels/investor/document/3-3-financial-reports/ams/CLP%202020AR%20Accounting%20Mini-series%20(Chinese).pdf.coredownload.pdf
https://www.clpgroup.com/content/dam/clp-group/channels/investor/document/3-3-financial-reports/ams/CLP%202020AR%20Accounting%20Mini-series%20(English).pdf.coredownload.pdf
https://www.clpgroup.com/content/dam/clp-group/channels/investor/document/3-3-financial-reports/ams/CLP%20Liability%20or%20Equity%20C_1120.pdf.coredownload.pdf
https://www.clpgroup.com/content/dam/clp-group/channels/investor/document/3-3-financial-reports/ams/CLP%20Liability%20or%20Equity%20E_1119.pdf.coredownload.pdf
https://www.clpgroup.com/content/dam/clp-group/channels/investor/document/3-3-financial-reports/ams/Deferred%20Tax%20C_1450.pdf.coredownload.pdf
https://www.clpgroup.com/content/dam/clp-group/channels/investor/document/3-3-financial-reports/ams/Deferred%20Tax%20E_1450.pdf.coredownload.pdf
https://www.clpgroup.com/content/dam/clp-group/channels/investor/document/3-3-financial-reports/ams/Fair%20value%20derivatives%20and%20hedging%20(2008)R_Chinese.pdf.coredownload.pdf
https://www.clpgroup.com/content/dam/clp-group/channels/investor/document/3-3-financial-reports/ams/Fair%20value%20derivatives%20and%20hedging%20(2008)R.pdf.coredownload.pdf
https://www.clpgroup.com/content/dam/clp-group/channels/investor/document/3-3-financial-reports/ams/Financial%20statements%20decoded%20(2011)R_Chinese.pdf.coredownload.pdf
https://www.clpgroup.com/content/dam/clp-group/channels/investor/document/3-3-financial-reports/ams/Financial%20statements%20decoded%20(2011)R.pdf.coredownload.pdf
https://www.clpgroup.com/content/dam/clp-group/channels/investor/document/3-3-financial-reports/ams/Foreign%20currency%20transaction%20and%20translation%20Chi.pdf.coredownload.pdf
https://www.clpgroup.com/content/dam/clp-group/channels/investor/document/3-3-financial-reports/ams/HAR1711006_C_CLP(1155)13230-13235%20s059.pdf.coredownload.pdf
https://www.clpgroup.com/content/dam/clp-group/channels/investor/document/3-3-financial-reports/ams/HAR1711006_E_CLP(1155)13230-13235%20s059.pdf.coredownload.pdf
https://www.clpgroup.com/content/dam/clp-group/channels/investor/document/3-3-financial-reports/ams/Impairment%20(2009)R_Chinese.pdf.coredownload.pdf
https://www.clpgroup.com/content/dam/clp-group/channels/investor/document/3-3-financial-reports/ams/Impairment%20(2009)R.pdf.coredownload.pdf
https://www.clpgroup.com/content/dam/clp-group/channels/investor/document/3-3-financial-reports/ams/New%20hedge%20accounting%20(2016).pdf.coredownload.pdf
https://www.clpgroup.com/content/dam/clp-group/channels/investor/document/3-3-financial-reports/ams/New%20hedge%20accounting%20model%20(2016)R_Chinese.pdf.coredownload.pdf
https://www.clpgroup.com/content/dam/clp-group/channels/investor/document/3-3-financial-reports/ams/New%20Lease%20Accounting%20(2019)_Chinese.pdf.coredownload.pdf
https://www.clpgroup.com/content/dam/clp-group/channels/investor/document/3-3-financial-reports/ams/New%20lease%20accounting%20(2019).pdf.coredownload.pdf
https://www.clpgroup.com/content/dam/clp-group/channels/investor/document/3-3-financial-reports/ams/Provision%20and%20contigent%20liability%20(2010)R_Chinese.pdf.coredownload.pdf
https://www.clpgroup.com/content/dam/clp-group/channels/investor/document/3-3-financial-reports/ams/Provision%20and%20contigent%20liablity%20(2010)R.pdf.coredownload.pdf
https://www.clpgroup.com/content/dam/clp-group/channels/investor/document/3-4-announcements-circulars/2016/C_IR2016_Green.pdf.coredownload.pdf
https://www.clpgroup.com/content/dam/clp-group/channels/investor/document/3-4-announcements-circulars/2016/E_IR2016_Green.pdf.coredownload.pdf
https://www.clpgroup.com/content/dam/clp-group/channels/investor/document/3-4-announcements-circulars/2017/C_AR2016_Green.pdf.coredownload.pdf
https://www.clpgroup.com/content/dam/clp-group/channels/investor/document/3-4-announcements-circulars/2017/C_IR2017_Green.pdf.coredownload.pdf
https://www.clpgroup.com/content/dam/clp-group/channels/investor/document/3-4-announcements-circulars/2017/E_AR2016_Green.pdf.coredownload.pdf
https://www.clpgroup.com/content/dam/clp-group/channels/investor/document/3-4-announcements-circulars/2017/E_IR2017_Green.pdf.coredownload.pdf
https://www.clpgroup.com/content/dam/clp-group/channels/investor/document/3-4-announcements-circulars/2018/C_CLP_Letter_%20Green.pdf.coredownload.pdf
https://www.clpgroup.com/content/dam/clp-group/channels/investor/document/3-4-announcements-circulars/2018/C_CLP_Letter_Green.pdf.coredownload.pdf
https://www.clpgroup.com/content/dam/clp-group/channels/investor/document/3-4-announcements-circulars/2018/E_CLP_Letter_%20Green.pdf.coredownload.pdf
https://www.clpgroup.com/content/dam/clp-group/channels/investor/document/3-4-announcements-circulars/2018/E_CLP_Letter_Green.pdf.coredownload.pdf
https://www.clpgroup.com/content/dam/clp-group/channels/investor/document/3-4-announcements-circulars/2019/C_CLP_Letter_%20Green.pdf.coredownload.pdf
https://www.clpgroup.com/content/dam/clp-group/channels/investor/document/3-4-announcements-circulars/2019/C_CLP_Letter_Green.pdf.coredownload.pdf
https://www.clpgroup.com/content/dam/clp-group/channels/investor/document/3-4-announcements-circulars/2019/E_CLP_Letter_%20Green.pdf.coredownload.pdf
https://www.clpgroup.com/content/dam/clp-group/channels/investor/document/3-4-announcements-circulars/2019/E_CLP_Letter_Green.pdf.coredownload.pdf
https://www.clpgroup.com/content/dam/clp-group/channels/investor/document/3-4-announcements-circulars/2020/C_CLP_Letter_Green.pdf.coredownload.pdf
https://www.clpgroup.com/content/dam/clp-group/channels/investor/document/3-4-announcements-circulars/2020/E_CLP_Letter_Green.pdf.coredownload.pdf
https://www.clpgroup.com/content/dam/clp-group/channels/investor/document/3-9-climate-action-finance-framework/2017_CA_Finance_Report_en.pdf.coredownload.pdf
https://www.clpgroup.com/content/dam/clp-group/channels/investor/document/3-9-climate-action-finance-framework/2017_CA_Finance_Report_tc.pdf.coredownload.pdf
https://www.clpgroup.com/content/dam/clp-group/channels/investor/document/3-9-climate-action-finance-framework/2018_CA_Finance_Report_en.pdf.coredownload.pdf
https://www.clpgroup.com/content/dam/clp-group/channels/investor/document/3-9-climate-action-finance-framework/2018_CA_Finance_Report_tc.pdf.coredownload.pdf
https://www.clpgroup.com/content/dam/clp-group/channels/investor/document/3-9-climate-action-finance-framework/2019_CA_Finance_Report_en.pdf.coredownload.pdf
https://www.clpgroup.com/content/dam/clp-group/channels/investor/document/3-9-climate-action-finance-framework/2019_CA_Finance_Report_tc.pdf.coredownload.pdf
https://www.clpgroup.com/content/dam/clp-group/channels/investor/document/3-9-climate-action-finance-framework/2020_CA_Finance_Report_en.pdf.coredownload.pdf
https://www.clpgroup.com/content/dam/clp-group/channels/investor/document/3-9-climate-action-finance-framework/2020_CA_Finance_Report_tc.pdf.coredownload.pdf
https://www.clpgroup.com/content/dam/clp-group/channels/investor/document/3-9-climate-action-finance-framework/Assurance_Statement_CAF_Report_2020_(ENG_only).pdf.coredownload.pdf
https://www.clpgroup.com/content/dam/clp-group/channels/investor/document/3-9-climate-action-finance-framework/Assurance-Statement-CAF-Report%202017%20(ENG%20only).pdf.coredownload.pdf
https://www.clpgroup.com/content/dam/clp-group/channels/investor/document/3-9-climate-action-finance-framework/Assurance-Statement-CAF-Report%202018%20(ENG%20only).pdf.coredownload.pdf
https://www.clpgroup.com/content/dam/clp-group/channels/investor/document/3-9-climate-action-finance-framework/Assurance-Statement-CAF-Report2019_en.pdf.coredownload.pdf
https://www.clpgroup.com/content/dam/clp-group/channels/media/document/2014/20141103_en_CLP%20Extends%20Power-Saving%20Home%20Energy%20Reports%20to%202.1%20Million%20Households.pdf.coredownload.pdf
https://www.clpgroup.com/content/dam/clp-group/channels/media/document/2014/20141103_tc_CLP%20Extends%20Power-Saving%20Home%20Energy%20Reports%20to%202.1%20Million%20Households.pdf.coredownload.pdf
https://www.clpgroup.com/content/dam/clp-group/channels/media/document/2015/20150915_en_CLP%20India%20green%20bonds.pdf.coredownload.pdf
https://www.clpgroup.com/content/dam/clp-group/channels/media/document/2015/20150915_tc_CLP%20India%20green%20bonds.pdf.coredownload.pdf
https://www.clpgroup.com/content/dam/clp-group/channels/media/document/2015/CLP_media%20release_CLP%20Power%20Launches%20Major%20New%20Initiatives%20to%20Promote%20Green%20Motoring_ch.pdf.coredownload.pdf
https://www.clpgroup.com/content/dam/clp-group/channels/media/document/2015/CLP_media%20release_CLP%20Power%20Launches%20Major%20New%20Initiatives%20to%20Promote%20Green%20Motoring_en.pdf.coredownload.pdf
https://www.clpgroup.com/content/dam/clp-group/channels/sustainability/document/decarbonisation/clp-climate-vision-2050/full-report/CLP_CV2050_2021_en.pdf
https://www.clpgroup.com/content/dam/clp-group/channels/sustainability/document/decarbonisation/clp-climate-vision-2050/full-report/CLP_CV2050_2021_tc.pdf
https://www.clpgroup.com/content/dam/clp-group/channels/sustainability/document/decarbonisation/clp-climate-vision-2050/full-report/CLP_CV2050_A_more_sustainable_world_en.pdf
https://www.clpgroup.com/content/dam/clp-group/channels/sustainability/document/decarbonisation/clp-climate-vision-2050/full-report/CLP_CV2050_A_more_sustainable_world_tc.pdf
https://www.clpgroup.com/content/dam/clp-group/channels/sustainability/document/sustainability-report/2016/2016_SR_feedback_Summary_Chi.pdf.coredownload.pdf
https://www.clpgroup.com/content/dam/clp-group/channels/sustainability/document/sustainability-report/2016/2016_SR_feedback_Summary_Eng.pdf.coredownload.pdf
https://www.clpgroup.com/content/dam/clp-group/channels/sustainability/document/sustainability-report/2016/2017_CA_Finance_Report_en.pdf.coredownload.pdf
https://www.clpgroup.com/content/dam/clp-group/channels/sustainability/document/sustainability-report/2016/APS_Australia_SR2017_Hallett_tc.pdf.coredownload.pdf
https://www.clpgroup.com/content/dam/clp-group/channels/sustainability/document/sustainability-report/2016/APS_Australia_SR2017_Hallett.pdf.coredownload.pdf
https://www.clpgroup.com/content/dam/clp-group/channels/sustainability/document/sustainability-report/2016/APS_Australia_SR2017_MP_tc.pdf.coredownload.pdf
https://www.clpgroup.com/content/dam/clp-group/channels/sustainability/document/sustainability-report/2016/APS_Australia_SR2017_MP.pdf.coredownload.pdf
https://www.clpgroup.com/content/dam/clp-group/channels/sustainability/document/sustainability-report/2016/APS_Australia_SR2017_Tallawarra_tc.pdf.coredownload.pdf
https://www.clpgroup.com/content/dam/clp-group/channels/sustainability/document/sustainability-report/2016/APS_Australia_SR2017_Tallawarra.pdf.coredownload.pdf
https://www.clpgroup.com/content/dam/clp-group/channels/sustainability/document/sustainability-report/2016/APS_Australia_SR2017_Yallourn_tc.pdf.coredownload.pdf
https://www.clpgroup.com/content/dam/clp-group/channels/sustainability/document/sustainability-report/2016/APS_Australia_SR2017_Yallourn.pdf.coredownload.pdf
https://www.clpgroup.com/content/dam/clp-group/channels/sustainability/document/sustainability-report/2016/APS_China_SR2017_CLP-Laizhou-I_tc.pdf.coredownload.pdf
https://www.clpgroup.com/content/dam/clp-group/channels/sustainability/document/sustainability-report/2016/APS_China_SR2017_CLP-Laizhou-I.pdf.coredownload.pdf
https://www.clpgroup.com/content/dam/clp-group/channels/sustainability/document/sustainability-report/2016/APS_China_SR2017_Dali-Yang_er_tc.pdf.coredownload.pdf
https://www.clpgroup.com/content/dam/clp-group/channels/sustainability/document/sustainability-report/2016/APS_China_SR2017_Dali-Yang_er.pdf.coredownload.pdf
https://www.clpgroup.com/content/dam/clp-group/channels/sustainability/document/sustainability-report/2016/APS_China_SR2017_Fangchenggang-I-Il.pdf.coredownload.pdf
https://www.clpgroup.com/content/dam/clp-group/channels/sustainability/document/sustainability-report/2016/APS_China_SR2017_FCG_tc.pdf.coredownload.pdf
https://www.clpgroup.com/content/dam/clp-group/channels/sustainability/document/sustainability-report/2016/APS_China_SR2017_HJ_tc.pdf.coredownload.pdf
https://www.clpgroup.com/content/dam/clp-group/channels/sustainability/document/sustainability-report/2016/APS_China_SR2017_Huaiji.pdf.coredownload.pdf
https://www.clpgroup.com/content/dam/clp-group/channels/sustainability/document/sustainability-report/2016/APS_China_SR2017_JB_tc.pdf.coredownload.pdf
https://www.clpgroup.com/content/dam/clp-group/channels/sustainability/document/sustainability-report/2016/APS_China_SR2017_Jiangbian.pdf.coredownload.pdf
https://www.clpgroup.com/content/dam/clp-group/channels/sustainability/document/sustainability-report/2016/APS_China_SR2017_Jinchang_tc.pdf.coredownload.pdf
https://www.clpgroup.com/content/dam/clp-group/channels/sustainability/document/sustainability-report/2016/APS_China_SR2017_Jinchang.pdf.coredownload.pdf
https://www.clpgroup.com/content/dam/clp-group/channels/sustainability/document/sustainability-report/2016/APS_China_SR2017_Laiwu-I_tc.pdf.coredownload.pdf
https://www.clpgroup.com/content/dam/clp-group/channels/sustainability/document/sustainability-report/2016/APS_China_SR2017_Laiwu-I.pdf.coredownload.pdf
https://www.clpgroup.com/content/dam/clp-group/channels/sustainability/document/sustainability-report/2016/APS_China_SR2017_Penglai_tc.pdf.coredownload.pdf
https://www.clpgroup.com/content/dam/clp-group/channels/sustainability/document/sustainability-report/2016/APS_China_SR2017_Penglai.pdf.coredownload.pdf
https://www.clpgroup.com/content/dam/clp-group/channels/sustainability/document/sustainability-report/2016/APS_China_SR2017_Qianan_tc.pdf.coredownload.pdf
https://www.clpgroup.com/content/dam/clp-group/channels/sustainability/document/sustainability-report/2016/APS_China_SR2017_Qianan.pdf.coredownload.pdf
https://www.clpgroup.com/content/dam/clp-group/channels/sustainability/document/sustainability-report/2016/APS_China_SR2017_Sandu-I_tc.pdf.coredownload.pdf
https://www.clpgroup.com/content/dam/clp-group/channels/sustainability/document/sustainability-report/2016/APS_China_SR2017_Sandu-I.pdf.coredownload.pdf
https://www.clpgroup.com/content/dam/clp-group/channels/sustainability/document/sustainability-report/2016/APS_China_SR2017_Sihong_tc.pdf.coredownload.pdf
https://www.clpgroup.com/content/dam/clp-group/channels/sustainability/document/sustainability-report/2016/APS_China_SR2017_Sihong.pdf.coredownload.pdf
https://www.clpgroup.com/content/dam/clp-group/channels/sustainability/document/sustainability-report/2016/APS_China_SR2017_Xicun_tc.pdf.coredownload.pdf
https://www.clpgroup.com/content/dam/clp-group/channels/sustainability/document/sustainability-report/2016/APS_China_SR2017_Xicun.pdf.coredownload.pdf
https://www.clpgroup.com/content/dam/clp-group/channels/sustainability/document/sustainability-report/2016/APS_China_SR2017_Xundian-I_tc.pdf.coredownload.pdf
https://www.clpgroup.com/content/dam/clp-group/channels/sustainability/document/sustainability-report/2016/APS_China_SR2017_Xundian-I.pdf.coredownload.pdf
https://www.clpgroup.com/content/dam/clp-group/channels/sustainability/document/sustainability-report/2016/APS_HongKong_SR2017_BPPS_tc.pdf.coredownload.pdf
https://www.clpgroup.com/content/dam/clp-group/channels/sustainability/document/sustainability-report/2016/APS_HongKong_SR2017_BPPS.pdf.coredownload.pdf
https://www.clpgroup.com/content/dam/clp-group/channels/sustainability/document/sustainability-report/2016/APS_HongKong_SR2017_CPPS_tc.pdf.coredownload.pdf
https://www.clpgroup.com/content/dam/clp-group/channels/sustainability/document/sustainability-report/2016/APS_HongKong_SR2017_CPPS.pdf.coredownload.pdf
https://www.clpgroup.com/content/dam/clp-group/channels/sustainability/document/sustainability-report/2016/APS_HongKong_SR2017_PBPS_tc.pdf.coredownload.pdf
https://www.clpgroup.com/content/dam/clp-group/channels/sustainability/document/sustainability-report/2016/APS_HongKong_SR2017_PBPS.pdf.coredownload.pdf
https://www.clpgroup.com/content/dam/clp-group/channels/sustainability/document/sustainability-report/2016/APS_HongKong_SR2017_PSBG_tc.pdf.coredownload.pdf
https://www.clpgroup.com/content/dam/clp-group/channels/sustainability/document/sustainability-report/2016/APS_HongKong_SR2017_PSBG.pdf.coredownload.pdf
https://www.clpgroup.com/content/dam/clp-group/channels/sustainability/document/sustainability-report/2016/APS_India_SR2017_Jhajjar_tc.pdf.coredownload.pdf
https://www.clpgroup.com/content/dam/clp-group/channels/sustainability/document/sustainability-report/2016/APS_India_SR2017_Jhajjar.pdf.coredownload.pdf
https://www.clpgroup.com/content/dam/clp-group/channels/sustainability/document/sustainability-report/2016/APS_India_SR2017_Paguthan_tc.pdf.coredownload.pdf
https://www.clpgroup.com/content/dam/clp-group/channels/sustainability/document/sustainability-report/2016/APS_India_SR2017_Paguthan.pdf.coredownload.pdf
https://www.clpgroup.com/content/dam/clp-group/channels/sustainability/document/sustainability-report/2016/Assurance-Statement-CAF-Report%202017%20(ENG%20only).pdf.coredownload.pdf
https://www.clpgroup.com/content/dam/clp-group/channels/sustainability/document/sustainability-report/2016/AU01_SR16_aps_cathedralrocks_en.pdf.coredownload.pdf
https://www.clpgroup.com/content/dam/clp-group/channels/sustainability/document/sustainability-report/2016/AU01_SR16_aps_cathedralrocks_tc.pdf.coredownload.pdf
https://www.clpgroup.com/content/dam/clp-group/channels/sustainability/document/sustainability-report/2016/AU02_SR16_aps_hallett_en.pdf.coredownload.pdf
https://www.clpgroup.com/content/dam/clp-group/channels/sustainability/document/sustainability-report/2016/AU02_SR16_aps_hallett_tc.pdf.coredownload.pdf
https://www.clpgroup.com/content/dam/clp-group/channels/sustainability/document/sustainability-report/2016/AU03_SR16_aps_mountpiper_en.pdf.coredownload.pdf
https://www.clpgroup.com/content/dam/clp-group/channels/sustainability/document/sustainability-report/2016/AU03_SR16_aps_mountpiper_tc.pdf.coredownload.pdf
https://www.clpgroup.com/content/dam/clp-group/channels/sustainability/document/sustainability-report/2016/AU04_SR16_aps_tallawarra_en.pdf.coredownload.pdf
https://www.clpgroup.com/content/dam/clp-group/channels/sustainability/document/sustainability-report/2016/AU04_SR16_aps_tallawarra_tc.pdf.coredownload.pdf
https://www.clpgroup.com/content/dam/clp-group/channels/sustainability/document/sustainability-report/2016/AU05_SR16_aps_yallourn_en.pdf.coredownload.pdf
https://www.clpgroup.com/content/dam/clp-group/channels/sustainability/document/sustainability-report/2016/AU05_SR16_aps_yallourn_tc.pdf.coredownload.pdf
https://www.clpgroup.com/content/dam/clp-group/channels/sustainability/document/sustainability-report/2016/CN01_SR16_aps_daliyang_en.pdf.coredownload.pdf
https://www.clpgroup.com/content/dam/clp-group/channels/sustainability/document/sustainability-report/2016/CN01_SR16_aps_daliyang_tc.pdf.coredownload.pdf
https://www.clpgroup.com/content/dam/clp-group/channels/sustainability/document/sustainability-report/2016/CN02_SR16_aps_fangchenggang_en.pdf.coredownload.pdf
https://www.clpgroup.com/content/dam/clp-group/channels/sustainability/document/sustainability-report/2016/CN02_SR16_aps_fangchenggang_tc.pdf.coredownload.pdf
https://www.clpgroup.com/content/dam/clp-group/channels/sustainability/document/sustainability-report/2016/CN03_SR16_aps_huaiji_en.pdf.coredownload.pdf
https://www.clpgroup.com/content/dam/clp-group/channels/sustainability/document/sustainability-report/2016/CN03_SR16_aps_huaiji_tc.pdf.coredownload.pdf
https://www.clpgroup.com/content/dam/clp-group/channels/sustainability/document/sustainability-report/2016/CN04_SR16_aps_jiangbian_en.pdf.coredownload.pdf
https://www.clpgroup.com/content/dam/clp-group/channels/sustainability/document/sustainability-report/2016/CN04_SR16_aps_jiangbian_tc.pdf.coredownload.pdf
https://www.clpgroup.com/content/dam/clp-group/channels/sustainability/document/sustainability-report/2016/CN05_SR16_aps_jinchang_en.pdf.coredownload.pdf
https://www.clpgroup.com/content/dam/clp-group/channels/sustainability/document/sustainability-report/2016/CN05_SR16_aps_jinchang_tc.pdf.coredownload.pdf
https://www.clpgroup.com/content/dam/clp-group/channels/sustainability/document/sustainability-report/2016/CN06_SR16_aps_laiwu_en.pdf.coredownload.pdf
https://www.clpgroup.com/content/dam/clp-group/channels/sustainability/document/sustainability-report/2016/CN06_SR16_aps_laiwu_tc.pdf.coredownload.pdf
https://www.clpgroup.com/content/dam/clp-group/channels/sustainability/document/sustainability-report/2016/CN07_SR16_aps_penglai_en.pdf.coredownload.pdf
https://www.clpgroup.com/content/dam/clp-group/channels/sustainability/document/sustainability-report/2016/CN07_SR16_aps_penglai_tc.pdf.coredownload.pdf
https://www.clpgroup.com/content/dam/clp-group/channels/sustainability/document/sustainability-report/2016/CN08_SR16_aps_qianan_en.pdf.coredownload.pdf
https://www.clpgroup.com/content/dam/clp-group/channels/sustainability/document/sustainability-report/2016/CN08_SR16_aps_qianan_tc.pdf.coredownload.pdf
https://www.clpgroup.com/content/dam/clp-group/channels/sustainability/document/sustainability-report/2016/CN09_SR16_aps_sihong_en.pdf.coredownload.pdf
https://www.clpgroup.com/content/dam/clp-group/channels/sustainability/document/sustainability-report/2016/CN09_SR16_aps_sihong_tc.pdf.coredownload.pdf
https://www.clpgroup.com/content/dam/clp-group/channels/sustainability/document/sustainability-report/2016/CN10_SR16_aps_xicun_en.pdf.coredownload.pdf
https://www.clpgroup.com/content/dam/clp-group/channels/sustainability/document/sustainability-report/2016/CN10_SR16_aps_xicun_tc.pdf.coredownload.pdf
https://www.clpgroup.com/content/dam/clp-group/channels/sustainability/document/sustainability-report/2016/CN11_SR16_aps_xundian_en.pdf.coredownload.pdf
https://www.clpgroup.com/content/dam/clp-group/channels/sustainability/document/sustainability-report/2016/CN11_SR16_aps_xundian_tc.pdf.coredownload.pdf
https://www.clpgroup.com/content/dam/clp-group/channels/sustainability/document/sustainability-report/2016/HK01_SR16_aps_blackpoint_en.pdf.coredownload.pdf
https://www.clpgroup.com/content/dam/clp-group/channels/sustainability/document/sustainability-report/2016/HK01_SR16_aps_blackpoint_tc.pdf.coredownload.pdf
https://www.clpgroup.com/content/dam/clp-group/channels/sustainability/document/sustainability-report/2016/HK02_SR16_aps_castlepeak_en.pdf.coredownload.pdf
https://www.clpgroup.com/content/dam/clp-group/channels/sustainability/document/sustainability-report/2016/HK02_SR16_aps_castlepeak_tc.pdf.coredownload.pdf
https://www.clpgroup.com/content/dam/clp-group/channels/sustainability/document/sustainability-report/2016/HK03_SR16_aps_pennybay_en.pdf.coredownload.pdf
https://www.clpgroup.com/content/dam/clp-group/channels/sustainability/document/sustainability-report/2016/HK03_SR16_aps_pennybay_tc.pdf.coredownload.pdf
https://www.clpgroup.com/content/dam/clp-group/channels/sustainability/document/sustainability-report/2016/HK04_SR16_aps_TD_en.pdf.coredownload.pdf
https://www.clpgroup.com/content/dam/clp-group/channels/sustainability/document/sustainability-report/2016/HK04_SR16_aps_TD_tc.pdf.coredownload.pdf
https://www.clpgroup.com/content/dam/clp-group/channels/sustainability/document/sustainability-report/2016/IN01_SR16_aps_jhajjar_en.pdf.coredownload.pdf
https://www.clpgroup.com/content/dam/clp-group/channels/sustainability/document/sustainability-report/2016/IN01_SR16_aps_jhajjar_tc.pdf.coredownload.pdf
https://www.clpgroup.com/content/dam/clp-group/channels/sustainability/document/sustainability-report/2016/IN02_SR16_aps_paguthan_en.pdf.coredownload.pdf
https://www.clpgroup.com/content/dam/clp-group/channels/sustainability/document/sustainability-report/2016/IN02_SR16_aps_paguthan_tc.pdf.coredownload.pdf
https://www.clpgroup.com/content/dam/clp-group/channels/sustainability/document/sustainability-report/2016/Seleccted%20Group%20level%20data%20assurance%20statement%202017.pdf.coredownload.pdf
https://www.clpgroup.com/content/dam/clp-group/channels/sustainability/document/sustainability-report/2016/Selected%20Group%20Level%20Data%20Assurance%20Statement%202016.pdf.coredownload.pdf
https://www.clpgroup.com/content/dam/clp-group/channels/sustainability/document/sustainability-report/2016/Selected%20Group%20Level%20Data%20Assurance%20Statement%202016%20(1).pdf.coredownload.pdf
https://www.clpgroup.com/content/dam/clp-group/channels/sustainability/document/sustainability-report/2016/Selected%20Group%20Level%20Data%20Assurance%20Statement%202017.pdf.coredownload.pdf
https://www.clpgroup.com/content/dam/clp-group/channels/sustainability/document/sustainability-report/2016/SR_Full_2016_en.pdf.coredownload.pdf
https://www.clpgroup.com/content/dam/clp-group/channels/sustainability/document/sustainability-report/2016/SR_Full_2016_tc.pdf.coredownload.pdf
https://www.clpgroup.com/content/dam/clp-group/channels/sustainability/document/sustainability-report/2016/SR_In_Essence_2016_en.pdf.coredownload.pdf
https://www.clpgroup.com/content/dam/clp-group/channels/sustainability/document/sustainability-report/2016/SR_In_Essence_2016_tc.pdf.coredownload.pdf
https://www.clpgroup.com/content/dam/clp-group/channels/sustainability/document/sustainability-report/2017/2017_SR_feedback_Summary_Chi.pdf.coredownload.pdf
https://www.clpgroup.com/content/dam/clp-group/channels/sustainability/document/sustainability-report/2017/2017_SR_feedback_Summary_Eng.pdf.coredownload.pdf
https://www.clpgroup.com/content/dam/clp-group/channels/sustainability/document/sustainability-report/2017/Assurance-Statement-CAF-Report%202017%20(ENG%20only).pdf.coredownload.pdf
https://www.clpgroup.com/content/dam/clp-group/channels/sustainability/document/sustainability-report/2017/SR_Full_2017_en.pdf.coredownload.pdf
https://www.clpgroup.com/content/dam/clp-group/channels/sustainability/document/sustainability-report/2017/SR_Full_2017_tc.pdf.coredownload.pdf
https://www.clpgroup.com/content/dam/clp-group/channels/sustainability/document/sustainability-report/2017/SR_In_Essence_2017_en.pdf.coredownload.pdf
https://www.clpgroup.com/content/dam/clp-group/channels/sustainability/document/sustainability-report/2017/SR_In_Essence_2017_tc.pdf.coredownload.pdf
https://www.clpgroup.com/content/dam/clp-group/channels/sustainability/document/sustainability-report/2018/1--sustainability-reports/1--sustainability-report/2-sustainability-report-data-downloads/SR_DataandDownloads_2018_en.pdf.coredownload.pdf
https://www.clpgroup.com/content/dam/clp-group/channels/sustainability/document/sustainability-report/2018/1--sustainability-reports/1--sustainability-report/2-sustainability-report-data-downloads/SR_DataandDownloads_2018_tc.pdf.coredownload.pdf
https://www.clpgroup.com/content/dam/clp-group/channels/sustainability/document/sustainability-report/2018/1--sustainability-reports/1--sustainability-report/SR_Full_2018_en.pdf.coredownload.pdf
https://www.clpgroup.com/content/dam/clp-group/channels/sustainability/document/sustainability-report/2018/1--sustainability-reports/1--sustainability-report/SR_Full_2018_tc.pdf.coredownload.pdf
https://www.clpgroup.com/content/dam/clp-group/channels/sustainability/document/sustainability-report/2018/1--sustainability-reports/3--sustainability-review/SR_Review_2018_en.pdf.coredownload.pdf
https://www.clpgroup.com/content/dam/clp-group/channels/sustainability/document/sustainability-report/2018/1--sustainability-reports/3--sustainability-review/SR_Review_2018_tc.pdf.coredownload.pdf
https://www.clpgroup.com/content/dam/clp-group/channels/sustainability/document/sustainability-report/2018/1--sustainability-reports/4--feedback-summary/2018_SR_feedback_Summary_Chi.pdf.coredownload.pdf
https://www.clpgroup.com/content/dam/clp-group/channels/sustainability/document/sustainability-report/2018/1--sustainability-reports/4--feedback-summary/2018_SR_feedback_Summary_Eng.pdf.coredownload.pdf
https://www.clpgroup.com/content/dam/clp-group/channels/sustainability/document/sustainability-report/2018/2--supporting-documents/1---selected-group-level-data-assurance-statement-(eng-only)/Selected%20Group%20Level%20Data%20Assurance%20Statement%202018.pdf.coredownload.pdf
https://www.clpgroup.com/content/dam/clp-group/channels/sustainability/document/sustainability-report/2018/2--supporting-documents/2--climate-action-finance-report/1--report/2018_CA_Finance_Report_en.pdf.coredownload.pdf
https://www.clpgroup.com/content/dam/clp-group/channels/sustainability/document/sustainability-report/2018/2--supporting-documents/2--climate-action-finance-report/2--assurance-statement-(eng-only)/Assurance-Statement-CAF-Report%202018%20(ENG%20only).pdf.coredownload.pdf
https://www.clpgroup.com/content/dam/clp-group/channels/sustainability/document/sustainability-report/2018/2--supporting-documents/3--asset-performance-statistics-(bilingual)/1--hong-kong/1--black-point-power-station/APS_HongKong_SR2018_BPPS.pdf.coredownload.pdf
https://www.clpgroup.com/content/dam/clp-group/channels/sustainability/document/sustainability-report/2018/2--supporting-documents/3--asset-performance-statistics-(bilingual)/1--hong-kong/2--castle-peak-power-station/APS_HongKong_SR2018_CPPS.pdf.coredownload.pdf
https://www.clpgroup.com/content/dam/clp-group/channels/sustainability/document/sustainability-report/2018/2--supporting-documents/3--asset-performance-statistics-(bilingual)/1--hong-kong/3--penny%27s-bay-power-station/APS_HongKong_SR2018_PBPS.pdf.coredownload.pdf
https://www.clpgroup.com/content/dam/clp-group/channels/sustainability/document/sustainability-report/2018/2--supporting-documents/3--asset-performance-statistics-(bilingual)/1--hong-kong/4--transmission---distribution-network/APS_HongKong_SR2018_PSBG.pdf.coredownload.pdf
https://www.clpgroup.com/content/dam/clp-group/channels/sustainability/document/sustainability-report/2018/2--supporting-documents/3--asset-performance-statistics-(bilingual)/APS_Australia_SR2018_Hallett.pdf.coredownload.pdf
https://www.clpgroup.com/content/dam/clp-group/channels/sustainability/document/sustainability-report/2018/2--supporting-documents/3--asset-performance-statistics-(bilingual)/APS_Australia_SR2018_MP.pdf.coredownload.pdf
https://www.clpgroup.com/content/dam/clp-group/channels/sustainability/document/sustainability-report/2018/2--supporting-documents/3--asset-performance-statistics-(bilingual)/APS_Australia_SR2018_Tallawarra.pdf.coredownload.pdf
https://www.clpgroup.com/content/dam/clp-group/channels/sustainability/document/sustainability-report/2018/2--supporting-documents/3--asset-performance-statistics-(bilingual)/APS_Australia_SR2018_Yallourn.pdf.coredownload.pdf
https://www.clpgroup.com/content/dam/clp-group/channels/sustainability/document/sustainability-report/2018/2--supporting-documents/3--asset-performance-statistics-(bilingual)/APS_China_SR2018_CLP-Laizhou-I.pdf.coredownload.pdf
https://www.clpgroup.com/content/dam/clp-group/channels/sustainability/document/sustainability-report/2018/2--supporting-documents/3--asset-performance-statistics-(bilingual)/APS_China_SR2018_Dali-Yang_er.pdf.coredownload.pdf
https://www.clpgroup.com/content/dam/clp-group/channels/sustainability/document/sustainability-report/2018/2--supporting-documents/3--asset-performance-statistics-(bilingual)/APS_China_SR2018_Fangchenggang-I-Il.pdf.coredownload.pdf
https://www.clpgroup.com/content/dam/clp-group/channels/sustainability/document/sustainability-report/2018/2--supporting-documents/3--asset-performance-statistics-(bilingual)/APS_China_SR2018_HuaiAn.pdf.coredownload.pdf
https://www.clpgroup.com/content/dam/clp-group/channels/sustainability/document/sustainability-report/2018/2--supporting-documents/3--asset-performance-statistics-(bilingual)/APS_China_SR2018_Huaiji.pdf.coredownload.pdf
https://www.clpgroup.com/content/dam/clp-group/channels/sustainability/document/sustainability-report/2018/2--supporting-documents/3--asset-performance-statistics-(bilingual)/APS_China_SR2018_Jiangbian.pdf.coredownload.pdf
https://www.clpgroup.com/content/dam/clp-group/channels/sustainability/document/sustainability-report/2018/2--supporting-documents/3--asset-performance-statistics-(bilingual)/APS_China_SR2018_Jinchang.pdf.coredownload.pdf
https://www.clpgroup.com/content/dam/clp-group/channels/sustainability/document/sustainability-report/2018/2--supporting-documents/3--asset-performance-statistics-(bilingual)/APS_China_SR2018_Laiwu-I.pdf.coredownload.pdf
https://www.clpgroup.com/content/dam/clp-group/channels/sustainability/document/sustainability-report/2018/2--supporting-documents/3--asset-performance-statistics-(bilingual)/APS_China_SR2018_Lingyuan_tc.pdf.coredownload.pdf
https://www.clpgroup.com/content/dam/clp-group/channels/sustainability/document/sustainability-report/2018/2--supporting-documents/3--asset-performance-statistics-(bilingual)/APS_China_SR2018_Penglai-I.pdf.coredownload.pdf
https://www.clpgroup.com/content/dam/clp-group/channels/sustainability/document/sustainability-report/2018/2--supporting-documents/3--asset-performance-statistics-(bilingual)/APS_China_SR2018_Qianan.pdf.coredownload.pdf
https://www.clpgroup.com/content/dam/clp-group/channels/sustainability/document/sustainability-report/2018/2--supporting-documents/3--asset-performance-statistics-(bilingual)/APS_China_SR2018_Sandu-I.pdf.coredownload.pdf
https://www.clpgroup.com/content/dam/clp-group/channels/sustainability/document/sustainability-report/2018/2--supporting-documents/3--asset-performance-statistics-(bilingual)/APS_China_SR2018_Sihong.pdf.coredownload.pdf
https://www.clpgroup.com/content/dam/clp-group/channels/sustainability/document/sustainability-report/2018/2--supporting-documents/3--asset-performance-statistics-(bilingual)/APS_China_SR2018_Xicun.pdf.coredownload.pdf
https://www.clpgroup.com/content/dam/clp-group/channels/sustainability/document/sustainability-report/2018/2--supporting-documents/3--asset-performance-statistics-(bilingual)/APS_China_SR2018_Xundian-I.pdf.coredownload.pdf
https://www.clpgroup.com/content/dam/clp-group/channels/sustainability/document/sustainability-report/2018/2--supporting-documents/3--asset-performance-statistics-(bilingual)/APS_India_SR2018_Jhajjar.pdf.coredownload.pdf
https://www.clpgroup.com/content/dam/clp-group/channels/sustainability/document/sustainability-report/2018/2--supporting-documents/3--asset-performance-statistics-(bilingual)/APS_India_SR2018_Paguthan.pdf.coredownload.pdf
https://www.clpgroup.com/content/dam/clp-group/channels/sustainability/document/sustainability-report/2019/2019_CA_Finance_Report_en.pdf.coredownload.pdf
https://www.clpgroup.com/content/dam/clp-group/channels/sustainability/document/sustainability-report/2019/2019_CA_Finance_Report_tc.pdf.coredownload.pdf
https://www.clpgroup.com/content/dam/clp-group/channels/sustainability/document/sustainability-report/2019/2019_Material_Topics_Standard_Disclosure_tc.pdf.coredownload.pdf
https://www.clpgroup.com/content/dam/clp-group/channels/sustainability/document/sustainability-report/2019/2019_Material_Topics_Standard_Disclosure.pdf.coredownload.pdf
https://www.clpgroup.com/content/dam/clp-group/channels/sustainability/document/sustainability-report/2019/Assurance-Statement-CAF-Report2019_en.pdf.coredownload.pdf
https://www.clpgroup.com/content/dam/clp-group/channels/sustainability/document/sustainability-report/2019/GRIContentIndex_tc.pdf.coredownload.pdf
https://www.clpgroup.com/content/dam/clp-group/channels/sustainability/document/sustainability-report/2019/GRIContentIndex.pdf.coredownload.pdf
https://www.clpgroup.com/content/dam/clp-group/channels/sustainability/document/sustainability-report/2019/HKExESGReportingGuide_tc.pdf.coredownload.pdf
https://www.clpgroup.com/content/dam/clp-group/channels/sustainability/document/sustainability-report/2019/HKExESGReportingGuide.pdf.coredownload.pdf
https://www.clpgroup.com/content/dam/clp-group/channels/sustainability/document/sustainability-report/2019/Selected-Group-Level-Data-Assurance-Statement-2019.pdf.coredownload.pdf
https://www.clpgroup.com/content/dam/clp-group/channels/sustainability/document/sustainability-report/2019/SR_Review_2019_en.pdf.coredownload.pdf
https://www.clpgroup.com/content/dam/clp-group/channels/sustainability/document/sustainability-report/2019/SR_Review_2019_tc.pdf.coredownload.pdf
https://www.clpgroup.com/content/dam/clp-group/channels/sustainability/document/sustainability-report/2019/SR2019_Feedback_Summary_en.pdf.coredownload.pdf
https://www.clpgroup.com/content/dam/clp-group/channels/sustainability/document/sustainability-report/2019/SR2019_Feedback_Summary_tc.pdf.coredownload.pdf
https://www.clpgroup.com/content/dam/clp-group/channels/sustainability/document/sustainability-report/2020/CLP_Group_Data_Assurance_Statement_2020.pdf.coredownload.pdf
https://www.clpgroup.com/content/dam/clp-group/channels/sustainability/document/sustainability-report/2020/CLP_Sustainability_Report_2020_en.pdf
https://www.clpgroup.com/content/dam/clp-group/channels/sustainability/document/sustainability-report/2020/CLP_Sustainability_Report_2020_en.pdf.coredownload.pdf
https://www.clpgroup.com/content/dam/clp-group/channels/sustainability/document/sustainability-report/2020/CLP_Sustainability_Report_2020_tc.pdf
https://www.clpgroup.com/content/dam/clp-group/channels/sustainability/document/sustainability-report/2020/CLP_Sustainability_Report_2020_tc.pdf.coredownload.pdf
https://www.clpgroup.com/content/dam/clp-group/channels/sustainability/document/sustainability-report/2020/CLP_Sustainability_Report_Summary_Review_2020_en.pdf
https://www.clpgroup.com/content/dam/clp-group/channels/sustainability/document/sustainability-report/2020/CLP_Sustainability_Report_Summary_Review_2020_en.pdf.coredownload.pdf
https://www.clpgroup.com/content/dam/clp-group/channels/sustainability/document/sustainability-report/2020/CLP_Sustainability_Report_Summary_Review_2020_tc.pdf
https://www.clpgroup.com/content/dam/clp-group/channels/sustainability/document/sustainability-report/2020/CLP_Sustainability_Report_Summary_Review_2020_tc.pdf.coredownload.pdf
https://www.clpgroup.com/content/dam/clp-group/channels/sustainability/document/sustainability-report/2020/GRI_Content_Index_2020_en.pdf.coredownload.pdf
https://www.clpgroup.com/content/dam/clp-group/channels/sustainability/document/sustainability-report/2020/GRI_Content_Index_2020_tc.pdf.coredownload.pdf
https://www.clpgroup.com/content/dam/clp-group/channels/sustainability/document/sustainability-report/2020/HKEx_ESG_Content_Index_2020_en.pdf.coredownload.pdf
https://www.clpgroup.com/content/dam/clp-group/channels/sustainability/document/sustainability-report/2020/HKEx_ESG_Content_Index_2020_tc.pdf.coredownload.pdf
https://www.clpgroup.com/content/dam/clp-group/channels/sustainability/document/sustainability-report/2020/SR2020_APS_en.pdf.coredownload.pdf
https://www.clpgroup.com/content/dam/clp-group/channels/sustainability/document/sustainability-report/2020/SR2020_APS_tc.pdf.coredownload.pdf
https://www.clpgroup.com/content/dam/clp-group/channels/sustainability/document/sustainability/2019-sustainability-report/APS_SR2019.pdf.coredownload.pdf
https://www.clpindia.in/doc/CLP%20Sustainability%20report%202019-20.pdf
https://www.finavia.fi/sites/default/files/2019-03/Finavia_annual_report_2018_0.pdf
https://www.finavia.fi/sites/default/files/2019-03/Finavia_responsibility_report_2018.pdf
https://www.finavia.fi/sites/default/files/2020-03/Responsibility_Report.pdf
https://www.finavia.fi/sites/default/files/documents/Finavia_Annual_and_Responsibility_Report_2020.pdf
https://www.flughafen-zuerich.ch/newsroom/download/1046513/samppratingreportmay2021pdf.pdf
https://www.government.nl/binaries/government/documents/reports/2015/10/01/bicameral-legislatures-an-international-comparison/bicameral-parliamentary-new.pdf
https://www.hongkongairport.com/chi/pdf/media/publication/sustainability/15_16/C_Appendices.pdf
https://www.hongkongairport.com/chi/pdf/media/publication/sustainability/15_16/C_GRI_Content_Index.pdf
https://www.hongkongairport.com/chi/pdf/media/publication/sustainability/15_16/C_Performance.pdf
https://www.hongkongairport.com/chi/pdf/media/publication/sustainability/15_16/C_Sustainability_Report_Full.pdf
https://www.hongkongairport.com/eng/pdf/media/publication/sustainability/15_16/E_Appendices.pdf
https://www.hongkongairport.com/eng/pdf/media/publication/sustainability/15_16/E_GRI_Content_Index.pdf
https://www.hongkongairport.com/eng/pdf/media/publication/sustainability/15_16/E_Performance.pdf
https://www.hongkongairport.com/eng/pdf/media/publication/sustainability/15_16/E_Sustainability_Report_Full.pdf
https://www.hongkongairport.com/eng/pdf/sustainability/DHL.pdf
https://www.hongkongairport.com/iwov-resources/file/airport-authority/publications/airport-city-report/en/a_dynamic_ongoing_process.pdf
https://www.hongkongairport.com/iwov-resources/file/airport-authority/publications/airport-city-report/en/ch1.pdf
https://www.hongkongairport.com/iwov-resources/file/airport-authority/publications/airport-city-report/en/ch2.pdf
https://www.hongkongairport.com/iwov-resources/file/airport-authority/publications/airport-city-report/en/ch3.pdf
https://www.hongkongairport.com/iwov-resources/file/airport-authority/publications/airport-city-report/en/ch4.pdf
https://www.hongkongairport.com/iwov-resources/file/airport-authority/publications/airport-city-report/en/ch5.pdf
https://www.hongkongairport.com/iwov-resources/file/airport-authority/publications/airport-city-report/en/ch6.pdf
https://www.hongkongairport.com/iwov-resources/file/airport-authority/publications/airport-city-report/en/ch7.pdf
https://www.hongkongairport.com/iwov-resources/file/airport-authority/publications/airport-city-report/en/ch8.pdf
https://www.hongkongairport.com/iwov-resources/file/airport-authority/publications/airport-city-report/en/cover_eng.pdf
https://www.hongkongairport.com/iwov-resources/file/airport-authority/publications/airport-city-report/en/full_report_eng.pdf
https://www.hongkongairport.com/iwov-resources/file/airport-authority/publications/airport-city-report/tc/a_dynamic_ongoing_process.pdf
https://www.hongkongairport.com/iwov-resources/file/airport-authority/publications/airport-city-report/tc/ch1.pdf
https://www.hongkongairport.com/iwov-resources/file/airport-authority/publications/airport-city-report/tc/ch2.pdf
https://www.hongkongairport.com/iwov-resources/file/airport-authority/publications/airport-city-report/tc/ch3.pdf
https://www.hongkongairport.com/iwov-resources/file/airport-authority/publications/airport-city-report/tc/ch4.pdf
https://www.hongkongairport.com/iwov-resources/file/airport-authority/publications/airport-city-report/tc/ch5.pdf
https://www.hongkongairport.com/iwov-resources/file/airport-authority/publications/airport-city-report/tc/ch6.pdf
https://www.hongkongairport.com/iwov-resources/file/airport-authority/publications/airport-city-report/tc/ch7.pdf
https://www.hongkongairport.com/iwov-resources/file/airport-authority/publications/airport-city-report/tc/ch8.pdf
https://www.hongkongairport.com/iwov-resources/file/airport-authority/publications/airport-city-report/tc/cover.pdf
https://www.hongkongairport.com/iwov-resources/file/airport-authority/publications/airport-city-report/tc/full_report.pdf
https://www.hongkongairport.com/iwov-resources/file/airport-authority/publications/annual-and-interim-reports/en/00_01/auditor_report.pdf
https://www.hongkongairport.com/iwov-resources/file/airport-authority/publications/annual-and-interim-reports/en/00_01/authority_balance_sheet.pdf
https://www.hongkongairport.com/iwov-resources/file/airport-authority/publications/annual-and-interim-reports/en/00_01/authority_pro_loss.pdf
https://www.hongkongairport.com/iwov-resources/file/airport-authority/publications/annual-and-interim-reports/en/00_01/ceo_overview.pdf
https://www.hongkongairport.com/iwov-resources/file/airport-authority/publications/annual-and-interim-reports/en/00_01/chairman_statement.pdf
https://www.hongkongairport.com/iwov-resources/file/airport-authority/publications/annual-and-interim-reports/en/00_01/consolidated_balance_sheet.pdf
https://www.hongkongairport.com/iwov-resources/file/airport-authority/publications/annual-and-interim-reports/en/00_01/consolidated_cash_flow_state.pdf
https://www.hongkongairport.com/iwov-resources/file/airport-authority/publications/annual-and-interim-reports/en/00_01/consolidated_profit_loss.pdf
https://www.hongkongairport.com/iwov-resources/file/airport-authority/publications/annual-and-interim-reports/en/00_01/e_full.pdf
https://www.hongkongairport.com/iwov-resources/file/airport-authority/publications/annual-and-interim-reports/en/00_01/notes.pdf
https://www.hongkongairport.com/iwov-resources/file/airport-authority/publications/annual-and-interim-reports/en/01_02/auditor_report.pdf
https://www.hongkongairport.com/iwov-resources/file/airport-authority/publications/annual-and-interim-reports/en/01_02/board_ed.pdf
https://www.hongkongairport.com/iwov-resources/file/airport-authority/publications/annual-and-interim-reports/en/01_02/business_review.pdf
https://www.hongkongairport.com/iwov-resources/file/airport-authority/publications/annual-and-interim-reports/en/01_02/ceo_overview.pdf
https://www.hongkongairport.com/iwov-resources/file/airport-authority/publications/annual-and-interim-reports/en/01_02/chairman_statement.pdf
https://www.hongkongairport.com/iwov-resources/file/airport-authority/publications/annual-and-interim-reports/en/01_02/corp_comm.pdf
https://www.hongkongairport.com/iwov-resources/file/airport-authority/publications/annual-and-interim-reports/en/01_02/cust_retail.pdf
https://www.hongkongairport.com/iwov-resources/file/airport-authority/publications/annual-and-interim-reports/en/01_02/e_full.pdf
https://www.hongkongairport.com/iwov-resources/file/airport-authority/publications/annual-and-interim-reports/en/01_02/event_highlight.pdf
https://www.hongkongairport.com/iwov-resources/file/airport-authority/publications/annual-and-interim-reports/en/01_02/financial_review.pdf
https://www.hongkongairport.com/iwov-resources/file/airport-authority/publications/annual-and-interim-reports/en/01_02/financial.pdf
https://www.hongkongairport.com/iwov-resources/file/airport-authority/publications/annual-and-interim-reports/en/01_02/notes.pdf
https://www.hongkongairport.com/iwov-resources/file/airport-authority/publications/annual-and-interim-reports/en/01_02/plan_growth.pdf
https://www.hongkongairport.com/iwov-resources/file/airport-authority/publications/annual-and-interim-reports/en/01_02/profile.pdf
https://www.hongkongairport.com/iwov-resources/file/airport-authority/publications/annual-and-interim-reports/en/01_02/report_bm.pdf
https://www.hongkongairport.com/iwov-resources/file/airport-authority/publications/annual-and-interim-reports/en/01_02/safety_quality.pdf
https://www.hongkongairport.com/iwov-resources/file/airport-authority/publications/annual-and-interim-reports/en/02_03/000_insideCover.pdf
https://www.hongkongairport.com/iwov-resources/file/airport-authority/publications/annual-and-interim-reports/en/02_03/001_Contents.pdf
https://www.hongkongairport.com/iwov-resources/file/airport-authority/publications/annual-and-interim-reports/en/02_03/002_Event_Highlights.pdf
https://www.hongkongairport.com/iwov-resources/file/airport-authority/publications/annual-and-interim-reports/en/02_03/004_Chairman.pdf
https://www.hongkongairport.com/iwov-resources/file/airport-authority/publications/annual-and-interim-reports/en/02_03/008_CEO.pdf
https://www.hongkongairport.com/iwov-resources/file/airport-authority/publications/annual-and-interim-reports/en/02_03/012_the_board.pdf
https://www.hongkongairport.com/iwov-resources/file/airport-authority/publications/annual-and-interim-reports/en/02_03/014_Financial_Highlights.pdf
https://www.hongkongairport.com/iwov-resources/file/airport-authority/publications/annual-and-interim-reports/en/02_03/015_Business_Review.pdf
https://www.hongkongairport.com/iwov-resources/file/airport-authority/publications/annual-and-interim-reports/en/02_03/018_safety.pdf
https://www.hongkongairport.com/iwov-resources/file/airport-authority/publications/annual-and-interim-reports/en/02_03/024_Customers.pdf
https://www.hongkongairport.com/iwov-resources/file/airport-authority/publications/annual-and-interim-reports/en/02_03/030_Planning.pdf
https://www.hongkongairport.com/iwov-resources/file/airport-authority/publications/annual-and-interim-reports/en/02_03/036_Corporate.pdf
https://www.hongkongairport.com/iwov-resources/file/airport-authority/publications/annual-and-interim-reports/en/02_03/040_Financial_Review.pdf
https://www.hongkongairport.com/iwov-resources/file/airport-authority/publications/annual-and-interim-reports/en/02_03/047_Report_of_the_members.pdf
https://www.hongkongairport.com/iwov-resources/file/airport-authority/publications/annual-and-interim-reports/en/02_03/052_Auditor_report.pdf
https://www.hongkongairport.com/iwov-resources/file/airport-authority/publications/annual-and-interim-reports/en/02_03/053_E_Financial_Statements.pdf
https://www.hongkongairport.com/iwov-resources/file/airport-authority/publications/annual-and-interim-reports/en/02_03/080_E_Five_Year_Summary.pdf
https://www.hongkongairport.com/iwov-resources/file/airport-authority/publications/annual-and-interim-reports/en/02_03/081_insideback.pdf
https://www.hongkongairport.com/iwov-resources/file/airport-authority/publications/annual-and-interim-reports/en/02_03/e_full.pdf
https://www.hongkongairport.com/iwov-resources/file/airport-authority/publications/annual-and-interim-reports/en/03_04/Auditors_Report.pdf
https://www.hongkongairport.com/iwov-resources/file/airport-authority/publications/annual-and-interim-reports/en/03_04/Back_Cover.pdf
https://www.hongkongairport.com/iwov-resources/file/airport-authority/publications/annual-and-interim-reports/en/03_04/Balance_Sheet.pdf
https://www.hongkongairport.com/iwov-resources/file/airport-authority/publications/annual-and-interim-reports/en/03_04/CEO_Overview.pdf
https://www.hongkongairport.com/iwov-resources/file/airport-authority/publications/annual-and-interim-reports/en/03_04/Chairman_Statement.pdf
https://www.hongkongairport.com/iwov-resources/file/airport-authority/publications/annual-and-interim-reports/en/03_04/Consol_1.pdf
https://www.hongkongairport.com/iwov-resources/file/airport-authority/publications/annual-and-interim-reports/en/03_04/Corporate_Governance.pdf
https://www.hongkongairport.com/iwov-resources/file/airport-authority/publications/annual-and-interim-reports/en/03_04/Cover_Contents.pdf
https://www.hongkongairport.com/iwov-resources/file/airport-authority/publications/annual-and-interim-reports/en/03_04/e_full.pdf
https://www.hongkongairport.com/iwov-resources/file/airport-authority/publications/annual-and-interim-reports/en/03_04/Event_Highlights.pdf
https://www.hongkongairport.com/iwov-resources/file/airport-authority/publications/annual-and-interim-reports/en/03_04/ExCom.pdf
https://www.hongkongairport.com/iwov-resources/file/airport-authority/publications/annual-and-interim-reports/en/03_04/Financial_Highlights.pdf
https://www.hongkongairport.com/iwov-resources/file/airport-authority/publications/annual-and-interim-reports/en/03_04/Financial_Review.pdf
https://www.hongkongairport.com/iwov-resources/file/airport-authority/publications/annual-and-interim-reports/en/03_04/Financial_Statement.pdf
https://www.hongkongairport.com/iwov-resources/file/airport-authority/publications/annual-and-interim-reports/en/03_04/Five_Year_Summary.pdf
https://www.hongkongairport.com/iwov-resources/file/airport-authority/publications/annual-and-interim-reports/en/03_04/Income_Statement.pdf
https://www.hongkongairport.com/iwov-resources/file/airport-authority/publications/annual-and-interim-reports/en/03_04/Noteso_1.pdf
https://www.hongkongairport.com/iwov-resources/file/airport-authority/publications/annual-and-interim-reports/en/03_04/Our_Business.pdf
https://www.hongkongairport.com/iwov-resources/file/airport-authority/publications/annual-and-interim-reports/en/03_04/Our_Core_Values.pdf
https://www.hongkongairport.com/iwov-resources/file/airport-authority/publications/annual-and-interim-reports/en/03_04/Our_Growth.pdf
https://www.hongkongairport.com/iwov-resources/file/airport-authority/publications/annual-and-interim-reports/en/03_04/Report_of_the_Board.pdf
https://www.hongkongairport.com/iwov-resources/file/airport-authority/publications/annual-and-interim-reports/en/03_04/Statem_1.pdf
https://www.hongkongairport.com/iwov-resources/file/airport-authority/publications/annual-and-interim-reports/en/03_04/The_Board.pdf
https://www.hongkongairport.com/iwov-resources/file/airport-authority/publications/annual-and-interim-reports/en/03_04/Theme.pdf
https://www.hongkongairport.com/iwov-resources/file/airport-authority/publications/annual-and-interim-reports/en/04_05/01_contents.pdf
https://www.hongkongairport.com/iwov-resources/file/airport-authority/publications/annual-and-interim-reports/en/04_05/02_theme.pdf
https://www.hongkongairport.com/iwov-resources/file/airport-authority/publications/annual-and-interim-reports/en/04_05/03_event_highlights.pdf
https://www.hongkongairport.com/iwov-resources/file/airport-authority/publications/annual-and-interim-reports/en/04_05/04_chairmans_statement.pdf
https://www.hongkongairport.com/iwov-resources/file/airport-authority/publications/annual-and-interim-reports/en/04_05/05_statement_of_the_CEO.pdf
https://www.hongkongairport.com/iwov-resources/file/airport-authority/publications/annual-and-interim-reports/en/04_05/06_the_board.pdf
https://www.hongkongairport.com/iwov-resources/file/airport-authority/publications/annual-and-interim-reports/en/04_05/07_senior_executives.pdf
https://www.hongkongairport.com/iwov-resources/file/airport-authority/publications/annual-and-interim-reports/en/04_05/08_corporate_governance.pdf
https://www.hongkongairport.com/iwov-resources/file/airport-authority/publications/annual-and-interim-reports/en/04_05/09_core_values.pdf
https://www.hongkongairport.com/iwov-resources/file/airport-authority/publications/annual-and-interim-reports/en/04_05/11_business_reviews_services.pdf
https://www.hongkongairport.com/iwov-resources/file/airport-authority/publications/annual-and-interim-reports/en/04_05/12_business_review_prospects.pdf
https://www.hongkongairport.com/iwov-resources/file/airport-authority/publications/annual-and-interim-reports/en/04_05/13_business_review_people.pdf
https://www.hongkongairport.com/iwov-resources/file/airport-authority/publications/annual-and-interim-reports/en/04_05/14_financial_reveiw.pdf
https://www.hongkongairport.com/iwov-resources/file/airport-authority/publications/annual-and-interim-reports/en/04_05/15_report_of_the_mem_board.pdf
https://www.hongkongairport.com/iwov-resources/file/airport-authority/publications/annual-and-interim-reports/en/04_05/16_auditors_report.pdf
https://www.hongkongairport.com/iwov-resources/file/airport-authority/publications/annual-and-interim-reports/en/04_05/17_income_statement.pdf
https://www.hongkongairport.com/iwov-resources/file/airport-authority/publications/annual-and-interim-reports/en/04_05/18_balance_sheet.pdf
https://www.hongkongairport.com/iwov-resources/file/airport-authority/publications/annual-and-interim-reports/en/04_05/19_s_of_changes_in_equity.pdf
https://www.hongkongairport.com/iwov-resources/file/airport-authority/publications/annual-and-interim-reports/en/04_05/20_consolidated_cash_flow_statement.pdf
https://www.hongkongairport.com/iwov-resources/file/airport-authority/publications/annual-and-interim-reports/en/04_05/21_notes_on_fin_statement.pdf
https://www.hongkongairport.com/iwov-resources/file/airport-authority/publications/annual-and-interim-reports/en/04_05/22_summary.pdf
https://www.hongkongairport.com/iwov-resources/file/airport-authority/publications/annual-and-interim-reports/en/04_05/23_airlines_and_destinations.pdf
https://www.hongkongairport.com/iwov-resources/file/airport-authority/publications/annual-and-interim-reports/en/04_05/e_full.pdf
https://www.hongkongairport.com/iwov-resources/file/airport-authority/publications/annual-and-interim-reports/en/04_05/facilities.pdf
https://www.hongkongairport.com/iwov-resources/file/airport-authority/publications/annual-and-interim-reports/en/04_05/total_airport_experience.pdf
https://www.hongkongairport.com/iwov-resources/file/airport-authority/publications/annual-and-interim-reports/en/05_06/e_full.pdf
https://www.hongkongairport.com/iwov-resources/file/airport-authority/publications/annual-and-interim-reports/en/05_06/e00_cover.pdf
https://www.hongkongairport.com/iwov-resources/file/airport-authority/publications/annual-and-interim-reports/en/05_06/e01_event_highlights.pdf
https://www.hongkongairport.com/iwov-resources/file/airport-authority/publications/annual-and-interim-reports/en/05_06/e02_contents.pdf
https://www.hongkongairport.com/iwov-resources/file/airport-authority/publications/annual-and-interim-reports/en/05_06/e03_the_future_is_bright.pdf
https://www.hongkongairport.com/iwov-resources/file/airport-authority/publications/annual-and-interim-reports/en/05_06/e04_financial_highlight.pdf
https://www.hongkongairport.com/iwov-resources/file/airport-authority/publications/annual-and-interim-reports/en/05_06/e05_chairman.pdf
https://www.hongkongairport.com/iwov-resources/file/airport-authority/publications/annual-and-interim-reports/en/05_06/e06_ceo.pdf
https://www.hongkongairport.com/iwov-resources/file/airport-authority/publications/annual-and-interim-reports/en/05_06/e07_the_board.pdf
https://www.hongkongairport.com/iwov-resources/file/airport-authority/publications/annual-and-interim-reports/en/05_06/e08_executive_directors.pdf
https://www.hongkongairport.com/iwov-resources/file/airport-authority/publications/annual-and-interim-reports/en/05_06/e09_financial_and_oh.pdf
https://www.hongkongairport.com/iwov-resources/file/airport-authority/publications/annual-and-interim-reports/en/05_06/e10_cg.pdf
https://www.hongkongairport.com/iwov-resources/file/airport-authority/publications/annual-and-interim-reports/en/05_06/e11_the_future_comes_from_action_today.pdf
https://www.hongkongairport.com/iwov-resources/file/airport-authority/publications/annual-and-interim-reports/en/05_06/e12_corevalues.pdf
https://www.hongkongairport.com/iwov-resources/file/airport-authority/publications/annual-and-interim-reports/en/05_06/e13_facilities_and_services.pdf
https://www.hongkongairport.com/iwov-resources/file/airport-authority/publications/annual-and-interim-reports/en/05_06/e14_passenger.pdf
https://www.hongkongairport.com/iwov-resources/file/airport-authority/publications/annual-and-interim-reports/en/05_06/e15_cargo.pdf
https://www.hongkongairport.com/iwov-resources/file/airport-authority/publications/annual-and-interim-reports/en/05_06/e16_air_traffic.pdf
https://www.hongkongairport.com/iwov-resources/file/airport-authority/publications/annual-and-interim-reports/en/05_06/e17_prospects.pdf
https://www.hongkongairport.com/iwov-resources/file/airport-authority/publications/annual-and-interim-reports/en/05_06/e18_we_create_our_future.pdf
https://www.hongkongairport.com/iwov-resources/file/airport-authority/publications/annual-and-interim-reports/en/05_06/e19_people.pdf
https://www.hongkongairport.com/iwov-resources/file/airport-authority/publications/annual-and-interim-reports/en/05_06/e20_community.pdf
https://www.hongkongairport.com/iwov-resources/file/airport-authority/publications/annual-and-interim-reports/en/05_06/e21_fr.pdf
https://www.hongkongairport.com/iwov-resources/file/airport-authority/publications/annual-and-interim-reports/en/05_06/e22_report_of_the_members.pdf
https://www.hongkongairport.com/iwov-resources/file/airport-authority/publications/annual-and-interim-reports/en/05_06/e23_auditors.pdf
https://www.hongkongairport.com/iwov-resources/file/airport-authority/publications/annual-and-interim-reports/en/05_06/e24_financial_statement.pdf
https://www.hongkongairport.com/iwov-resources/file/airport-authority/publications/annual-and-interim-reports/en/05_06/e25_notes.pdf
https://www.hongkongairport.com/iwov-resources/file/airport-authority/publications/annual-and-interim-reports/en/05_06/e26_5-year_financial.pdf
https://www.hongkongairport.com/iwov-resources/file/airport-authority/publications/annual-and-interim-reports/en/05_06/e27_airlines_destinations.pdf
https://www.hongkongairport.com/iwov-resources/file/airport-authority/publications/annual-and-interim-reports/en/06_07/e_full.pdf
https://www.hongkongairport.com/iwov-resources/file/airport-authority/publications/annual-and-interim-reports/en/06_07/e00_cover.pdf
https://www.hongkongairport.com/iwov-resources/file/airport-authority/publications/annual-and-interim-reports/en/06_07/e01_facts.pdf
https://www.hongkongairport.com/iwov-resources/file/airport-authority/publications/annual-and-interim-reports/en/06_07/e02_contents.pdf
https://www.hongkongairport.com/iwov-resources/file/airport-authority/publications/annual-and-interim-reports/en/06_07/e03_event_highlights.pdf
https://www.hongkongairport.com/iwov-resources/file/airport-authority/publications/annual-and-interim-reports/en/06_07/e04_chairman.pdf
https://www.hongkongairport.com/iwov-resources/file/airport-authority/publications/annual-and-interim-reports/en/06_07/e05_ceo.pdf
https://www.hongkongairport.com/iwov-resources/file/airport-authority/publications/annual-and-interim-reports/en/06_07/e06_the_board.pdf
https://www.hongkongairport.com/iwov-resources/file/airport-authority/publications/annual-and-interim-reports/en/06_07/e07_executive_directors.pdf
https://www.hongkongairport.com/iwov-resources/file/airport-authority/publications/annual-and-interim-reports/en/06_07/e08_financial_and_oh.pdf
https://www.hongkongairport.com/iwov-resources/file/airport-authority/publications/annual-and-interim-reports/en/06_07/e09_cg.pdf
https://www.hongkongairport.com/iwov-resources/file/airport-authority/publications/annual-and-interim-reports/en/06_07/e10_our_economy.pdf
https://www.hongkongairport.com/iwov-resources/file/airport-authority/publications/annual-and-interim-reports/en/06_07/e11_corevalues.pdf
https://www.hongkongairport.com/iwov-resources/file/airport-authority/publications/annual-and-interim-reports/en/06_07/e12_facilities_and_services.pdf
https://www.hongkongairport.com/iwov-resources/file/airport-authority/publications/annual-and-interim-reports/en/06_07/e13_passenger.pdf
https://www.hongkongairport.com/iwov-resources/file/airport-authority/publications/annual-and-interim-reports/en/06_07/e14_cargo.pdf
https://www.hongkongairport.com/iwov-resources/file/airport-authority/publications/annual-and-interim-reports/en/06_07/e15_air_traffic.pdf
https://www.hongkongairport.com/iwov-resources/file/airport-authority/publications/annual-and-interim-reports/en/06_07/e16_prospects.pdf
https://www.hongkongairport.com/iwov-resources/file/airport-authority/publications/annual-and-interim-reports/en/06_07/e17_social_responsibility.pdf
https://www.hongkongairport.com/iwov-resources/file/airport-authority/publications/annual-and-interim-reports/en/06_07/e18_people_and_community.pdf
https://www.hongkongairport.com/iwov-resources/file/airport-authority/publications/annual-and-interim-reports/en/06_07/e19_financial_review.pdf
https://www.hongkongairport.com/iwov-resources/file/airport-authority/publications/annual-and-interim-reports/en/06_07/e20_boardmember_report.pdf
https://www.hongkongairport.com/iwov-resources/file/airport-authority/publications/annual-and-interim-reports/en/06_07/e21_auditors_report.pdf
https://www.hongkongairport.com/iwov-resources/file/airport-authority/publications/annual-and-interim-reports/en/06_07/e22_financial_statements.pdf
https://www.hongkongairport.com/iwov-resources/file/airport-authority/publications/annual-and-interim-reports/en/06_07/e23_5year_financial.pdf
https://www.hongkongairport.com/iwov-resources/file/airport-authority/publications/annual-and-interim-reports/en/06_07/e24_airlines_and_destinations.pdf
https://www.hongkongairport.com/iwov-resources/file/airport-authority/publications/annual-and-interim-reports/en/07_08/e_00_cover.pdf
https://www.hongkongairport.com/iwov-resources/file/airport-authority/publications/annual-and-interim-reports/en/07_08/e_01_a_decade_of_solid_growth.pdf
https://www.hongkongairport.com/iwov-resources/file/airport-authority/publications/annual-and-interim-reports/en/07_08/e_02_hkia_facts.pdf
https://www.hongkongairport.com/iwov-resources/file/airport-authority/publications/annual-and-interim-reports/en/07_08/e_03_chairman_statement.pdf
https://www.hongkongairport.com/iwov-resources/file/airport-authority/publications/annual-and-interim-reports/en/07_08/e_04_chief_executive_officer_statement.pdf
https://www.hongkongairport.com/iwov-resources/file/airport-authority/publications/annual-and-interim-reports/en/07_08/e_05_the_board_and_executive_directors.pdf
https://www.hongkongairport.com/iwov-resources/file/airport-authority/publications/annual-and-interim-reports/en/07_08/e_06_financial_and_operational_highlights.pdf
https://www.hongkongairport.com/iwov-resources/file/airport-authority/publications/annual-and-interim-reports/en/07_08/e_07_corporate_governance.pdf
https://www.hongkongairport.com/iwov-resources/file/airport-authority/publications/annual-and-interim-reports/en/07_08/e_08_event_highlights.pdf
https://www.hongkongairport.com/iwov-resources/file/airport-authority/publications/annual-and-interim-reports/en/07_08/e_09_core_values.pdf
https://www.hongkongairport.com/iwov-resources/file/airport-authority/publications/annual-and-interim-reports/en/07_08/e_10_facilities_and_services.pdf
https://www.hongkongairport.com/iwov-resources/file/airport-authority/publications/annual-and-interim-reports/en/07_08/e_10a_passenger.pdf
https://www.hongkongairport.com/iwov-resources/file/airport-authority/publications/annual-and-interim-reports/en/07_08/e_10b_cargo.pdf
https://www.hongkongairport.com/iwov-resources/file/airport-authority/publications/annual-and-interim-reports/en/07_08/e_10c_air_traffic.pdf
https://www.hongkongairport.com/iwov-resources/file/airport-authority/publications/annual-and-interim-reports/en/07_08/e_11_mainland_projects.pdf
https://www.hongkongairport.com/iwov-resources/file/airport-authority/publications/annual-and-interim-reports/en/07_08/e_12_corporate_social_responsibility.pdf
https://www.hongkongairport.com/iwov-resources/file/airport-authority/publications/annual-and-interim-reports/en/07_08/e_13_strategies_for_growth.pdf
https://www.hongkongairport.com/iwov-resources/file/airport-authority/publications/annual-and-interim-reports/en/07_08/e_14_financial_review.pdf
https://www.hongkongairport.com/iwov-resources/file/airport-authority/publications/annual-and-interim-reports/en/07_08/e_15_report_of_the_members_of_the_board.pdf
https://www.hongkongairport.com/iwov-resources/file/airport-authority/publications/annual-and-interim-reports/en/07_08/e_16_independent_auditor_report.pdf
https://www.hongkongairport.com/iwov-resources/file/airport-authority/publications/annual-and-interim-reports/en/07_08/e_17_financial_statements.pdf
https://www.hongkongairport.com/iwov-resources/file/airport-authority/publications/annual-and-interim-reports/en/07_08/e_18_five_year_financial_and_operational_summary.pdf
https://www.hongkongairport.com/iwov-resources/file/airport-authority/publications/annual-and-interim-reports/en/07_08/e_19_airlines_and_destinations.pdf
https://www.hongkongairport.com/iwov-resources/file/airport-authority/publications/annual-and-interim-reports/en/07_08/e_full.pdf
https://www.hongkongairport.com/iwov-resources/file/airport-authority/publications/annual-and-interim-reports/en/08_09/e_00_cover.pdf
https://www.hongkongairport.com/iwov-resources/file/airport-authority/publications/annual-and-interim-reports/en/08_09/e_02_mission_statement.pdf
https://www.hongkongairport.com/iwov-resources/file/airport-authority/publications/annual-and-interim-reports/en/08_09/e_03_core_values.pdf
https://www.hongkongairport.com/iwov-resources/file/airport-authority/publications/annual-and-interim-reports/en/08_09/e_04_hkia_facts_performance_highlights.pdf
https://www.hongkongairport.com/iwov-resources/file/airport-authority/publications/annual-and-interim-reports/en/08_09/e_05_chairman_statement.pdf
https://www.hongkongairport.com/iwov-resources/file/airport-authority/publications/annual-and-interim-reports/en/08_09/e_06_chief_executive_officer_statement.pdf
https://www.hongkongairport.com/iwov-resources/file/airport-authority/publications/annual-and-interim-reports/en/08_09/e_07_the_board_and_executive_directors.pdf
https://www.hongkongairport.com/iwov-resources/file/airport-authority/publications/annual-and-interim-reports/en/08_09/e_08_financial_and_operational_highlights.pdf
https://www.hongkongairport.com/iwov-resources/file/airport-authority/publications/annual-and-interim-reports/en/08_09/e_09_corporate_governance.pdf
https://www.hongkongairport.com/iwov-resources/file/airport-authority/publications/annual-and-interim-reports/en/08_09/e_10_event_highlights.pdf
https://www.hongkongairport.com/iwov-resources/file/airport-authority/publications/annual-and-interim-reports/en/08_09/e_11_passenger_services.pdf
https://www.hongkongairport.com/iwov-resources/file/airport-authority/publications/annual-and-interim-reports/en/08_09/e_12_cargo_services.pdf
https://www.hongkongairport.com/iwov-resources/file/airport-authority/publications/annual-and-interim-reports/en/08_09/e_13_airfield_and_systems.pdf
https://www.hongkongairport.com/iwov-resources/file/airport-authority/publications/annual-and-interim-reports/en/08_09/e_14_mainland_projects.pdf
https://www.hongkongairport.com/iwov-resources/file/airport-authority/publications/annual-and-interim-reports/en/08_09/e_15_corporate_social_responsibility.pdf
https://www.hongkongairport.com/iwov-resources/file/airport-authority/publications/annual-and-interim-reports/en/08_09/e_16_looking_forward.pdf
https://www.hongkongairport.com/iwov-resources/file/airport-authority/publications/annual-and-interim-reports/en/08_09/e_17_financial_review.pdf
https://www.hongkongairport.com/iwov-resources/file/airport-authority/publications/annual-and-interim-reports/en/08_09/e_19_report_of_the_members_of_the_board.pdf
https://www.hongkongairport.com/iwov-resources/file/airport-authority/publications/annual-and-interim-reports/en/08_09/e_20_independent_auditor_report.pdf
https://www.hongkongairport.com/iwov-resources/file/airport-authority/publications/annual-and-interim-reports/en/08_09/e_21_financial_statements.pdf
https://www.hongkongairport.com/iwov-resources/file/airport-authority/publications/annual-and-interim-reports/en/08_09/e_22_five_year_financial_and_operational_summary.pdf
https://www.hongkongairport.com/iwov-resources/file/airport-authority/publications/annual-and-interim-reports/en/08_09/e_23_airlines_and_destinations.pdf
https://www.hongkongairport.com/iwov-resources/file/airport-authority/publications/annual-and-interim-reports/en/08_09/e_full.pdf
https://www.hongkongairport.com/iwov-resources/file/airport-authority/publications/annual-and-interim-reports/en/09_10/e_01_Cover.pdf
https://www.hongkongairport.com/iwov-resources/file/airport-authority/publications/annual-and-interim-reports/en/09_10/e_02_Mission_Statement.pdf
https://www.hongkongairport.com/iwov-resources/file/airport-authority/publications/annual-and-interim-reports/en/09_10/e_03_HKIA_Environmental_Performance.pdf
https://www.hongkongairport.com/iwov-resources/file/airport-authority/publications/annual-and-interim-reports/en/09_10/e_04_Core_Values.pdf
https://www.hongkongairport.com/iwov-resources/file/airport-authority/publications/annual-and-interim-reports/en/09_10/e_05_HKIA_Facts_Performance_Highlights.pdf
https://www.hongkongairport.com/iwov-resources/file/airport-authority/publications/annual-and-interim-reports/en/09_10/e_06_Chairman_Statement.pdf
https://www.hongkongairport.com/iwov-resources/file/airport-authority/publications/annual-and-interim-reports/en/09_10/e_07_Chief_Executive_Officer_Statement.pdf
https://www.hongkongairport.com/iwov-resources/file/airport-authority/publications/annual-and-interim-reports/en/09_10/e_08_The_Board_and_Executive_Directors.pdf
https://www.hongkongairport.com/iwov-resources/file/airport-authority/publications/annual-and-interim-reports/en/09_10/e_09_Financial_and_Operational_Highlights.pdf
https://www.hongkongairport.com/iwov-resources/file/airport-authority/publications/annual-and-interim-reports/en/09_10/e_10_Corporate_Governance.pdf
https://www.hongkongairport.com/iwov-resources/file/airport-authority/publications/annual-and-interim-reports/en/09_10/e_11_Event_Highlights.pdf
https://www.hongkongairport.com/iwov-resources/file/airport-authority/publications/annual-and-interim-reports/en/09_10/e_12_Passenger_Services.pdf
https://www.hongkongairport.com/iwov-resources/file/airport-authority/publications/annual-and-interim-reports/en/09_10/e_13_Cargo_and_Aviation_Services.pdf
https://www.hongkongairport.com/iwov-resources/file/airport-authority/publications/annual-and-interim-reports/en/09_10/e_14_Airfield_and_Systems.pdf
https://www.hongkongairport.com/iwov-resources/file/airport-authority/publications/annual-and-interim-reports/en/09_10/e_15_Mainland_Projects.pdf
https://www.hongkongairport.com/iwov-resources/file/airport-authority/publications/annual-and-interim-reports/en/09_10/e_16_Corporate_Social_Responsibility.pdf
https://www.hongkongairport.com/iwov-resources/file/airport-authority/publications/annual-and-interim-reports/en/09_10/e_17_Looking_Forward.pdf
https://www.hongkongairport.com/iwov-resources/file/airport-authority/publications/annual-and-interim-reports/en/09_10/e_18_Financial_Review.pdf
https://www.hongkongairport.com/iwov-resources/file/airport-authority/publications/annual-and-interim-reports/en/09_10/e_19_Report_of_the_Members_of_the_Board.pdf
https://www.hongkongairport.com/iwov-resources/file/airport-authority/publications/annual-and-interim-reports/en/09_10/e_20_Independent_Auditors_Report.pdf
https://www.hongkongairport.com/iwov-resources/file/airport-authority/publications/annual-and-interim-reports/en/09_10/e_21_Financial_Statements.pdf
https://www.hongkongairport.com/iwov-resources/file/airport-authority/publications/annual-and-interim-reports/en/09_10/e_22_5year_Financial_Summary.pdf
https://www.hongkongairport.com/iwov-resources/file/airport-authority/publications/annual-and-interim-reports/en/09_10/e_23_Airlines_and_Destinations.pdf
https://www.hongkongairport.com/iwov-resources/file/airport-authority/publications/annual-and-interim-reports/en/09_10/e_full.pdf
https://www.hongkongairport.com/iwov-resources/file/airport-authority/publications/annual-and-interim-reports/en/10_11/e_01_Cover.pdf
https://www.hongkongairport.com/iwov-resources/file/airport-authority/publications/annual-and-interim-reports/en/10_11/e_02_Mission_Statement.pdf
https://www.hongkongairport.com/iwov-resources/file/airport-authority/publications/annual-and-interim-reports/en/10_11/e_04_Core_Values.pdf
https://www.hongkongairport.com/iwov-resources/file/airport-authority/publications/annual-and-interim-reports/en/10_11/e_05_HKIA_Facts_Performance_Highlights.pdf
https://www.hongkongairport.com/iwov-resources/file/airport-authority/publications/annual-and-interim-reports/en/10_11/e_06_Chairman_Statement.pdf
https://www.hongkongairport.com/iwov-resources/file/airport-authority/publications/annual-and-interim-reports/en/10_11/e_07_Chief_Executive_Officer_Statement.pdf
https://www.hongkongairport.com/iwov-resources/file/airport-authority/publications/annual-and-interim-reports/en/10_11/e_08_The_Board_and_Executive_Directors.pdf
https://www.hongkongairport.com/iwov-resources/file/airport-authority/publications/annual-and-interim-reports/en/10_11/e_09_Financial_and_Operational_Highlights.pdf
https://www.hongkongairport.com/iwov-resources/file/airport-authority/publications/annual-and-interim-reports/en/10_11/e_10_Corporate_Governance.pdf
https://www.hongkongairport.com/iwov-resources/file/airport-authority/publications/annual-and-interim-reports/en/10_11/e_11_Event_Highlights.pdf
https://www.hongkongairport.com/iwov-resources/file/airport-authority/publications/annual-and-interim-reports/en/10_11/e_12_Passenger_Services.pdf
https://www.hongkongairport.com/iwov-resources/file/airport-authority/publications/annual-and-interim-reports/en/10_11/e_13_Cargo_and_Aviation_Services.pdf
https://www.hongkongairport.com/iwov-resources/file/airport-authority/publications/annual-and-interim-reports/en/10_11/e_14_Airfield_and_Systems.pdf
https://www.hongkongairport.com/iwov-resources/file/airport-authority/publications/annual-and-interim-reports/en/10_11/e_15_Mainland_Projects.pdf
https://www.hongkongairport.com/iwov-resources/file/airport-authority/publications/annual-and-interim-reports/en/10_11/e_16_Corporate_Social_Responsibility.pdf
https://www.hongkongairport.com/iwov-resources/file/airport-authority/publications/annual-and-interim-reports/en/10_11/e_17_Looking_Forward.pdf
https://www.hongkongairport.com/iwov-resources/file/airport-authority/publications/annual-and-interim-reports/en/10_11/e_18_Financial_Review.pdf
https://www.hongkongairport.com/iwov-resources/file/airport-authority/publications/annual-and-interim-reports/en/10_11/e_19_Report_of_the_Members_of_the_Board.pdf
https://www.hongkongairport.com/iwov-resources/file/airport-authority/publications/annual-and-interim-reports/en/10_11/e_20_Independent_Auditors_Report.pdf
https://www.hongkongairport.com/iwov-resources/file/airport-authority/publications/annual-and-interim-reports/en/10_11/e_21_Financial_Statements.pdf
https://www.hongkongairport.com/iwov-resources/file/airport-authority/publications/annual-and-interim-reports/en/10_11/e_22_5year_Financial_Summary.pdf
https://www.hongkongairport.com/iwov-resources/file/airport-authority/publications/annual-and-interim-reports/en/10_11/e_23_Airlines_and_Destinations.pdf
https://www.hongkongairport.com/iwov-resources/file/airport-authority/publications/annual-and-interim-reports/en/10_11/e_full.pdf
https://www.hongkongairport.com/iwov-resources/file/airport-authority/publications/annual-and-interim-reports/en/11_12/E_01_Cover.pdf
https://www.hongkongairport.com/iwov-resources/file/airport-authority/publications/annual-and-interim-reports/en/11_12/E_03_Core%20Values.pdf
https://www.hongkongairport.com/iwov-resources/file/airport-authority/publications/annual-and-interim-reports/en/11_12/E_04_HKIA_Facts_Performance_Highlights.pdf
https://www.hongkongairport.com/iwov-resources/file/airport-authority/publications/annual-and-interim-reports/en/11_12/E_05_Chairman_Statement.pdf
https://www.hongkongairport.com/iwov-resources/file/airport-authority/publications/annual-and-interim-reports/en/11_12/E_06_CEO_Statement.pdf
https://www.hongkongairport.com/iwov-resources/file/airport-authority/publications/annual-and-interim-reports/en/11_12/E_07_The_Board_and_Executive_Directors.pdf
https://www.hongkongairport.com/iwov-resources/file/airport-authority/publications/annual-and-interim-reports/en/11_12/E_08_Financial_and_Operational_Highlights.pdf
https://www.hongkongairport.com/iwov-resources/file/airport-authority/publications/annual-and-interim-reports/en/11_12/E_09_Corporate_Governance.pdf
https://www.hongkongairport.com/iwov-resources/file/airport-authority/publications/annual-and-interim-reports/en/11_12/E_10_Risk_Management_Report.pdf
https://www.hongkongairport.com/iwov-resources/file/airport-authority/publications/annual-and-interim-reports/en/11_12/E_11_Event_Highlights.pdf
https://www.hongkongairport.com/iwov-resources/file/airport-authority/publications/annual-and-interim-reports/en/11_12/E_12_Passenger_Services.pdf
https://www.hongkongairport.com/iwov-resources/file/airport-authority/publications/annual-and-interim-reports/en/11_12/E_13_Cargo_and_Aviation_Services.pdf
https://www.hongkongairport.com/iwov-resources/file/airport-authority/publications/annual-and-interim-reports/en/11_12/E_14_Airfield_and_Systems.pdf
https://www.hongkongairport.com/iwov-resources/file/airport-authority/publications/annual-and-interim-reports/en/11_12/E_15_Corporate_Sustainability.pdf
https://www.hongkongairport.com/iwov-resources/file/airport-authority/publications/annual-and-interim-reports/en/11_12/E_16_Looking_Forward.pdf
https://www.hongkongairport.com/iwov-resources/file/airport-authority/publications/annual-and-interim-reports/en/11_12/E_17_Financial%20Review.pdf
https://www.hongkongairport.com/iwov-resources/file/airport-authority/publications/annual-and-interim-reports/en/11_12/E_18_Report_of_the_Members_of%20_the%20Board.pdf
https://www.hongkongairport.com/iwov-resources/file/airport-authority/publications/annual-and-interim-reports/en/11_12/E_19_Independent_Auditors_Report.pdf
https://www.hongkongairport.com/iwov-resources/file/airport-authority/publications/annual-and-interim-reports/en/11_12/E_20_Financial_Statement.pdf
https://www.hongkongairport.com/iwov-resources/file/airport-authority/publications/annual-and-interim-reports/en/11_12/E_21_Five-year_Financial_and_Operational_Summary.pdf
https://www.hongkongairport.com/iwov-resources/file/airport-authority/publications/annual-and-interim-reports/en/11_12/E_22_Airlines_and_Destinations.pdf
https://www.hongkongairport.com/iwov-resources/file/airport-authority/publications/annual-and-interim-reports/en/11_12/E_Annual%20Report_Full.pdf
https://www.hongkongairport.com/iwov-resources/file/airport-authority/publications/annual-and-interim-reports/en/12_13/E_01_Cover.pdf
https://www.hongkongairport.com/iwov-resources/file/airport-authority/publications/annual-and-interim-reports/en/12_13/E_04_15_years_of_Growth_and_Achievements.pdf
https://www.hongkongairport.com/iwov-resources/file/airport-authority/publications/annual-and-interim-reports/en/12_13/E_05_Core_Values.pdf
https://www.hongkongairport.com/iwov-resources/file/airport-authority/publications/annual-and-interim-reports/en/12_13/E_06_HKIA_Facts_Performance_Highlights.pdf
https://www.hongkongairport.com/iwov-resources/file/airport-authority/publications/annual-and-interim-reports/en/12_13/E_07_Chairman_Statement.pdf
https://www.hongkongairport.com/iwov-resources/file/airport-authority/publications/annual-and-interim-reports/en/12_13/E_08_CEO_Statement.pdf
https://www.hongkongairport.com/iwov-resources/file/airport-authority/publications/annual-and-interim-reports/en/12_13/E_09_The_Board.pdf
https://www.hongkongairport.com/iwov-resources/file/airport-authority/publications/annual-and-interim-reports/en/12_13/E_09a_Executive_Directors.pdf
https://www.hongkongairport.com/iwov-resources/file/airport-authority/publications/annual-and-interim-reports/en/12_13/E_10_Financial_and_Operational_Highlights.pdf
https://www.hongkongairport.com/iwov-resources/file/airport-authority/publications/annual-and-interim-reports/en/12_13/E_11_Corporate_Governance.pdf
https://www.hongkongairport.com/iwov-resources/file/airport-authority/publications/annual-and-interim-reports/en/12_13/E_12_Risk_Management_Report.pdf
https://www.hongkongairport.com/iwov-resources/file/airport-authority/publications/annual-and-interim-reports/en/12_13/E_13_Event_Highlights.pdf
https://www.hongkongairport.com/iwov-resources/file/airport-authority/publications/annual-and-interim-reports/en/12_13/E_14_Passenger_Services.pdf
https://www.hongkongairport.com/iwov-resources/file/airport-authority/publications/annual-and-interim-reports/en/12_13/E_15_Cargo_and_Aviation_Services.pdf
https://www.hongkongairport.com/iwov-resources/file/airport-authority/publications/annual-and-interim-reports/en/12_13/E_16_Airfield_and_Systems.pdf
https://www.hongkongairport.com/iwov-resources/file/airport-authority/publications/annual-and-interim-reports/en/12_13/E_17_Mainland_Projects.pdf
https://www.hongkongairport.com/iwov-resources/file/airport-authority/publications/annual-and-interim-reports/en/12_13/E_18_Corporate_Sustainability.pdf
https://www.hongkongairport.com/iwov-resources/file/airport-authority/publications/annual-and-interim-reports/en/12_13/E_19_Looking_Forward.pdf
https://www.hongkongairport.com/iwov-resources/file/airport-authority/publications/annual-and-interim-reports/en/12_13/E_20_Financial_Review.pdf
https://www.hongkongairport.com/iwov-resources/file/airport-authority/publications/annual-and-interim-reports/en/12_13/E_21_Report_of_the_Members_of_the%20Board.pdf
https://www.hongkongairport.com/iwov-resources/file/airport-authority/publications/annual-and-interim-reports/en/12_13/E_22_Independent_Auditors_Report.pdf
https://www.hongkongairport.com/iwov-resources/file/airport-authority/publications/annual-and-interim-reports/en/12_13/E_23_Financial_Statement.pdf
https://www.hongkongairport.com/iwov-resources/file/airport-authority/publications/annual-and-interim-reports/en/12_13/E_24_Five-year_Financial_and_Operational_Summary.pdf
https://www.hongkongairport.com/iwov-resources/file/airport-authority/publications/annual-and-interim-reports/en/12_13/E_25_Airlines_and_Destinations.pdf
https://www.hongkongairport.com/iwov-resources/file/airport-authority/publications/annual-and-interim-reports/en/12_13/E_Annual_Report_Full.pdf
https://www.hongkongairport.com/iwov-resources/file/airport-authority/publications/annual-and-interim-reports/en/13_14/E__Financial_and_Operational_HLs.pdf
https://www.hongkongairport.com/iwov-resources/file/airport-authority/publications/annual-and-interim-reports/en/13_14/E_01_Cover.pdf
https://www.hongkongairport.com/iwov-resources/file/airport-authority/publications/annual-and-interim-reports/en/13_14/E_5-year_Fin_and_Opt_Summary.pdf
https://www.hongkongairport.com/iwov-resources/file/airport-authority/publications/annual-and-interim-reports/en/13_14/E_Airfield_and_Systems.pdf
https://www.hongkongairport.com/iwov-resources/file/airport-authority/publications/annual-and-interim-reports/en/13_14/E_Airlines_and_Destinations.pdf
https://www.hongkongairport.com/iwov-resources/file/airport-authority/publications/annual-and-interim-reports/en/13_14/E_Annual_Report_Full.pdf
https://www.hongkongairport.com/iwov-resources/file/airport-authority/publications/annual-and-interim-reports/en/13_14/E_Cargo_and_Aviation_Services.pdf
https://www.hongkongairport.com/iwov-resources/file/airport-authority/publications/annual-and-interim-reports/en/13_14/E_CEO_Statement.pdf
https://www.hongkongairport.com/iwov-resources/file/airport-authority/publications/annual-and-interim-reports/en/13_14/E_Chairman_Statement.pdf
https://www.hongkongairport.com/iwov-resources/file/airport-authority/publications/annual-and-interim-reports/en/13_14/E_Core_Values.pdf
https://www.hongkongairport.com/iwov-resources/file/airport-authority/publications/annual-and-interim-reports/en/13_14/E_Corporate_Governance.pdf
https://www.hongkongairport.com/iwov-resources/file/airport-authority/publications/annual-and-interim-reports/en/13_14/E_Corporate_Sustainability.pdf
https://www.hongkongairport.com/iwov-resources/file/airport-authority/publications/annual-and-interim-reports/en/13_14/E_Event_Highlights.pdf
https://www.hongkongairport.com/iwov-resources/file/airport-authority/publications/annual-and-interim-reports/en/13_14/E_Executive_Directors.pdf
https://www.hongkongairport.com/iwov-resources/file/airport-authority/publications/annual-and-interim-reports/en/13_14/E_Facts_and_Performance_HLs.pdf
https://www.hongkongairport.com/iwov-resources/file/airport-authority/publications/annual-and-interim-reports/en/13_14/E_Financial_Review.pdf
https://www.hongkongairport.com/iwov-resources/file/airport-authority/publications/annual-and-interim-reports/en/13_14/E_Financial_Statement.pdf
https://www.hongkongairport.com/iwov-resources/file/airport-authority/publications/annual-and-interim-reports/en/13_14/E_Independent_Auditors_Report.pdf
https://www.hongkongairport.com/iwov-resources/file/airport-authority/publications/annual-and-interim-reports/en/13_14/E_Looking_Forward.pdf
https://www.hongkongairport.com/iwov-resources/file/airport-authority/publications/annual-and-interim-reports/en/13_14/E_Mainland_Projects.pdf
https://www.hongkongairport.com/iwov-resources/file/airport-authority/publications/annual-and-interim-reports/en/13_14/E_Passenger_Services.pdf
https://www.hongkongairport.com/iwov-resources/file/airport-authority/publications/annual-and-interim-reports/en/13_14/E_Report_of_Member_of_the_Board.pdf
https://www.hongkongairport.com/iwov-resources/file/airport-authority/publications/annual-and-interim-reports/en/13_14/E_Risk_Management.pdf
https://www.hongkongairport.com/iwov-resources/file/airport-authority/publications/annual-and-interim-reports/en/13_14/E_The_Board.pdf
https://www.hongkongairport.com/iwov-resources/file/airport-authority/publications/annual-and-interim-reports/en/14_15/1415_Annual_Report_EN.pdf
https://www.hongkongairport.com/iwov-resources/file/airport-authority/publications/annual-and-interim-reports/en/14_15/E01_cover.pdf
https://www.hongkongairport.com/iwov-resources/file/airport-authority/publications/annual-and-interim-reports/en/14_15/E02_core_values.pdf
https://www.hongkongairport.com/iwov-resources/file/airport-authority/publications/annual-and-interim-reports/en/14_15/E03_HKIA_facts.pdf
https://www.hongkongairport.com/iwov-resources/file/airport-authority/publications/annual-and-interim-reports/en/14_15/E04_Chairman_Statement.pdf
https://www.hongkongairport.com/iwov-resources/file/airport-authority/publications/annual-and-interim-reports/en/14_15/E05_CEO_Statement.pdf
https://www.hongkongairport.com/iwov-resources/file/airport-authority/publications/annual-and-interim-reports/en/14_15/E06_The_Board.pdf
https://www.hongkongairport.com/iwov-resources/file/airport-authority/publications/annual-and-interim-reports/en/14_15/E07_Executive_Directors.pdf
https://www.hongkongairport.com/iwov-resources/file/airport-authority/publications/annual-and-interim-reports/en/14_15/E08_Financial_&_Operational_Highlights.pdf
https://www.hongkongairport.com/iwov-resources/file/airport-authority/publications/annual-and-interim-reports/en/14_15/E09_Corporate_Governance.pdf
https://www.hongkongairport.com/iwov-resources/file/airport-authority/publications/annual-and-interim-reports/en/14_15/E10_Risk_Management.pdf
https://www.hongkongairport.com/iwov-resources/file/airport-authority/publications/annual-and-interim-reports/en/14_15/E11_Event_Highlights.pdf
https://www.hongkongairport.com/iwov-resources/file/airport-authority/publications/annual-and-interim-reports/en/14_15/E12_Passenger_Services.pdf
https://www.hongkongairport.com/iwov-resources/file/airport-authority/publications/annual-and-interim-reports/en/14_15/E13_Cargo_&_Aviation_Services.pdf
https://www.hongkongairport.com/iwov-resources/file/airport-authority/publications/annual-and-interim-reports/en/14_15/E14_Airfield_and_Systems.pdf
https://www.hongkongairport.com/iwov-resources/file/airport-authority/publications/annual-and-interim-reports/en/14_15/E15_Mainland_Projects.pdf
https://www.hongkongairport.com/iwov-resources/file/airport-authority/publications/annual-and-interim-reports/en/14_15/E16_Corporate_Sustainability.pdf
https://www.hongkongairport.com/iwov-resources/file/airport-authority/publications/annual-and-interim-reports/en/14_15/E17_Looking_Forward.pdf
https://www.hongkongairport.com/iwov-resources/file/airport-authority/publications/annual-and-interim-reports/en/14_15/E18_Financial_Review.pdf
https://www.hongkongairport.com/iwov-resources/file/airport-authority/publications/annual-and-interim-reports/en/14_15/E19_Report_of_the_Board.pdf
https://www.hongkongairport.com/iwov-resources/file/airport-authority/publications/annual-and-interim-reports/en/14_15/E20_Auditor's_Report.pdf
https://www.hongkongairport.com/iwov-resources/file/airport-authority/publications/annual-and-interim-reports/en/14_15/E21_Financial_Statements.pdf
https://www.hongkongairport.com/iwov-resources/file/airport-authority/publications/annual-and-interim-reports/en/14_15/E22_Financial_&_Operational_Summary.pdf
https://www.hongkongairport.com/iwov-resources/file/airport-authority/publications/annual-and-interim-reports/en/14_15/E23_Airlines_&_Destinations.pdf
https://www.hongkongairport.com/iwov-resources/file/airport-authority/publications/annual-and-interim-reports/en/15_16/1516_Annual_Report_EN.pdf
https://www.hongkongairport.com/iwov-resources/file/airport-authority/publications/annual-and-interim-reports/en/15_16/E01_cover.pdf
https://www.hongkongairport.com/iwov-resources/file/airport-authority/publications/annual-and-interim-reports/en/15_16/E02_core_values.pdf
https://www.hongkongairport.com/iwov-resources/file/airport-authority/publications/annual-and-interim-reports/en/15_16/E03_HKIA_facts.pdf
https://www.hongkongairport.com/iwov-resources/file/airport-authority/publications/annual-and-interim-reports/en/15_16/E04_Chairman_Statement.pdf
https://www.hongkongairport.com/iwov-resources/file/airport-authority/publications/annual-and-interim-reports/en/15_16/E05_CEO_Statement.pdf
https://www.hongkongairport.com/iwov-resources/file/airport-authority/publications/annual-and-interim-reports/en/15_16/E06_The_Board.pdf
https://www.hongkongairport.com/iwov-resources/file/airport-authority/publications/annual-and-interim-reports/en/15_16/E07_Executive_Directors.pdf
https://www.hongkongairport.com/iwov-resources/file/airport-authority/publications/annual-and-interim-reports/en/15_16/E08_Financial_&_Operational_Highlights.pdf
https://www.hongkongairport.com/iwov-resources/file/airport-authority/publications/annual-and-interim-reports/en/15_16/E09_Corporate_Governance.pdf
https://www.hongkongairport.com/iwov-resources/file/airport-authority/publications/annual-and-interim-reports/en/15_16/E10_Risk_Management.pdf
https://www.hongkongairport.com/iwov-resources/file/airport-authority/publications/annual-and-interim-reports/en/15_16/E11_Event_Highlights.pdf
https://www.hongkongairport.com/iwov-resources/file/airport-authority/publications/annual-and-interim-reports/en/15_16/E12_Passenger_Services.pdf
https://www.hongkongairport.com/iwov-resources/file/airport-authority/publications/annual-and-interim-reports/en/15_16/E13_Cargo_&_Aviation_Services.pdf
https://www.hongkongairport.com/iwov-resources/file/airport-authority/publications/annual-and-interim-reports/en/15_16/E14_Airfield_and_Systems.pdf
https://www.hongkongairport.com/iwov-resources/file/airport-authority/publications/annual-and-interim-reports/en/15_16/E15_Mainland_Projects.pdf
https://www.hongkongairport.com/iwov-resources/file/airport-authority/publications/annual-and-interim-reports/en/15_16/E16_Sustainability%20and%20People.pdf
https://www.hongkongairport.com/iwov-resources/file/airport-authority/publications/annual-and-interim-reports/en/15_16/E17_Looking_Forward.pdf
https://www.hongkongairport.com/iwov-resources/file/airport-authority/publications/annual-and-interim-reports/en/15_16/E18_Financial_Review.pdf
https://www.hongkongairport.com/iwov-resources/file/airport-authority/publications/annual-and-interim-reports/en/15_16/E19_Report%20of%20the%20Board.pdf
https://www.hongkongairport.com/iwov-resources/file/airport-authority/publications/annual-and-interim-reports/en/15_16/E20_Auditor's_Report.pdf
https://www.hongkongairport.com/iwov-resources/file/airport-authority/publications/annual-and-interim-reports/en/15_16/E21_Financial_Statements.pdf
https://www.hongkongairport.com/iwov-resources/file/airport-authority/publications/annual-and-interim-reports/en/15_16/E22_Financial_&_Operational_Summary.pdf
https://www.hongkongairport.com/iwov-resources/file/airport-authority/publications/annual-and-interim-reports/en/15_16/E23_Airlines_&_Destinations.pdf
https://www.hongkongairport.com/iwov-resources/file/airport-authority/publications/annual-and-interim-reports/en/16_17/1617_Annual_Report_EN.pdf
https://www.hongkongairport.com/iwov-resources/file/airport-authority/publications/annual-and-interim-reports/en/16_17/E01_cover.pdf
https://www.hongkongairport.com/iwov-resources/file/airport-authority/publications/annual-and-interim-reports/en/16_17/E02_our_values.pdf
https://www.hongkongairport.com/iwov-resources/file/airport-authority/publications/annual-and-interim-reports/en/16_17/E03_HKIA_facts.pdf
https://www.hongkongairport.com/iwov-resources/file/airport-authority/publications/annual-and-interim-reports/en/16_17/E04_Chairman_Statement.pdf
https://www.hongkongairport.com/iwov-resources/file/airport-authority/publications/annual-and-interim-reports/en/16_17/E05_CEO_Statement.pdf
https://www.hongkongairport.com/iwov-resources/file/airport-authority/publications/annual-and-interim-reports/en/16_17/E06_The_Board.pdf
https://www.hongkongairport.com/iwov-resources/file/airport-authority/publications/annual-and-interim-reports/en/16_17/E07_Executive_Directors.pdf
https://www.hongkongairport.com/iwov-resources/file/airport-authority/publications/annual-and-interim-reports/en/16_17/E08_Financial_and_Operational_Highlights.pdf
https://www.hongkongairport.com/iwov-resources/file/airport-authority/publications/annual-and-interim-reports/en/16_17/E09_Corporate_Governance.pdf
https://www.hongkongairport.com/iwov-resources/file/airport-authority/publications/annual-and-interim-reports/en/16_17/E10_Risk_Management_Report.pdf
https://www.hongkongairport.com/iwov-resources/file/airport-authority/publications/annual-and-interim-reports/en/16_17/E11_Event_Highlights.pdf
https://www.hongkongairport.com/iwov-resources/file/airport-authority/publications/annual-and-interim-reports/en/16_17/E12_Passenger_Services.pdf
https://www.hongkongairport.com/iwov-resources/file/airport-authority/publications/annual-and-interim-reports/en/16_17/E13_Cargo_and_Aviation_Services.pdf
https://www.hongkongairport.com/iwov-resources/file/airport-authority/publications/annual-and-interim-reports/en/16_17/E14_Airfield_and_Systems.pdf
https://www.hongkongairport.com/iwov-resources/file/airport-authority/publications/annual-and-interim-reports/en/16_17/E15_Mainland_Projects.pdf
https://www.hongkongairport.com/iwov-resources/file/airport-authority/publications/annual-and-interim-reports/en/16_17/E16_Sustainability_and_People.pdf
https://www.hongkongairport.com/iwov-resources/file/airport-authority/publications/annual-and-interim-reports/en/16_17/E17_Looking_Forward.pdf
https://www.hongkongairport.com/iwov-resources/file/airport-authority/publications/annual-and-interim-reports/en/16_17/E18_Financial_Review.pdf
https://www.hongkongairport.com/iwov-resources/file/airport-authority/publications/annual-and-interim-reports/en/16_17/E19_Report_of_the_Members_of_the_Board.pdf
https://www.hongkongairport.com/iwov-resources/file/airport-authority/publications/annual-and-interim-reports/en/16_17/E20_Independent_Auditor's_Report.pdf
https://www.hongkongairport.com/iwov-resources/file/airport-authority/publications/annual-and-interim-reports/en/16_17/E21_Financial_Statements.pdf
https://www.hongkongairport.com/iwov-resources/file/airport-authority/publications/annual-and-interim-reports/en/16_17/E22_5years_Financial_and_Operational_Summary.pdf
https://www.hongkongairport.com/iwov-resources/file/airport-authority/publications/annual-and-interim-reports/en/16_17/E23_Airlines_and_Destinations.pdf
https://www.hongkongairport.com/iwov-resources/file/airport-authority/publications/annual-and-interim-reports/en/17_18/01-cover.pdf
https://www.hongkongairport.com/iwov-resources/file/airport-authority/publications/annual-and-interim-reports/en/17_18/02-20yrs.pdf
https://www.hongkongairport.com/iwov-resources/file/airport-authority/publications/annual-and-interim-reports/en/17_18/03-our-values.pdf
https://www.hongkongairport.com/iwov-resources/file/airport-authority/publications/annual-and-interim-reports/en/17_18/04-hkia-facts.pdf
https://www.hongkongairport.com/iwov-resources/file/airport-authority/publications/annual-and-interim-reports/en/17_18/05-chairman-statement.pdf
https://www.hongkongairport.com/iwov-resources/file/airport-authority/publications/annual-and-interim-reports/en/17_18/06-ceo-statement.pdf
https://www.hongkongairport.com/iwov-resources/file/airport-authority/publications/annual-and-interim-reports/en/17_18/07-the-board.pdf
https://www.hongkongairport.com/iwov-resources/file/airport-authority/publications/annual-and-interim-reports/en/17_18/08-executive-directors.pdf
https://www.hongkongairport.com/iwov-resources/file/airport-authority/publications/annual-and-interim-reports/en/17_18/09-financial-ops-highlights.pdf
https://www.hongkongairport.com/iwov-resources/file/airport-authority/publications/annual-and-interim-reports/en/17_18/10-corporate-governance.pdf
https://www.hongkongairport.com/iwov-resources/file/airport-authority/publications/annual-and-interim-reports/en/17_18/11-risk-mgt-report.pdf
https://www.hongkongairport.com/iwov-resources/file/airport-authority/publications/annual-and-interim-reports/en/17_18/12-event-highlights.pdf
https://www.hongkongairport.com/iwov-resources/file/airport-authority/publications/annual-and-interim-reports/en/17_18/13-passenger-services.pdf
https://www.hongkongairport.com/iwov-resources/file/airport-authority/publications/annual-and-interim-reports/en/17_18/14-cargo-aviation-services.pdf
https://www.hongkongairport.com/iwov-resources/file/airport-authority/publications/annual-and-interim-reports/en/17_18/15-airfield-systems.pdf
https://www.hongkongairport.com/iwov-resources/file/airport-authority/publications/annual-and-interim-reports/en/17_18/16-mainland-projects.pdf
https://www.hongkongairport.com/iwov-resources/file/airport-authority/publications/annual-and-interim-reports/en/17_18/17-sust-people.pdf
https://www.hongkongairport.com/iwov-resources/file/airport-authority/publications/annual-and-interim-reports/en/17_18/1718-full-report-eng-2.pdf
https://www.hongkongairport.com/iwov-resources/file/airport-authority/publications/annual-and-interim-reports/en/17_18/19-financial-review.pdf
https://www.hongkongairport.com/iwov-resources/file/airport-authority/publications/annual-and-interim-reports/en/17_18/20-report-of-member-of-the-board.pdf
https://www.hongkongairport.com/iwov-resources/file/airport-authority/publications/annual-and-interim-reports/en/17_18/21-indepedent-auditor-report.pdf
https://www.hongkongairport.com/iwov-resources/file/airport-authority/publications/annual-and-interim-reports/en/17_18/22-consolidated-financial-statement.pdf
https://www.hongkongairport.com/iwov-resources/file/airport-authority/publications/annual-and-interim-reports/en/17_18/23-five-yr-summary.pdf
https://www.hongkongairport.com/iwov-resources/file/airport-authority/publications/annual-and-interim-reports/en/17_18/24-airlines-operators.pdf
https://www.hongkongairport.com/iwov-resources/file/airport-authority/publications/annual-and-interim-reports/en/17_18/E18-looking-forward-2.pdf
https://www.hongkongairport.com/iwov-resources/file/airport-authority/publications/annual-and-interim-reports/en/18_19/AR1819_Eng_Airfield-and-Systems.pdf
https://www.hongkongairport.com/iwov-resources/file/airport-authority/publications/annual-and-interim-reports/en/18_19/AR1819_Eng_Airlines-and-Destinations.pdf
https://www.hongkongairport.com/iwov-resources/file/airport-authority/publications/annual-and-interim-reports/en/18_19/AR1819_Eng_Cargo-and-Aviation-Services.pdf
https://www.hongkongairport.com/iwov-resources/file/airport-authority/publications/annual-and-interim-reports/en/18_19/AR1819_Eng_CEO's-Statement.pdf
https://www.hongkongairport.com/iwov-resources/file/airport-authority/publications/annual-and-interim-reports/en/18_19/AR1819_Eng_Chairman's-Statement.pdf
https://www.hongkongairport.com/iwov-resources/file/airport-authority/publications/annual-and-interim-reports/en/18_19/AR1819_Eng_Consolidated-Financial-Statements.pdf
https://www.hongkongairport.com/iwov-resources/file/airport-authority/publications/annual-and-interim-reports/en/18_19/AR1819_Eng_Corporate-Governance.pdf
https://www.hongkongairport.com/iwov-resources/file/airport-authority/publications/annual-and-interim-reports/en/18_19/AR1819_Eng_Cover.pdf
https://www.hongkongairport.com/iwov-resources/file/airport-authority/publications/annual-and-interim-reports/en/18_19/AR1819_Eng_Event-Highlights.pdf
https://www.hongkongairport.com/iwov-resources/file/airport-authority/publications/annual-and-interim-reports/en/18_19/AR1819_Eng_Executive-Directors.pdf
https://www.hongkongairport.com/iwov-resources/file/airport-authority/publications/annual-and-interim-reports/en/18_19/AR1819_Eng_Financial-and-Operational-Highlights.pdf
https://www.hongkongairport.com/iwov-resources/file/airport-authority/publications/annual-and-interim-reports/en/18_19/AR1819_Eng_Financial-Review.pdf
https://www.hongkongairport.com/iwov-resources/file/airport-authority/publications/annual-and-interim-reports/en/18_19/AR1819_Eng_Five-year-Financial-and-Operational-Summary.pdf
https://www.hongkongairport.com/iwov-resources/file/airport-authority/publications/annual-and-interim-reports/en/18_19/AR1819_Eng_Full-Report.pdf
https://www.hongkongairport.com/iwov-resources/file/airport-authority/publications/annual-and-interim-reports/en/18_19/AR1819_Eng_HKIA-Facts-and-Performance-Highlights.pdf
https://www.hongkongairport.com/iwov-resources/file/airport-authority/publications/annual-and-interim-reports/en/18_19/AR1819_Eng_Independent-Auditor's-Report.pdf
https://www.hongkongairport.com/iwov-resources/file/airport-authority/publications/annual-and-interim-reports/en/18_19/AR1819_Eng_Looking-Forward.pdf
https://www.hongkongairport.com/iwov-resources/file/airport-authority/publications/annual-and-interim-reports/en/18_19/AR1819_Eng_Mainland-Projects.pdf
https://www.hongkongairport.com/iwov-resources/file/airport-authority/publications/annual-and-interim-reports/en/18_19/AR1819_Eng_Our-Values.pdf
https://www.hongkongairport.com/iwov-resources/file/airport-authority/publications/annual-and-interim-reports/en/18_19/AR1819_Eng_Passenger-Services.pdf
https://www.hongkongairport.com/iwov-resources/file/airport-authority/publications/annual-and-interim-reports/en/18_19/AR1819_Eng_Report-of-the-Members-of-the-Board.pdf
https://www.hongkongairport.com/iwov-resources/file/airport-authority/publications/annual-and-interim-reports/en/18_19/AR1819_Eng_Risk-Management.pdf
https://www.hongkongairport.com/iwov-resources/file/airport-authority/publications/annual-and-interim-reports/en/18_19/AR1819_Eng_Sustainability-and-People.pdf
https://www.hongkongairport.com/iwov-resources/file/airport-authority/publications/annual-and-interim-reports/en/18_19/AR1819_Eng_The-Board.pdf
https://www.hongkongairport.com/iwov-resources/file/airport-authority/publications/annual-and-interim-reports/en/19_20/01_AR1920_Eng_Cover.pdf
https://www.hongkongairport.com/iwov-resources/file/airport-authority/publications/annual-and-interim-reports/en/19_20/02_AR1920_Eng_Our_Values.pdf
https://www.hongkongairport.com/iwov-resources/file/airport-authority/publications/annual-and-interim-reports/en/19_20/03_AR1920_Eng_HKIA_Facts.pdf
https://www.hongkongairport.com/iwov-resources/file/airport-authority/publications/annual-and-interim-reports/en/19_20/04_AR1920_Eng_Chairman's_Statement.pdf
https://www.hongkongairport.com/iwov-resources/file/airport-authority/publications/annual-and-interim-reports/en/19_20/05_AR1920_Eng_CEO's_Statement.pdf
https://www.hongkongairport.com/iwov-resources/file/airport-authority/publications/annual-and-interim-reports/en/19_20/06_AR1920_Eng_The_Board.pdf
https://www.hongkongairport.com/iwov-resources/file/airport-authority/publications/annual-and-interim-reports/en/19_20/07_AR1920_Eng_Executive_Directors.pdf
https://www.hongkongairport.com/iwov-resources/file/airport-authority/publications/annual-and-interim-reports/en/19_20/08_AR1920_Eng_Financial_and_Operational_Highlights.pdf
https://www.hongkongairport.com/iwov-resources/file/airport-authority/publications/annual-and-interim-reports/en/19_20/09_AR1920_Eng_Corporate_Governance.pdf
https://www.hongkongairport.com/iwov-resources/file/airport-authority/publications/annual-and-interim-reports/en/19_20/10_AR1920_Eng_Risk_Management.pdf
https://www.hongkongairport.com/iwov-resources/file/airport-authority/publications/annual-and-interim-reports/en/19_20/11_AR1920_Eng_Event_Highlights.pdf
https://www.hongkongairport.com/iwov-resources/file/airport-authority/publications/annual-and-interim-reports/en/19_20/12_AR1920_Eng_Passenger_Services.pdf
https://www.hongkongairport.com/iwov-resources/file/airport-authority/publications/annual-and-interim-reports/en/19_20/13_AR1920_Eng_Cargo_and_Aviation_Services.pdf
https://www.hongkongairport.com/iwov-resources/file/airport-authority/publications/annual-and-interim-reports/en/19_20/14_AR1920_Eng_Airfield_and_Systems.pdf
https://www.hongkongairport.com/iwov-resources/file/airport-authority/publications/annual-and-interim-reports/en/19_20/15_AR1920_Eng_Mainland_Projects.pdf
https://www.hongkongairport.com/iwov-resources/file/airport-authority/publications/annual-and-interim-reports/en/19_20/16_AR1920_Eng_Sustainability_and_People.pdf
https://www.hongkongairport.com/iwov-resources/file/airport-authority/publications/annual-and-interim-reports/en/19_20/17_AR1920_Eng_Looking_Forward.pdf
https://www.hongkongairport.com/iwov-resources/file/airport-authority/publications/annual-and-interim-reports/en/19_20/18_AR1920_Eng_Financial_Review.pdf
https://www.hongkongairport.com/iwov-resources/file/airport-authority/publications/annual-and-interim-reports/en/19_20/19_AR1920_Eng_Report_of_the_Members_of_the_Board.pdf
https://www.hongkongairport.com/iwov-resources/file/airport-authority/publications/annual-and-interim-reports/en/19_20/20_AR1920_Eng_Independent_Auditor's_Report.pdf
https://www.hongkongairport.com/iwov-resources/file/airport-authority/publications/annual-and-interim-reports/en/19_20/21_AR1920_Eng_Consolidated_Financial_Statements.pdf
https://www.hongkongairport.com/iwov-resources/file/airport-authority/publications/annual-and-interim-reports/en/19_20/22_AR1920_Eng_Five-year_Financial_and_Operational_Summary.pdf
https://www.hongkongairport.com/iwov-resources/file/airport-authority/publications/annual-and-interim-reports/en/19_20/23_AR1920_Eng_Airlines_and_Destinations.pdf
https://www.hongkongairport.com/iwov-resources/file/airport-authority/publications/annual-and-interim-reports/en/19_20/AR1920_Eng_Full-Report.pdf
https://www.hongkongairport.com/iwov-resources/file/airport-authority/publications/annual-and-interim-reports/en/20_21/01_AR2021_Eng_Cover.pdf
https://www.hongkongairport.com/iwov-resources/file/airport-authority/publications/annual-and-interim-reports/en/20_21/02_AR2021_Eng_Our_Values.pdf
https://www.hongkongairport.com/iwov-resources/file/airport-authority/publications/annual-and-interim-reports/en/20_21/03_AR2021_Eng_HKIA_Facts.pdf
https://www.hongkongairport.com/iwov-resources/file/airport-authority/publications/annual-and-interim-reports/en/20_21/04_AR2021_Eng_Chairman's_Statement.pdf
https://www.hongkongairport.com/iwov-resources/file/airport-authority/publications/annual-and-interim-reports/en/20_21/05_AR2021_Eng_CEO's_Statement.pdf
https://www.hongkongairport.com/iwov-resources/file/airport-authority/publications/annual-and-interim-reports/en/20_21/06_AR2021_Eng_The_Board.pdf
https://www.hongkongairport.com/iwov-resources/file/airport-authority/publications/annual-and-interim-reports/en/20_21/07_AR2021_Eng_Executive_Directors.pdf
https://www.hongkongairport.com/iwov-resources/file/airport-authority/publications/annual-and-interim-reports/en/20_21/08_AR2021_Eng_Financial_and_Operational_Highlights.pdf
https://www.hongkongairport.com/iwov-resources/file/airport-authority/publications/annual-and-interim-reports/en/20_21/09_AR2021_Eng_Corporate_Governance.pdf
https://www.hongkongairport.com/iwov-resources/file/airport-authority/publications/annual-and-interim-reports/en/20_21/10_AR2021_Eng_Risk_Management.pdf
https://www.hongkongairport.com/iwov-resources/file/airport-authority/publications/annual-and-interim-reports/en/20_21/11_AR2021_Eng_Event_Highlights.pdf
https://www.hongkongairport.com/iwov-resources/file/airport-authority/publications/annual-and-interim-reports/en/20_21/12_AR2021_Eng_Passenger_Services.pdf
https://www.hongkongairport.com/iwov-resources/file/airport-authority/publications/annual-and-interim-reports/en/20_21/13_AR2021_Eng_Cargo_and_Aviation_Services.pdf
https://www.hongkongairport.com/iwov-resources/file/airport-authority/publications/annual-and-interim-reports/en/20_21/14_AR2021_Eng_Airfield_and_Systems.pdf
https://www.hongkongairport.com/iwov-resources/file/airport-authority/publications/annual-and-interim-reports/en/20_21/15_AR2021_Eng_Mainland_Projects.pdf
https://www.hongkongairport.com/iwov-resources/file/airport-authority/publications/annual-and-interim-reports/en/20_21/16_AR2021_Eng_Sustainability_and_People.pdf
https://www.hongkongairport.com/iwov-resources/file/airport-authority/publications/annual-and-interim-reports/en/20_21/17_AR2021_Eng_Looking_Forward.pdf
https://www.hongkongairport.com/iwov-resources/file/airport-authority/publications/annual-and-interim-reports/en/20_21/18_AR2021_Eng_Financial_Review.pdf
https://www.hongkongairport.com/iwov-resources/file/airport-authority/publications/annual-and-interim-reports/en/20_21/19_AR2021_Eng_Report_of_the_Members_of_the_Board.pdf
https://www.hongkongairport.com/iwov-resources/file/airport-authority/publications/annual-and-interim-reports/en/20_21/20_AR2021_Eng_Independent_Auditor's_Report.pdf
https://www.hongkongairport.com/iwov-resources/file/airport-authority/publications/annual-and-interim-reports/en/20_21/21_AR2021_Eng_Consolidated_Financial_Statements.pdf
https://www.hongkongairport.com/iwov-resources/file/airport-authority/publications/annual-and-interim-reports/en/20_21/22_AR2021_Eng_Five-year_Financial_and_Operational_Summary.pdf
https://www.hongkongairport.com/iwov-resources/file/airport-authority/publications/annual-and-interim-reports/en/20_21/23_AR2021_Eng_Airlines_and_Destinations.pdf
https://www.hongkongairport.com/iwov-resources/file/airport-authority/publications/annual-and-interim-reports/en/20_21/AR2021_Eng_Full_report.pdf
https://www.hongkongairport.com/iwov-resources/file/airport-authority/publications/annual-and-interim-reports/en/interim/2006.pdf
https://www.hongkongairport.com/iwov-resources/file/airport-authority/publications/annual-and-interim-reports/en/interim/2007.pdf
https://www.hongkongairport.com/iwov-resources/file/airport-authority/publications/annual-and-interim-reports/en/interim/2008.pdf
https://www.hongkongairport.com/iwov-resources/file/airport-authority/publications/annual-and-interim-reports/en/interim/2009.pdf
https://www.hongkongairport.com/iwov-resources/file/airport-authority/publications/annual-and-interim-reports/en/interim/2010.pdf
https://www.hongkongairport.com/iwov-resources/file/airport-authority/publications/annual-and-interim-reports/en/interim/2011.pdf
https://www.hongkongairport.com/iwov-resources/file/airport-authority/publications/annual-and-interim-reports/en/interim/2012.pdf
https://www.hongkongairport.com/iwov-resources/file/airport-authority/publications/annual-and-interim-reports/en/interim/2013.pdf
https://www.hongkongairport.com/iwov-resources/file/airport-authority/publications/annual-and-interim-reports/en/interim/2014.pdf
https://www.hongkongairport.com/iwov-resources/file/airport-authority/publications/annual-and-interim-reports/en/interim/2015.pdf
https://www.hongkongairport.com/iwov-resources/file/airport-authority/publications/annual-and-interim-reports/en/interim/2016.pdf
https://www.hongkongairport.com/iwov-resources/file/airport-authority/publications/annual-and-interim-reports/en/interim/2017.pdf
https://www.hongkongairport.com/iwov-resources/file/airport-authority/publications/annual-and-interim-reports/en/interim/2018.pdf
https://www.hongkongairport.com/iwov-resources/file/airport-authority/publications/annual-and-interim-reports/en/interim/2019.pdf
https://www.hongkongairport.com/iwov-resources/file/airport-authority/publications/annual-and-interim-reports/en/interim/2020.pdf
https://www.hongkongairport.com/iwov-resources/file/airport-authority/publications/annual-and-interim-reports/en/interim/2021.pdf
https://www.hongkongairport.com/iwov-resources/file/airport-authority/publications/annual-and-interim-reports/sc/00_01/auditor_report.pdf
https://www.hongkongairport.com/iwov-resources/file/airport-authority/publications/annual-and-interim-reports/sc/00_01/authority_balance_sheet.pdf
https://www.hongkongairport.com/iwov-resources/file/airport-authority/publications/annual-and-interim-reports/sc/00_01/authority_pro_loss.pdf
https://www.hongkongairport.com/iwov-resources/file/airport-authority/publications/annual-and-interim-reports/sc/00_01/c_full.pdf
https://www.hongkongairport.com/iwov-resources/file/airport-authority/publications/annual-and-interim-reports/sc/00_01/ceo_overview.pdf
https://www.hongkongairport.com/iwov-resources/file/airport-authority/publications/annual-and-interim-reports/sc/00_01/chairman_statement.pdf
https://www.hongkongairport.com/iwov-resources/file/airport-authority/publications/annual-and-interim-reports/sc/00_01/consolidated_balance_sheet.pdf
https://www.hongkongairport.com/iwov-resources/file/airport-authority/publications/annual-and-interim-reports/sc/00_01/consolidated_cash_flow_state.pdf
https://www.hongkongairport.com/iwov-resources/file/airport-authority/publications/annual-and-interim-reports/sc/00_01/consolidated_profit_loss.pdf
https://www.hongkongairport.com/iwov-resources/file/airport-authority/publications/annual-and-interim-reports/sc/00_01/notes.pdf
https://www.hongkongairport.com/iwov-resources/file/airport-authority/publications/annual-and-interim-reports/sc/11_12/C_01_Cover.pdf
https://www.hongkongairport.com/iwov-resources/file/airport-authority/publications/annual-and-interim-reports/sc/11_12/C_03_Core%20Values.pdf
https://www.hongkongairport.com/iwov-resources/file/airport-authority/publications/annual-and-interim-reports/sc/11_12/C_04_HKIA_Facts_Performance_Highlights.pdf
https://www.hongkongairport.com/iwov-resources/file/airport-authority/publications/annual-and-interim-reports/sc/11_12/C_05_Chairman_Statement.pdf
https://www.hongkongairport.com/iwov-resources/file/airport-authority/publications/annual-and-interim-reports/sc/11_12/C_06_CEO_Statement.pdf
https://www.hongkongairport.com/iwov-resources/file/airport-authority/publications/annual-and-interim-reports/sc/11_12/C_07_The_Board_and_Executive_Directors.pdf
https://www.hongkongairport.com/iwov-resources/file/airport-authority/publications/annual-and-interim-reports/sc/11_12/C_08_Financial_and_Operational_Highlights.pdf
https://www.hongkongairport.com/iwov-resources/file/airport-authority/publications/annual-and-interim-reports/sc/11_12/C_09_Corporate_Governance.pdf
https://www.hongkongairport.com/iwov-resources/file/airport-authority/publications/annual-and-interim-reports/sc/11_12/C_10_Risk_Management_Report.pdf
https://www.hongkongairport.com/iwov-resources/file/airport-authority/publications/annual-and-interim-reports/sc/11_12/C_11_Event_Highlights.pdf
https://www.hongkongairport.com/iwov-resources/file/airport-authority/publications/annual-and-interim-reports/sc/11_12/C_12_Passenger_Services.pdf
https://www.hongkongairport.com/iwov-resources/file/airport-authority/publications/annual-and-interim-reports/sc/11_12/C_13_Cargo_and_Aviation_Services.pdf
https://www.hongkongairport.com/iwov-resources/file/airport-authority/publications/annual-and-interim-reports/sc/11_12/C_14_Airfield_and_Systems.pdf
https://www.hongkongairport.com/iwov-resources/file/airport-authority/publications/annual-and-interim-reports/sc/11_12/C_15_Corporate_Sustainability.pdf
https://www.hongkongairport.com/iwov-resources/file/airport-authority/publications/annual-and-interim-reports/sc/11_12/C_16_Looking_Forward.pdf
https://www.hongkongairport.com/iwov-resources/file/airport-authority/publications/annual-and-interim-reports/sc/11_12/C_17_Financial%20Review.pdf
https://www.hongkongairport.com/iwov-resources/file/airport-authority/publications/annual-and-interim-reports/sc/11_12/C_18_Report_of_the_Members_of%20_the%20Board.pdf
https://www.hongkongairport.com/iwov-resources/file/airport-authority/publications/annual-and-interim-reports/sc/11_12/C_19_Independent_Auditors_Report.pdf
https://www.hongkongairport.com/iwov-resources/file/airport-authority/publications/annual-and-interim-reports/sc/11_12/C_20_Financial_Statement.pdf
https://www.hongkongairport.com/iwov-resources/file/airport-authority/publications/annual-and-interim-reports/sc/11_12/C_21_Five-year_Financial_and_Operational_Summary.pdf
https://www.hongkongairport.com/iwov-resources/file/airport-authority/publications/annual-and-interim-reports/sc/11_12/C_22_Airlines_and_Destinations.pdf
https://www.hongkongairport.com/iwov-resources/file/airport-authority/publications/annual-and-interim-reports/sc/11_12/C_Annual%20Report_Full.pdf
https://www.hongkongairport.com/iwov-resources/file/airport-authority/publications/annual-and-interim-reports/sc/interim/2006.pdf
https://www.hongkongairport.com/iwov-resources/file/airport-authority/publications/annual-and-interim-reports/sc/interim/2007.pdf
https://www.hongkongairport.com/iwov-resources/file/airport-authority/publications/annual-and-interim-reports/sc/interim/2008.pdf
https://www.hongkongairport.com/iwov-resources/file/airport-authority/publications/annual-and-interim-reports/sc/interim/2009.pdf
https://www.hongkongairport.com/iwov-resources/file/airport-authority/publications/annual-and-interim-reports/sc/interim/2010.pdf
https://www.hongkongairport.com/iwov-resources/file/airport-authority/publications/annual-and-interim-reports/sc/interim/2011.pdf
https://www.hongkongairport.com/iwov-resources/file/airport-authority/publications/annual-and-interim-reports/sc/interim/2012.pdf
https://www.hongkongairport.com/iwov-resources/file/airport-authority/publications/annual-and-interim-reports/sc/interim/2013.pdf
https://www.hongkongairport.com/iwov-resources/file/airport-authority/publications/annual-and-interim-reports/sc/interim/2014.pdf
https://www.hongkongairport.com/iwov-resources/file/airport-authority/publications/annual-and-interim-reports/sc/interim/2015.pdf
https://www.hongkongairport.com/iwov-resources/file/airport-authority/publications/annual-and-interim-reports/sc/interim/2016.pdf
https://www.hongkongairport.com/iwov-resources/file/airport-authority/publications/annual-and-interim-reports/sc/interim/2017.pdf
https://www.hongkongairport.com/iwov-resources/file/airport-authority/publications/annual-and-interim-reports/tc/00_01/auditor_report.pdf
https://www.hongkongairport.com/iwov-resources/file/airport-authority/publications/annual-and-interim-reports/tc/00_01/authority_balance_sheet.pdf
https://www.hongkongairport.com/iwov-resources/file/airport-authority/publications/annual-and-interim-reports/tc/00_01/authority_pro_loss.pdf
https://www.hongkongairport.com/iwov-resources/file/airport-authority/publications/annual-and-interim-reports/tc/00_01/c_full.pdf
https://www.hongkongairport.com/iwov-resources/file/airport-authority/publications/annual-and-interim-reports/tc/00_01/ceo_overview.pdf
https://www.hongkongairport.com/iwov-resources/file/airport-authority/publications/annual-and-interim-reports/tc/00_01/chairman_statement.pdf
https://www.hongkongairport.com/iwov-resources/file/airport-authority/publications/annual-and-interim-reports/tc/00_01/consolidated_balance_sheet.pdf
https://www.hongkongairport.com/iwov-resources/file/airport-authority/publications/annual-and-interim-reports/tc/00_01/consolidated_cash_flow_state.pdf
https://www.hongkongairport.com/iwov-resources/file/airport-authority/publications/annual-and-interim-reports/tc/00_01/consolidated_profit_loss.pdf
https://www.hongkongairport.com/iwov-resources/file/airport-authority/publications/annual-and-interim-reports/tc/00_01/notes.pdf
https://www.hongkongairport.com/iwov-resources/file/airport-authority/publications/annual-and-interim-reports/tc/01_02/auditor_report.pdf
https://www.hongkongairport.com/iwov-resources/file/airport-authority/publications/annual-and-interim-reports/tc/01_02/board_ed.pdf
https://www.hongkongairport.com/iwov-resources/file/airport-authority/publications/annual-and-interim-reports/tc/01_02/business_review.pdf
https://www.hongkongairport.com/iwov-resources/file/airport-authority/publications/annual-and-interim-reports/tc/01_02/c_full.pdf
https://www.hongkongairport.com/iwov-resources/file/airport-authority/publications/annual-and-interim-reports/tc/01_02/ceo_overview.pdf
https://www.hongkongairport.com/iwov-resources/file/airport-authority/publications/annual-and-interim-reports/tc/01_02/chairman_statement.pdf
https://www.hongkongairport.com/iwov-resources/file/airport-authority/publications/annual-and-interim-reports/tc/01_02/corp_comm.pdf
https://www.hongkongairport.com/iwov-resources/file/airport-authority/publications/annual-and-interim-reports/tc/01_02/cust_retail.pdf
https://www.hongkongairport.com/iwov-resources/file/airport-authority/publications/annual-and-interim-reports/tc/01_02/event_highlight.pdf
https://www.hongkongairport.com/iwov-resources/file/airport-authority/publications/annual-and-interim-reports/tc/01_02/financial_review.pdf
https://www.hongkongairport.com/iwov-resources/file/airport-authority/publications/annual-and-interim-reports/tc/01_02/financial.pdf
https://www.hongkongairport.com/iwov-resources/file/airport-authority/publications/annual-and-interim-reports/tc/01_02/notes.pdf
https://www.hongkongairport.com/iwov-resources/file/airport-authority/publications/annual-and-interim-reports/tc/01_02/plan_growth.pdf
https://www.hongkongairport.com/iwov-resources/file/airport-authority/publications/annual-and-interim-reports/tc/01_02/profile.pdf
https://www.hongkongairport.com/iwov-resources/file/airport-authority/publications/annual-and-interim-reports/tc/01_02/report_bm.pdf
https://www.hongkongairport.com/iwov-resources/file/airport-authority/publications/annual-and-interim-reports/tc/01_02/safety_quality.pdf
https://www.hongkongairport.com/iwov-resources/file/airport-authority/publications/annual-and-interim-reports/tc/02_03/000_insideCover_chi.pdf
https://www.hongkongairport.com/iwov-resources/file/airport-authority/publications/annual-and-interim-reports/tc/02_03/001_Contents_chi.pdf
https://www.hongkongairport.com/iwov-resources/file/airport-authority/publications/annual-and-interim-reports/tc/02_03/002_Event_Highlights_chi.pdf
https://www.hongkongairport.com/iwov-resources/file/airport-authority/publications/annual-and-interim-reports/tc/02_03/004_Chairman_chi.pdf
https://www.hongkongairport.com/iwov-resources/file/airport-authority/publications/annual-and-interim-reports/tc/02_03/008_CEO_chi.pdf
https://www.hongkongairport.com/iwov-resources/file/airport-authority/publications/annual-and-interim-reports/tc/02_03/012_the_board_chi.pdf
https://www.hongkongairport.com/iwov-resources/file/airport-authority/publications/annual-and-interim-reports/tc/02_03/014_Financial_Highlights_chi.pdf
https://www.hongkongairport.com/iwov-resources/file/airport-authority/publications/annual-and-interim-reports/tc/02_03/015_Business_Review_chi.pdf
https://www.hongkongairport.com/iwov-resources/file/airport-authority/publications/annual-and-interim-reports/tc/02_03/018_safety_chi.pdf
https://www.hongkongairport.com/iwov-resources/file/airport-authority/publications/annual-and-interim-reports/tc/02_03/024_Customers_chi.pdf
https://www.hongkongairport.com/iwov-resources/file/airport-authority/publications/annual-and-interim-reports/tc/02_03/030_Planning_chi.pdf
https://www.hongkongairport.com/iwov-resources/file/airport-authority/publications/annual-and-interim-reports/tc/02_03/036_Corporate_chi.pdf
https://www.hongkongairport.com/iwov-resources/file/airport-authority/publications/annual-and-interim-reports/tc/02_03/040_Financial_Review_chi.pdf
https://www.hongkongairport.com/iwov-resources/file/airport-authority/publications/annual-and-interim-reports/tc/02_03/047_Report_of_the_members_chi.pdf
https://www.hongkongairport.com/iwov-resources/file/airport-authority/publications/annual-and-interim-reports/tc/02_03/052_Auditor_report_chi.pdf
https://www.hongkongairport.com/iwov-resources/file/airport-authority/publications/annual-and-interim-reports/tc/02_03/053_C_Financial_Statements.pdf
https://www.hongkongairport.com/iwov-resources/file/airport-authority/publications/annual-and-interim-reports/tc/02_03/080_C_Five_Year_Summary.pdf
https://www.hongkongairport.com/iwov-resources/file/airport-authority/publications/annual-and-interim-reports/tc/02_03/081_insideback_chi.pdf
https://www.hongkongairport.com/iwov-resources/file/airport-authority/publications/annual-and-interim-reports/tc/02_03/c_full.pdf
https://www.hongkongairport.com/iwov-resources/file/airport-authority/publications/annual-and-interim-reports/tc/03_04/Auditors_Report_chi.pdf
https://www.hongkongairport.com/iwov-resources/file/airport-authority/publications/annual-and-interim-reports/tc/03_04/Back_Cover_chi.pdf
https://www.hongkongairport.com/iwov-resources/file/airport-authority/publications/annual-and-interim-reports/tc/03_04/Balance_Sheet_chi.pdf
https://www.hongkongairport.com/iwov-resources/file/airport-authority/publications/annual-and-interim-reports/tc/03_04/c_full.pdf
https://www.hongkongairport.com/iwov-resources/file/airport-authority/publications/annual-and-interim-reports/tc/03_04/CEO_Overview_chi.pdf
https://www.hongkongairport.com/iwov-resources/file/airport-authority/publications/annual-and-interim-reports/tc/03_04/Chairman_Statement_chi.pdf
https://www.hongkongairport.com/iwov-resources/file/airport-authority/publications/annual-and-interim-reports/tc/03_04/Consol_1_chi.pdf
https://www.hongkongairport.com/iwov-resources/file/airport-authority/publications/annual-and-interim-reports/tc/03_04/Corporate_Governance_chi.pdf
https://www.hongkongairport.com/iwov-resources/file/airport-authority/publications/annual-and-interim-reports/tc/03_04/Cover_Contents_chi.pdf
https://www.hongkongairport.com/iwov-resources/file/airport-authority/publications/annual-and-interim-reports/tc/03_04/Event_Highlights_chi.pdf
https://www.hongkongairport.com/iwov-resources/file/airport-authority/publications/annual-and-interim-reports/tc/03_04/ExCom_chi.pdf
https://www.hongkongairport.com/iwov-resources/file/airport-authority/publications/annual-and-interim-reports/tc/03_04/Financial_Highlights_chi.pdf
https://www.hongkongairport.com/iwov-resources/file/airport-authority/publications/annual-and-interim-reports/tc/03_04/Financial_Review_chi.pdf
https://www.hongkongairport.com/iwov-resources/file/airport-authority/publications/annual-and-interim-reports/tc/03_04/Financial_Statement_chi.pdf
https://www.hongkongairport.com/iwov-resources/file/airport-authority/publications/annual-and-interim-reports/tc/03_04/Five_year_Summary_chi.pdf
https://www.hongkongairport.com/iwov-resources/file/airport-authority/publications/annual-and-interim-reports/tc/03_04/Income_Statement_chi.pdf
https://www.hongkongairport.com/iwov-resources/file/airport-authority/publications/annual-and-interim-reports/tc/03_04/Noteso_1_chi.pdf
https://www.hongkongairport.com/iwov-resources/file/airport-authority/publications/annual-and-interim-reports/tc/03_04/Our_Business_chi.pdf
https://www.hongkongairport.com/iwov-resources/file/airport-authority/publications/annual-and-interim-reports/tc/03_04/Our_Core_Values_chi.pdf
https://www.hongkongairport.com/iwov-resources/file/airport-authority/publications/annual-and-interim-reports/tc/03_04/Our_Growth_chi.pdf
https://www.hongkongairport.com/iwov-resources/file/airport-authority/publications/annual-and-interim-reports/tc/03_04/Report_of_the_Board_chi.pdf
https://www.hongkongairport.com/iwov-resources/file/airport-authority/publications/annual-and-interim-reports/tc/03_04/Statem_1_chi.pdf
https://www.hongkongairport.com/iwov-resources/file/airport-authority/publications/annual-and-interim-reports/tc/03_04/The_Board_chi.pdf
https://www.hongkongairport.com/iwov-resources/file/airport-authority/publications/annual-and-interim-reports/tc/03_04/Theme_chi.pdf
https://www.hongkongairport.com/iwov-resources/file/airport-authority/publications/annual-and-interim-reports/tc/04_05/01_contents_c.pdf
https://www.hongkongairport.com/iwov-resources/file/airport-authority/publications/annual-and-interim-reports/tc/04_05/02_theme_c.pdf
https://www.hongkongairport.com/iwov-resources/file/airport-authority/publications/annual-and-interim-reports/tc/04_05/03_event_highlights_c.pdf
https://www.hongkongairport.com/iwov-resources/file/airport-authority/publications/annual-and-interim-reports/tc/04_05/04_chairmans_statement_c.pdf
https://www.hongkongairport.com/iwov-resources/file/airport-authority/publications/annual-and-interim-reports/tc/04_05/05_statement_of_the_CEO_c.pdf
https://www.hongkongairport.com/iwov-resources/file/airport-authority/publications/annual-and-interim-reports/tc/04_05/06_the_board_c.pdf
https://www.hongkongairport.com/iwov-resources/file/airport-authority/publications/annual-and-interim-reports/tc/04_05/07_senior_executives_c.pdf
https://www.hongkongairport.com/iwov-resources/file/airport-authority/publications/annual-and-interim-reports/tc/04_05/08_corporate_governance_c.pdf
https://www.hongkongairport.com/iwov-resources/file/airport-authority/publications/annual-and-interim-reports/tc/04_05/09_core_values_c.pdf
https://www.hongkongairport.com/iwov-resources/file/airport-authority/publications/annual-and-interim-reports/tc/04_05/11_business_review_services_c.pdf
https://www.hongkongairport.com/iwov-resources/file/airport-authority/publications/annual-and-interim-reports/tc/04_05/12_business_review_prospects_c.pdf
https://www.hongkongairport.com/iwov-resources/file/airport-authority/publications/annual-and-interim-reports/tc/04_05/13_business_review_people_c.pdf
https://www.hongkongairport.com/iwov-resources/file/airport-authority/publications/annual-and-interim-reports/tc/04_05/14_financial_reveiw_c.pdf
https://www.hongkongairport.com/iwov-resources/file/airport-authority/publications/annual-and-interim-reports/tc/04_05/15_report_of_the_mem_board_c.pdf
https://www.hongkongairport.com/iwov-resources/file/airport-authority/publications/annual-and-interim-reports/tc/04_05/16_auditors_report_c.pdf
https://www.hongkongairport.com/iwov-resources/file/airport-authority/publications/annual-and-interim-reports/tc/04_05/17_income_statement_c.pdf
https://www.hongkongairport.com/iwov-resources/file/airport-authority/publications/annual-and-interim-reports/tc/04_05/18_balance_sheet_c.pdf
https://www.hongkongairport.com/iwov-resources/file/airport-authority/publications/annual-and-interim-reports/tc/04_05/19_s_of_changes_in_equity_c.pdf
https://www.hongkongairport.com/iwov-resources/file/airport-authority/publications/annual-and-interim-reports/tc/04_05/20_consolidated_cash_flow_statement_c.pdf
https://www.hongkongairport.com/iwov-resources/file/airport-authority/publications/annual-and-interim-reports/tc/04_05/21_notes_on_fin_statement_c.pdf
https://www.hongkongairport.com/iwov-resources/file/airport-authority/publications/annual-and-interim-reports/tc/04_05/22_summary_c.pdf
https://www.hongkongairport.com/iwov-resources/file/airport-authority/publications/annual-and-interim-reports/tc/04_05/23_airlines_and_destinations_c.pdf
https://www.hongkongairport.com/iwov-resources/file/airport-authority/publications/annual-and-interim-reports/tc/04_05/c_full.pdf
https://www.hongkongairport.com/iwov-resources/file/airport-authority/publications/annual-and-interim-reports/tc/04_05/facilities_c.pdf
https://www.hongkongairport.com/iwov-resources/file/airport-authority/publications/annual-and-interim-reports/tc/04_05/total_airport_experience_c.pdf
https://www.hongkongairport.com/iwov-resources/file/airport-authority/publications/annual-and-interim-reports/tc/05_06/c_full.pdf
https://www.hongkongairport.com/iwov-resources/file/airport-authority/publications/annual-and-interim-reports/tc/05_06/c00_cover.pdf
https://www.hongkongairport.com/iwov-resources/file/airport-authority/publications/annual-and-interim-reports/tc/05_06/c01_event_highlights.pdf
https://www.hongkongairport.com/iwov-resources/file/airport-authority/publications/annual-and-interim-reports/tc/05_06/c02_contents.pdf
https://www.hongkongairport.com/iwov-resources/file/airport-authority/publications/annual-and-interim-reports/tc/05_06/c03_the_future_is_bright.pdf
https://www.hongkongairport.com/iwov-resources/file/airport-authority/publications/annual-and-interim-reports/tc/05_06/c04_financial_highlight.pdf
https://www.hongkongairport.com/iwov-resources/file/airport-authority/publications/annual-and-interim-reports/tc/05_06/c05_chairman.pdf
https://www.hongkongairport.com/iwov-resources/file/airport-authority/publications/annual-and-interim-reports/tc/05_06/c06_ceo.pdf
https://www.hongkongairport.com/iwov-resources/file/airport-authority/publications/annual-and-interim-reports/tc/05_06/c07_the_board.pdf
https://www.hongkongairport.com/iwov-resources/file/airport-authority/publications/annual-and-interim-reports/tc/05_06/c08_executive_directors.pdf
https://www.hongkongairport.com/iwov-resources/file/airport-authority/publications/annual-and-interim-reports/tc/05_06/c09_financial_and_oh.pdf
https://www.hongkongairport.com/iwov-resources/file/airport-authority/publications/annual-and-interim-reports/tc/05_06/c10_cg.pdf
https://www.hongkongairport.com/iwov-resources/file/airport-authority/publications/annual-and-interim-reports/tc/05_06/c11_the_future_comes_from_action_today.pdf
https://www.hongkongairport.com/iwov-resources/file/airport-authority/publications/annual-and-interim-reports/tc/05_06/c12_corevalues.pdf
https://www.hongkongairport.com/iwov-resources/file/airport-authority/publications/annual-and-interim-reports/tc/05_06/c13_facilities_and_services.pdf
https://www.hongkongairport.com/iwov-resources/file/airport-authority/publications/annual-and-interim-reports/tc/05_06/c14_passenger.pdf
https://www.hongkongairport.com/iwov-resources/file/airport-authority/publications/annual-and-interim-reports/tc/05_06/c15_cargo.pdf
https://www.hongkongairport.com/iwov-resources/file/airport-authority/publications/annual-and-interim-reports/tc/05_06/c16_air_traffic.pdf
https://www.hongkongairport.com/iwov-resources/file/airport-authority/publications/annual-and-interim-reports/tc/05_06/c17_prospects.pdf
https://www.hongkongairport.com/iwov-resources/file/airport-authority/publications/annual-and-interim-reports/tc/05_06/c18_we_create_our_future.pdf
https://www.hongkongairport.com/iwov-resources/file/airport-authority/publications/annual-and-interim-reports/tc/05_06/c19_people.pdf
https://www.hongkongairport.com/iwov-resources/file/airport-authority/publications/annual-and-interim-reports/tc/05_06/c20_community.pdf
https://www.hongkongairport.com/iwov-resources/file/airport-authority/publications/annual-and-interim-reports/tc/05_06/c21_fr.pdf
https://www.hongkongairport.com/iwov-resources/file/airport-authority/publications/annual-and-interim-reports/tc/05_06/c22_report_of_the_members.pdf
https://www.hongkongairport.com/iwov-resources/file/airport-authority/publications/annual-and-interim-reports/tc/05_06/c23_auditors.pdf
https://www.hongkongairport.com/iwov-resources/file/airport-authority/publications/annual-and-interim-reports/tc/05_06/c24_financial_statement.pdf
https://www.hongkongairport.com/iwov-resources/file/airport-authority/publications/annual-and-interim-reports/tc/05_06/c25_notes.pdf
https://www.hongkongairport.com/iwov-resources/file/airport-authority/publications/annual-and-interim-reports/tc/05_06/c26_5-year_financial.pdf
https://www.hongkongairport.com/iwov-resources/file/airport-authority/publications/annual-and-interim-reports/tc/05_06/c27_airlines_destinations.pdf
https://www.hongkongairport.com/iwov-resources/file/airport-authority/publications/annual-and-interim-reports/tc/06_07/c_full.pdf
https://www.hongkongairport.com/iwov-resources/file/airport-authority/publications/annual-and-interim-reports/tc/06_07/c00_cover.pdf
https://www.hongkongairport.com/iwov-resources/file/airport-authority/publications/annual-and-interim-reports/tc/06_07/c01_facts.pdf
https://www.hongkongairport.com/iwov-resources/file/airport-authority/publications/annual-and-interim-reports/tc/06_07/c02_contents.pdf
https://www.hongkongairport.com/iwov-resources/file/airport-authority/publications/annual-and-interim-reports/tc/06_07/c03_event_highlights.pdf
https://www.hongkongairport.com/iwov-resources/file/airport-authority/publications/annual-and-interim-reports/tc/06_07/c04_chairman.pdf
https://www.hongkongairport.com/iwov-resources/file/airport-authority/publications/annual-and-interim-reports/tc/06_07/c05_ceo.pdf
https://www.hongkongairport.com/iwov-resources/file/airport-authority/publications/annual-and-interim-reports/tc/06_07/c06_the_board.pdf
https://www.hongkongairport.com/iwov-resources/file/airport-authority/publications/annual-and-interim-reports/tc/06_07/c07_executive_directors.pdf
https://www.hongkongairport.com/iwov-resources/file/airport-authority/publications/annual-and-interim-reports/tc/06_07/c08_financial_and_oh.pdf
https://www.hongkongairport.com/iwov-resources/file/airport-authority/publications/annual-and-interim-reports/tc/06_07/c09_cg.pdf
https://www.hongkongairport.com/iwov-resources/file/airport-authority/publications/annual-and-interim-reports/tc/06_07/c10_our_economy.pdf
https://www.hongkongairport.com/iwov-resources/file/airport-authority/publications/annual-and-interim-reports/tc/06_07/c11_corevalues.pdf
https://www.hongkongairport.com/iwov-resources/file/airport-authority/publications/annual-and-interim-reports/tc/06_07/c12_facilities_and_services.pdf
https://www.hongkongairport.com/iwov-resources/file/airport-authority/publications/annual-and-interim-reports/tc/06_07/c13_passenger.pdf
https://www.hongkongairport.com/iwov-resources/file/airport-authority/publications/annual-and-interim-reports/tc/06_07/c14_cargo.pdf
https://www.hongkongairport.com/iwov-resources/file/airport-authority/publications/annual-and-interim-reports/tc/06_07/c15_air_traffic.pdf
https://www.hongkongairport.com/iwov-resources/file/airport-authority/publications/annual-and-interim-reports/tc/06_07/c16_prospects.pdf
https://www.hongkongairport.com/iwov-resources/file/airport-authority/publications/annual-and-interim-reports/tc/06_07/c17_social_responsibility.pdf
https://www.hongkongairport.com/iwov-resources/file/airport-authority/publications/annual-and-interim-reports/tc/06_07/c18_people_and_community.pdf
https://www.hongkongairport.com/iwov-resources/file/airport-authority/publications/annual-and-interim-reports/tc/06_07/c19_financial_review.pdf
https://www.hongkongairport.com/iwov-resources/file/airport-authority/publications/annual-and-interim-reports/tc/06_07/c20_boardmember_report.pdf
https://www.hongkongairport.com/iwov-resources/file/airport-authority/publications/annual-and-interim-reports/tc/06_07/c21_auditors_report.pdf
https://www.hongkongairport.com/iwov-resources/file/airport-authority/publications/annual-and-interim-reports/tc/06_07/c22_financial_statements.pdf
https://www.hongkongairport.com/iwov-resources/file/airport-authority/publications/annual-and-interim-reports/tc/06_07/c23_5year_financial.pdf
https://www.hongkongairport.com/iwov-resources/file/airport-authority/publications/annual-and-interim-reports/tc/06_07/c24_airlines_and_destinations.pdf
https://www.hongkongairport.com/iwov-resources/file/airport-authority/publications/annual-and-interim-reports/tc/07_08/c_00_cover.pdf
https://www.hongkongairport.com/iwov-resources/file/airport-authority/publications/annual-and-interim-reports/tc/07_08/c_01_a_decade_of_solid_growth.pdf
https://www.hongkongairport.com/iwov-resources/file/airport-authority/publications/annual-and-interim-reports/tc/07_08/c_02_hkia_facts.pdf
https://www.hongkongairport.com/iwov-resources/file/airport-authority/publications/annual-and-interim-reports/tc/07_08/c_03_chairman_statement.pdf
https://www.hongkongairport.com/iwov-resources/file/airport-authority/publications/annual-and-interim-reports/tc/07_08/c_04_chief_executive_officer_statement.pdf
https://www.hongkongairport.com/iwov-resources/file/airport-authority/publications/annual-and-interim-reports/tc/07_08/c_05_the_board_and_executive_directors.pdf
https://www.hongkongairport.com/iwov-resources/file/airport-authority/publications/annual-and-interim-reports/tc/07_08/c_06_financial_and_operational_highlights.pdf
https://www.hongkongairport.com/iwov-resources/file/airport-authority/publications/annual-and-interim-reports/tc/07_08/c_07_corporate_governance.pdf
https://www.hongkongairport.com/iwov-resources/file/airport-authority/publications/annual-and-interim-reports/tc/07_08/c_08_event_highlights.pdf
https://www.hongkongairport.com/iwov-resources/file/airport-authority/publications/annual-and-interim-reports/tc/07_08/c_09_core_values.pdf
https://www.hongkongairport.com/iwov-resources/file/airport-authority/publications/annual-and-interim-reports/tc/07_08/c_10_facilities_and_services.pdf
https://www.hongkongairport.com/iwov-resources/file/airport-authority/publications/annual-and-interim-reports/tc/07_08/c_10a_passenger.pdf
https://www.hongkongairport.com/iwov-resources/file/airport-authority/publications/annual-and-interim-reports/tc/07_08/c_10b_cargo.pdf
https://www.hongkongairport.com/iwov-resources/file/airport-authority/publications/annual-and-interim-reports/tc/07_08/c_10c_air_traffic.pdf
https://www.hongkongairport.com/iwov-resources/file/airport-authority/publications/annual-and-interim-reports/tc/07_08/c_11_mainland_projects.pdf
https://www.hongkongairport.com/iwov-resources/file/airport-authority/publications/annual-and-interim-reports/tc/07_08/c_12_corporate_social_responsibility.pdf
https://www.hongkongairport.com/iwov-resources/file/airport-authority/publications/annual-and-interim-reports/tc/07_08/c_13_strategies_for_growth.pdf
https://www.hongkongairport.com/iwov-resources/file/airport-authority/publications/annual-and-interim-reports/tc/07_08/c_14_financial_review.pdf
https://www.hongkongairport.com/iwov-resources/file/airport-authority/publications/annual-and-interim-reports/tc/07_08/c_15_report_of_the_members_of_the_board.pdf
https://www.hongkongairport.com/iwov-resources/file/airport-authority/publications/annual-and-interim-reports/tc/07_08/c_16_independent_auditor_report.pdf
https://www.hongkongairport.com/iwov-resources/file/airport-authority/publications/annual-and-interim-reports/tc/07_08/c_17_financial_statements.pdf
https://www.hongkongairport.com/iwov-resources/file/airport-authority/publications/annual-and-interim-reports/tc/07_08/c_18_five_year_financial_and_operational_summary.pdf
https://www.hongkongairport.com/iwov-resources/file/airport-authority/publications/annual-and-interim-reports/tc/07_08/c_19_airlines_and_destinations.pdf
https://www.hongkongairport.com/iwov-resources/file/airport-authority/publications/annual-and-interim-reports/tc/07_08/c_full.pdf
https://www.hongkongairport.com/iwov-resources/file/airport-authority/publications/annual-and-interim-reports/tc/08_09/c_00_cover.pdf
https://www.hongkongairport.com/iwov-resources/file/airport-authority/publications/annual-and-interim-reports/tc/08_09/c_02_mission_statement.pdf
https://www.hongkongairport.com/iwov-resources/file/airport-authority/publications/annual-and-interim-reports/tc/08_09/c_03_core_values.pdf
https://www.hongkongairport.com/iwov-resources/file/airport-authority/publications/annual-and-interim-reports/tc/08_09/c_04_hkia_facts_performance_highlights.pdf
https://www.hongkongairport.com/iwov-resources/file/airport-authority/publications/annual-and-interim-reports/tc/08_09/c_05_chairman_statement.pdf
https://www.hongkongairport.com/iwov-resources/file/airport-authority/publications/annual-and-interim-reports/tc/08_09/c_06_chief_executive_officer_statement.pdf
https://www.hongkongairport.com/iwov-resources/file/airport-authority/publications/annual-and-interim-reports/tc/08_09/c_07_the_board_and_executive_directors.pdf
https://www.hongkongairport.com/iwov-resources/file/airport-authority/publications/annual-and-interim-reports/tc/08_09/c_08_financial_and_operational_highlights.pdf
https://www.hongkongairport.com/iwov-resources/file/airport-authority/publications/annual-and-interim-reports/tc/08_09/c_09_corporate_governance.pdf
https://www.hongkongairport.com/iwov-resources/file/airport-authority/publications/annual-and-interim-reports/tc/08_09/c_10_event_highlights.pdf
https://www.hongkongairport.com/iwov-resources/file/airport-authority/publications/annual-and-interim-reports/tc/08_09/c_11_passenger_services.pdf
https://www.hongkongairport.com/iwov-resources/file/airport-authority/publications/annual-and-interim-reports/tc/08_09/c_12_cargo_services.pdf
https://www.hongkongairport.com/iwov-resources/file/airport-authority/publications/annual-and-interim-reports/tc/08_09/c_13_airfield_and_systems.pdf
https://www.hongkongairport.com/iwov-resources/file/airport-authority/publications/annual-and-interim-reports/tc/08_09/c_14_mainland_projects.pdf
https://www.hongkongairport.com/iwov-resources/file/airport-authority/publications/annual-and-interim-reports/tc/08_09/c_15_corporate_social_responsibility.pdf
https://www.hongkongairport.com/iwov-resources/file/airport-authority/publications/annual-and-interim-reports/tc/08_09/c_16_looking_forward.pdf
https://www.hongkongairport.com/iwov-resources/file/airport-authority/publications/annual-and-interim-reports/tc/08_09/c_17_financial_review.pdf
https://www.hongkongairport.com/iwov-resources/file/airport-authority/publications/annual-and-interim-reports/tc/08_09/c_19_report_of_the_members_of_the_board.pdf
https://www.hongkongairport.com/iwov-resources/file/airport-authority/publications/annual-and-interim-reports/tc/08_09/c_20_independent_auditor_report.pdf
https://www.hongkongairport.com/iwov-resources/file/airport-authority/publications/annual-and-interim-reports/tc/08_09/c_21_financial_statements.pdf
https://www.hongkongairport.com/iwov-resources/file/airport-authority/publications/annual-and-interim-reports/tc/08_09/c_22_five_year_financial_and_operational_summary.pdf
https://www.hongkongairport.com/iwov-resources/file/airport-authority/publications/annual-and-interim-reports/tc/08_09/c_23_airlines_and_destinations.pdf
https://www.hongkongairport.com/iwov-resources/file/airport-authority/publications/annual-and-interim-reports/tc/08_09/c_full.pdf
https://www.hongkongairport.com/iwov-resources/file/airport-authority/publications/annual-and-interim-reports/tc/09_10/c_01_Cover.pdf
https://www.hongkongairport.com/iwov-resources/file/airport-authority/publications/annual-and-interim-reports/tc/09_10/c_02_Mission_Statement.pdf
https://www.hongkongairport.com/iwov-resources/file/airport-authority/publications/annual-and-interim-reports/tc/09_10/c_03_HKIA_Environmental_Performance.pdf
https://www.hongkongairport.com/iwov-resources/file/airport-authority/publications/annual-and-interim-reports/tc/09_10/c_04_Core_Values.pdf
https://www.hongkongairport.com/iwov-resources/file/airport-authority/publications/annual-and-interim-reports/tc/09_10/c_05_HKIA_Facts_Performance_Highlights.pdf
https://www.hongkongairport.com/iwov-resources/file/airport-authority/publications/annual-and-interim-reports/tc/09_10/c_06_Chairmans_Statement.pdf
https://www.hongkongairport.com/iwov-resources/file/airport-authority/publications/annual-and-interim-reports/tc/09_10/c_07_Chief_Executive_Officers_Statement.pdf
https://www.hongkongairport.com/iwov-resources/file/airport-authority/publications/annual-and-interim-reports/tc/09_10/c_08_The_Board_and_Executive_Directors.pdf
https://www.hongkongairport.com/iwov-resources/file/airport-authority/publications/annual-and-interim-reports/tc/09_10/c_09_Financial_and_Operational_Highlights.pdf
https://www.hongkongairport.com/iwov-resources/file/airport-authority/publications/annual-and-interim-reports/tc/09_10/c_10_Corporate_Governance.pdf
https://www.hongkongairport.com/iwov-resources/file/airport-authority/publications/annual-and-interim-reports/tc/09_10/c_11_Event_Highlights.pdf
https://www.hongkongairport.com/iwov-resources/file/airport-authority/publications/annual-and-interim-reports/tc/09_10/c_12_Passenger_Services.pdf
https://www.hongkongairport.com/iwov-resources/file/airport-authority/publications/annual-and-interim-reports/tc/09_10/c_13_Cargo_and_Aviation_Services.pdf
https://www.hongkongairport.com/iwov-resources/file/airport-authority/publications/annual-and-interim-reports/tc/09_10/c_14_Airfield_and_Systems.pdf
https://www.hongkongairport.com/iwov-resources/file/airport-authority/publications/annual-and-interim-reports/tc/09_10/c_15_Mainland_Projects.pdf
https://www.hongkongairport.com/iwov-resources/file/airport-authority/publications/annual-and-interim-reports/tc/09_10/c_16_Corporate_Social_Responsibility.pdf
https://www.hongkongairport.com/iwov-resources/file/airport-authority/publications/annual-and-interim-reports/tc/09_10/c_17_Looking_Forward.pdf
https://www.hongkongairport.com/iwov-resources/file/airport-authority/publications/annual-and-interim-reports/tc/09_10/c_18_Financial_Review.pdf
https://www.hongkongairport.com/iwov-resources/file/airport-authority/publications/annual-and-interim-reports/tc/09_10/c_19_Report_of_the_Members_of_the_Board.pdf
https://www.hongkongairport.com/iwov-resources/file/airport-authority/publications/annual-and-interim-reports/tc/09_10/c_20_Independent_Auditors_Report.pdf
https://www.hongkongairport.com/iwov-resources/file/airport-authority/publications/annual-and-interim-reports/tc/09_10/c_21_Financial_Statements.pdf
https://www.hongkongairport.com/iwov-resources/file/airport-authority/publications/annual-and-interim-reports/tc/09_10/c_22_5year_Financial_Summary.pdf
https://www.hongkongairport.com/iwov-resources/file/airport-authority/publications/annual-and-interim-reports/tc/09_10/c_23_Airlines_and_Destinations.pdf
https://www.hongkongairport.com/iwov-resources/file/airport-authority/publications/annual-and-interim-reports/tc/09_10/c_full.pdf
https://www.hongkongairport.com/iwov-resources/file/airport-authority/publications/annual-and-interim-reports/tc/10_11/c_01_Cover.pdf
https://www.hongkongairport.com/iwov-resources/file/airport-authority/publications/annual-and-interim-reports/tc/10_11/c_02_Mission_Statement.pdf
https://www.hongkongairport.com/iwov-resources/file/airport-authority/publications/annual-and-interim-reports/tc/10_11/c_04_Core_Values.pdf
https://www.hongkongairport.com/iwov-resources/file/airport-authority/publications/annual-and-interim-reports/tc/10_11/c_05_HKIA_Facts_Performance_Highlights.pdf
https://www.hongkongairport.com/iwov-resources/file/airport-authority/publications/annual-and-interim-reports/tc/10_11/c_06_Chairmans_Statement.pdf
https://www.hongkongairport.com/iwov-resources/file/airport-authority/publications/annual-and-interim-reports/tc/10_11/c_07_Chief_Executive_Officers_Statement.pdf
https://www.hongkongairport.com/iwov-resources/file/airport-authority/publications/annual-and-interim-reports/tc/10_11/c_08_The_Board_and_Executive_Directors.pdf
https://www.hongkongairport.com/iwov-resources/file/airport-authority/publications/annual-and-interim-reports/tc/10_11/c_09_Financial_and_Operational_Highlights.pdf
https://www.hongkongairport.com/iwov-resources/file/airport-authority/publications/annual-and-interim-reports/tc/10_11/c_10_Corporate_Governance.pdf
https://www.hongkongairport.com/iwov-resources/file/airport-authority/publications/annual-and-interim-reports/tc/10_11/c_11_Event_Highlights.pdf
https://www.hongkongairport.com/iwov-resources/file/airport-authority/publications/annual-and-interim-reports/tc/10_11/c_12_Passenger_Services.pdf
https://www.hongkongairport.com/iwov-resources/file/airport-authority/publications/annual-and-interim-reports/tc/10_11/c_13_Cargo_and_Aviation_Services.pdf
https://www.hongkongairport.com/iwov-resources/file/airport-authority/publications/annual-and-interim-reports/tc/10_11/c_14_Airfield_and_Systems.pdf
https://www.hongkongairport.com/iwov-resources/file/airport-authority/publications/annual-and-interim-reports/tc/10_11/c_15_Mainland_Projects.pdf
https://www.hongkongairport.com/iwov-resources/file/airport-authority/publications/annual-and-interim-reports/tc/10_11/c_16_Corporate_Social_Responsibility.pdf
https://www.hongkongairport.com/iwov-resources/file/airport-authority/publications/annual-and-interim-reports/tc/10_11/c_17_Looking_Forward.pdf
https://www.hongkongairport.com/iwov-resources/file/airport-authority/publications/annual-and-interim-reports/tc/10_11/c_18_Financial_Review.pdf
https://www.hongkongairport.com/iwov-resources/file/airport-authority/publications/annual-and-interim-reports/tc/10_11/c_19_Report_of_the_Members_of_the_Board.pdf
https://www.hongkongairport.com/iwov-resources/file/airport-authority/publications/annual-and-interim-reports/tc/10_11/c_20_Independent_Auditors_Report.pdf
https://www.hongkongairport.com/iwov-resources/file/airport-authority/publications/annual-and-interim-reports/tc/10_11/c_21_Financial_Statements.pdf
https://www.hongkongairport.com/iwov-resources/file/airport-authority/publications/annual-and-interim-reports/tc/10_11/c_22_5year_Financial_Summary.pdf
https://www.hongkongairport.com/iwov-resources/file/airport-authority/publications/annual-and-interim-reports/tc/10_11/c_23_Airlines_and_Destinations.pdf
https://www.hongkongairport.com/iwov-resources/file/airport-authority/publications/annual-and-interim-reports/tc/10_11/c_full.pdf
https://www.hongkongairport.com/iwov-resources/file/airport-authority/publications/annual-and-interim-reports/tc/11_12/C_01_Cover.pdf
https://www.hongkongairport.com/iwov-resources/file/airport-authority/publications/annual-and-interim-reports/tc/11_12/C_03_Core%20Values.pdf
https://www.hongkongairport.com/iwov-resources/file/airport-authority/publications/annual-and-interim-reports/tc/11_12/C_04_HKIA_Facts_Performance_Highlights.pdf
https://www.hongkongairport.com/iwov-resources/file/airport-authority/publications/annual-and-interim-reports/tc/11_12/C_05_Chairman_Statement.pdf
https://www.hongkongairport.com/iwov-resources/file/airport-authority/publications/annual-and-interim-reports/tc/11_12/C_06_CEO_Statement.pdf
https://www.hongkongairport.com/iwov-resources/file/airport-authority/publications/annual-and-interim-reports/tc/11_12/C_07_The_Board_and_Executive_Directors.pdf
https://www.hongkongairport.com/iwov-resources/file/airport-authority/publications/annual-and-interim-reports/tc/11_12/C_08_Financial_and_Operational_Highlights.pdf
https://www.hongkongairport.com/iwov-resources/file/airport-authority/publications/annual-and-interim-reports/tc/11_12/C_09_Corporate_Governance.pdf
https://www.hongkongairport.com/iwov-resources/file/airport-authority/publications/annual-and-interim-reports/tc/11_12/C_10_Risk_Management_Report.pdf
https://www.hongkongairport.com/iwov-resources/file/airport-authority/publications/annual-and-interim-reports/tc/11_12/C_11_Event_Highlights.pdf
https://www.hongkongairport.com/iwov-resources/file/airport-authority/publications/annual-and-interim-reports/tc/11_12/C_12_Passenger_Services.pdf
https://www.hongkongairport.com/iwov-resources/file/airport-authority/publications/annual-and-interim-reports/tc/11_12/C_13_Cargo_and_Aviation_Services.pdf
https://www.hongkongairport.com/iwov-resources/file/airport-authority/publications/annual-and-interim-reports/tc/11_12/C_14_Airfield_and_Systems.pdf
https://www.hongkongairport.com/iwov-resources/file/airport-authority/publications/annual-and-interim-reports/tc/11_12/C_15_Corporate_Sustainability.pdf
https://www.hongkongairport.com/iwov-resources/file/airport-authority/publications/annual-and-interim-reports/tc/11_12/C_16_Looking_Forward.pdf
https://www.hongkongairport.com/iwov-resources/file/airport-authority/publications/annual-and-interim-reports/tc/11_12/C_17_Financial%20Review.pdf
https://www.hongkongairport.com/iwov-resources/file/airport-authority/publications/annual-and-interim-reports/tc/11_12/C_18_Report_of_the_Members_of%20_the%20Board.pdf
https://www.hongkongairport.com/iwov-resources/file/airport-authority/publications/annual-and-interim-reports/tc/11_12/C_19_Independent_Auditors_Report.pdf
https://www.hongkongairport.com/iwov-resources/file/airport-authority/publications/annual-and-interim-reports/tc/11_12/C_20_Financial_Statement.pdf
https://www.hongkongairport.com/iwov-resources/file/airport-authority/publications/annual-and-interim-reports/tc/11_12/C_21_Five-year_Financial_and_Operational_Summary.pdf
https://www.hongkongairport.com/iwov-resources/file/airport-authority/publications/annual-and-interim-reports/tc/11_12/C_22_Airlines_and_Destinations.pdf
https://www.hongkongairport.com/iwov-resources/file/airport-authority/publications/annual-and-interim-reports/tc/11_12/C_Annual%20Report_Full.pdf
https://www.hongkongairport.com/iwov-resources/file/airport-authority/publications/annual-and-interim-reports/tc/12_13/C_01_Cover.pdf
https://www.hongkongairport.com/iwov-resources/file/airport-authority/publications/annual-and-interim-reports/tc/12_13/C_04_15_years_of_Growth_and_Achievements.pdf
https://www.hongkongairport.com/iwov-resources/file/airport-authority/publications/annual-and-interim-reports/tc/12_13/C_05_Core_Values.pdf
https://www.hongkongairport.com/iwov-resources/file/airport-authority/publications/annual-and-interim-reports/tc/12_13/C_06_HKIA_Facts_Performance_Highlights.pdf
https://www.hongkongairport.com/iwov-resources/file/airport-authority/publications/annual-and-interim-reports/tc/12_13/C_07_Chairman_Statement.pdf
https://www.hongkongairport.com/iwov-resources/file/airport-authority/publications/annual-and-interim-reports/tc/12_13/C_08_CEO_Statement.pdf
https://www.hongkongairport.com/iwov-resources/file/airport-authority/publications/annual-and-interim-reports/tc/12_13/C_09_The_Board.pdf
https://www.hongkongairport.com/iwov-resources/file/airport-authority/publications/annual-and-interim-reports/tc/12_13/C_09a_Executive_Directors.pdf
https://www.hongkongairport.com/iwov-resources/file/airport-authority/publications/annual-and-interim-reports/tc/12_13/C_10_Financial_and_Operational_Highlights.pdf
https://www.hongkongairport.com/iwov-resources/file/airport-authority/publications/annual-and-interim-reports/tc/12_13/C_11_Corporate_Governance.pdf
https://www.hongkongairport.com/iwov-resources/file/airport-authority/publications/annual-and-interim-reports/tc/12_13/C_12_Risk_Management_Report.pdf
https://www.hongkongairport.com/iwov-resources/file/airport-authority/publications/annual-and-interim-reports/tc/12_13/C_13_Event_Highlights.pdf
https://www.hongkongairport.com/iwov-resources/file/airport-authority/publications/annual-and-interim-reports/tc/12_13/C_14_Passenger_Services.pdf
https://www.hongkongairport.com/iwov-resources/file/airport-authority/publications/annual-and-interim-reports/tc/12_13/C_15_Cargo_and_Aviation_Services.pdf
https://www.hongkongairport.com/iwov-resources/file/airport-authority/publications/annual-and-interim-reports/tc/12_13/C_16_Airfield_and_Systems.pdf
https://www.hongkongairport.com/iwov-resources/file/airport-authority/publications/annual-and-interim-reports/tc/12_13/C_17_Mainland_Projects.pdf
https://www.hongkongairport.com/iwov-resources/file/airport-authority/publications/annual-and-interim-reports/tc/12_13/C_18_Corporate_Sustainability.pdf
https://www.hongkongairport.com/iwov-resources/file/airport-authority/publications/annual-and-interim-reports/tc/12_13/C_19_Looking_Forward.pdf
https://www.hongkongairport.com/iwov-resources/file/airport-authority/publications/annual-and-interim-reports/tc/12_13/C_20_Financial_Review.pdf
https://www.hongkongairport.com/iwov-resources/file/airport-authority/publications/annual-and-interim-reports/tc/12_13/C_21_Report_of_the_Members_of_the%20Board.pdf
https://www.hongkongairport.com/iwov-resources/file/airport-authority/publications/annual-and-interim-reports/tc/12_13/C_22_Independent_Auditors_Report.pdf
https://www.hongkongairport.com/iwov-resources/file/airport-authority/publications/annual-and-interim-reports/tc/12_13/C_23_Financial_Statement.pdf
https://www.hongkongairport.com/iwov-resources/file/airport-authority/publications/annual-and-interim-reports/tc/12_13/C_24_Five-year_Financial_and_Operational_Summary.pdf
https://www.hongkongairport.com/iwov-resources/file/airport-authority/publications/annual-and-interim-reports/tc/12_13/C_25_Airlines_and_Destinations.pdf
https://www.hongkongairport.com/iwov-resources/file/airport-authority/publications/annual-and-interim-reports/tc/12_13/C_Annual_Report_Full.pdf
https://www.hongkongairport.com/iwov-resources/file/airport-authority/publications/annual-and-interim-reports/tc/12_13/E_09a_Executive_Directors.pdf
https://www.hongkongairport.com/iwov-resources/file/airport-authority/publications/annual-and-interim-reports/tc/13_14/C_5-year_Fin_and_Opt_Summary.pdf
https://www.hongkongairport.com/iwov-resources/file/airport-authority/publications/annual-and-interim-reports/tc/13_14/C_Airfield_and_Systems.pdf
https://www.hongkongairport.com/iwov-resources/file/airport-authority/publications/annual-and-interim-reports/tc/13_14/C_Airlines_and_Destinations.pdf
https://www.hongkongairport.com/iwov-resources/file/airport-authority/publications/annual-and-interim-reports/tc/13_14/C_Annual_Report_Full.pdf
https://www.hongkongairport.com/iwov-resources/file/airport-authority/publications/annual-and-interim-reports/tc/13_14/C_Cargo_and_Aviation_Services.pdf
https://www.hongkongairport.com/iwov-resources/file/airport-authority/publications/annual-and-interim-reports/tc/13_14/C_CEO_Statement.pdf
https://www.hongkongairport.com/iwov-resources/file/airport-authority/publications/annual-and-interim-reports/tc/13_14/C_Chairman_Statement.pdf
https://www.hongkongairport.com/iwov-resources/file/airport-authority/publications/annual-and-interim-reports/tc/13_14/C_CoreValues.pdf
https://www.hongkongairport.com/iwov-resources/file/airport-authority/publications/annual-and-interim-reports/tc/13_14/C_Corporate_Governance.pdf
https://www.hongkongairport.com/iwov-resources/file/airport-authority/publications/annual-and-interim-reports/tc/13_14/C_Corporate_Sustainability.pdf
https://www.hongkongairport.com/iwov-resources/file/airport-authority/publications/annual-and-interim-reports/tc/13_14/C_Cover.pdf
https://www.hongkongairport.com/iwov-resources/file/airport-authority/publications/annual-and-interim-reports/tc/13_14/C_Event_Highlights.pdf
https://www.hongkongairport.com/iwov-resources/file/airport-authority/publications/annual-and-interim-reports/tc/13_14/C_Executive_Directors.pdf
https://www.hongkongairport.com/iwov-resources/file/airport-authority/publications/annual-and-interim-reports/tc/13_14/C_Facts_and_Performance_HLs.pdf
https://www.hongkongairport.com/iwov-resources/file/airport-authority/publications/annual-and-interim-reports/tc/13_14/C_Financial_and_Operational_HLs.pdf
https://www.hongkongairport.com/iwov-resources/file/airport-authority/publications/annual-and-interim-reports/tc/13_14/C_Financial_Review.pdf
https://www.hongkongairport.com/iwov-resources/file/airport-authority/publications/annual-and-interim-reports/tc/13_14/C_Financial_Statement.pdf
https://www.hongkongairport.com/iwov-resources/file/airport-authority/publications/annual-and-interim-reports/tc/13_14/C_Independent_Auditors_Report.pdf
https://www.hongkongairport.com/iwov-resources/file/airport-authority/publications/annual-and-interim-reports/tc/13_14/C_Looking_Forward.pdf
https://www.hongkongairport.com/iwov-resources/file/airport-authority/publications/annual-and-interim-reports/tc/13_14/C_Mainland_Projects.pdf
https://www.hongkongairport.com/iwov-resources/file/airport-authority/publications/annual-and-interim-reports/tc/13_14/C_Passenger_Services.pdf
https://www.hongkongairport.com/iwov-resources/file/airport-authority/publications/annual-and-interim-reports/tc/13_14/C_Report_of_Member_of_the_Board.pdf
https://www.hongkongairport.com/iwov-resources/file/airport-authority/publications/annual-and-interim-reports/tc/13_14/C_Risk_Management.pdf
https://www.hongkongairport.com/iwov-resources/file/airport-authority/publications/annual-and-interim-reports/tc/13_14/C_The_Board.pdf
https://www.hongkongairport.com/iwov-resources/file/airport-authority/publications/annual-and-interim-reports/tc/14_15/1415_Annual_Report_CN.pdf
https://www.hongkongairport.com/iwov-resources/file/airport-authority/publications/annual-and-interim-reports/tc/14_15/C01_Cover.pdf
https://www.hongkongairport.com/iwov-resources/file/airport-authority/publications/annual-and-interim-reports/tc/14_15/C02_Core_values.pdf
https://www.hongkongairport.com/iwov-resources/file/airport-authority/publications/annual-and-interim-reports/tc/14_15/C03_HKIA_Facts.pdf
https://www.hongkongairport.com/iwov-resources/file/airport-authority/publications/annual-and-interim-reports/tc/14_15/C04_Chairman_Statement.pdf
https://www.hongkongairport.com/iwov-resources/file/airport-authority/publications/annual-and-interim-reports/tc/14_15/C05_CEO_Statement.pdf
https://www.hongkongairport.com/iwov-resources/file/airport-authority/publications/annual-and-interim-reports/tc/14_15/C06_The_Board.pdf
https://www.hongkongairport.com/iwov-resources/file/airport-authority/publications/annual-and-interim-reports/tc/14_15/C07_Executive_Directors.pdf
https://www.hongkongairport.com/iwov-resources/file/airport-authority/publications/annual-and-interim-reports/tc/14_15/C08_Financial_and_Operational_Highlights.pdf
https://www.hongkongairport.com/iwov-resources/file/airport-authority/publications/annual-and-interim-reports/tc/14_15/C09_Corporate_Governance.pdf
https://www.hongkongairport.com/iwov-resources/file/airport-authority/publications/annual-and-interim-reports/tc/14_15/C10_Risk_Management.pdf
https://www.hongkongairport.com/iwov-resources/file/airport-authority/publications/annual-and-interim-reports/tc/14_15/C11_Event_Highlights.pdf
https://www.hongkongairport.com/iwov-resources/file/airport-authority/publications/annual-and-interim-reports/tc/14_15/C12_Passenger_Services.pdf
https://www.hongkongairport.com/iwov-resources/file/airport-authority/publications/annual-and-interim-reports/tc/14_15/C13_Cargo_and_Aviation_Services.pdf
https://www.hongkongairport.com/iwov-resources/file/airport-authority/publications/annual-and-interim-reports/tc/14_15/C14_Airfield_and_Systems.pdf
https://www.hongkongairport.com/iwov-resources/file/airport-authority/publications/annual-and-interim-reports/tc/14_15/C15_Mainland_Projects.pdf
https://www.hongkongairport.com/iwov-resources/file/airport-authority/publications/annual-and-interim-reports/tc/14_15/C16_Corporate_Sustainability.pdf
https://www.hongkongairport.com/iwov-resources/file/airport-authority/publications/annual-and-interim-reports/tc/14_15/C17_Looking_Forward.pdf
https://www.hongkongairport.com/iwov-resources/file/airport-authority/publications/annual-and-interim-reports/tc/14_15/C18_Financial_Review.pdf
https://www.hongkongairport.com/iwov-resources/file/airport-authority/publications/annual-and-interim-reports/tc/14_15/C19_Report_of_the_Board.pdf
https://www.hongkongairport.com/iwov-resources/file/airport-authority/publications/annual-and-interim-reports/tc/14_15/C20_Auditor_Report.pdf
https://www.hongkongairport.com/iwov-resources/file/airport-authority/publications/annual-and-interim-reports/tc/14_15/C21_Financial_Statements.pdf
https://www.hongkongairport.com/iwov-resources/file/airport-authority/publications/annual-and-interim-reports/tc/14_15/C22_Financial_and_Operational_Summary.pdf
https://www.hongkongairport.com/iwov-resources/file/airport-authority/publications/annual-and-interim-reports/tc/14_15/C23_Airlines_and_Destinations.pdf
https://www.hongkongairport.com/iwov-resources/file/airport-authority/publications/annual-and-interim-reports/tc/15_16/1516_Annual_Report_CN.pdf
https://www.hongkongairport.com/iwov-resources/file/airport-authority/publications/annual-and-interim-reports/tc/15_16/C01_Cover.pdf
https://www.hongkongairport.com/iwov-resources/file/airport-authority/publications/annual-and-interim-reports/tc/15_16/C02_Core_values.pdf
https://www.hongkongairport.com/iwov-resources/file/airport-authority/publications/annual-and-interim-reports/tc/15_16/C03_HKIA_Facts.pdf
https://www.hongkongairport.com/iwov-resources/file/airport-authority/publications/annual-and-interim-reports/tc/15_16/C04_Chairman_Statement.pdf
https://www.hongkongairport.com/iwov-resources/file/airport-authority/publications/annual-and-interim-reports/tc/15_16/C05_CEO_Statement.pdf
https://www.hongkongairport.com/iwov-resources/file/airport-authority/publications/annual-and-interim-reports/tc/15_16/C06_The_Board.pdf
https://www.hongkongairport.com/iwov-resources/file/airport-authority/publications/annual-and-interim-reports/tc/15_16/C07_Executive_Directors.pdf
https://www.hongkongairport.com/iwov-resources/file/airport-authority/publications/annual-and-interim-reports/tc/15_16/C08_Financial_&_Operational_Highlights.pdf
https://www.hongkongairport.com/iwov-resources/file/airport-authority/publications/annual-and-interim-reports/tc/15_16/C09_Corporate_Governance.pdf
https://www.hongkongairport.com/iwov-resources/file/airport-authority/publications/annual-and-interim-reports/tc/15_16/C10_Risk_Management.pdf
https://www.hongkongairport.com/iwov-resources/file/airport-authority/publications/annual-and-interim-reports/tc/15_16/C11_Event_Highlights.pdf
https://www.hongkongairport.com/iwov-resources/file/airport-authority/publications/annual-and-interim-reports/tc/15_16/C12_Passenger_Services.pdf
https://www.hongkongairport.com/iwov-resources/file/airport-authority/publications/annual-and-interim-reports/tc/15_16/C13_Cargo_and_Aviation_Services.pdf
https://www.hongkongairport.com/iwov-resources/file/airport-authority/publications/annual-and-interim-reports/tc/15_16/C14_Airfield_and_Systems.pdf
https://www.hongkongairport.com/iwov-resources/file/airport-authority/publications/annual-and-interim-reports/tc/15_16/C15_Mainland_Projects.pdf
https://www.hongkongairport.com/iwov-resources/file/airport-authority/publications/annual-and-interim-reports/tc/15_16/C16_Sustainability_and_People.pdf
https://www.hongkongairport.com/iwov-resources/file/airport-authority/publications/annual-and-interim-reports/tc/15_16/C17_Looking_Forward.pdf
https://www.hongkongairport.com/iwov-resources/file/airport-authority/publications/annual-and-interim-reports/tc/15_16/C18_Financial_Review.pdf
https://www.hongkongairport.com/iwov-resources/file/airport-authority/publications/annual-and-interim-reports/tc/15_16/C19_Report_of_the_Board.pdf
https://www.hongkongairport.com/iwov-resources/file/airport-authority/publications/annual-and-interim-reports/tc/15_16/C20_Auditor_Report.pdf
https://www.hongkongairport.com/iwov-resources/file/airport-authority/publications/annual-and-interim-reports/tc/15_16/C21_Financial_Statements.pdf
https://www.hongkongairport.com/iwov-resources/file/airport-authority/publications/annual-and-interim-reports/tc/15_16/C22_Financial_&_Operational_Summary.pdf
https://www.hongkongairport.com/iwov-resources/file/airport-authority/publications/annual-and-interim-reports/tc/15_16/C23_Airlines_and_Destinations.pdf
https://www.hongkongairport.com/iwov-resources/file/airport-authority/publications/annual-and-interim-reports/tc/16_17/1617_Annual_Report_CN.pdf
https://www.hongkongairport.com/iwov-resources/file/airport-authority/publications/annual-and-interim-reports/tc/16_17/C01_Cover.pdf
https://www.hongkongairport.com/iwov-resources/file/airport-authority/publications/annual-and-interim-reports/tc/16_17/C02_our_values.pdf
https://www.hongkongairport.com/iwov-resources/file/airport-authority/publications/annual-and-interim-reports/tc/16_17/C03_HKIA_Facts.pdf
https://www.hongkongairport.com/iwov-resources/file/airport-authority/publications/annual-and-interim-reports/tc/16_17/C04_Chairman_Statement.pdf
https://www.hongkongairport.com/iwov-resources/file/airport-authority/publications/annual-and-interim-reports/tc/16_17/C05_CEO_Statement.pdf
https://www.hongkongairport.com/iwov-resources/file/airport-authority/publications/annual-and-interim-reports/tc/16_17/C06_The_Board.pdf
https://www.hongkongairport.com/iwov-resources/file/airport-authority/publications/annual-and-interim-reports/tc/16_17/C07_Executive_Directors.pdf
https://www.hongkongairport.com/iwov-resources/file/airport-authority/publications/annual-and-interim-reports/tc/16_17/C08_Financial_and_Operational_Highlights.pdf
https://www.hongkongairport.com/iwov-resources/file/airport-authority/publications/annual-and-interim-reports/tc/16_17/C09_Corporate_Governance.pdf
https://www.hongkongairport.com/iwov-resources/file/airport-authority/publications/annual-and-interim-reports/tc/16_17/C10_Risk_Management_Report.pdf
https://www.hongkongairport.com/iwov-resources/file/airport-authority/publications/annual-and-interim-reports/tc/16_17/C11_Event_Highlights.pdf
https://www.hongkongairport.com/iwov-resources/file/airport-authority/publications/annual-and-interim-reports/tc/16_17/C12_Passenger_Services.pdf
https://www.hongkongairport.com/iwov-resources/file/airport-authority/publications/annual-and-interim-reports/tc/16_17/C13_Cargo_and_Aviation_Services.pdf
https://www.hongkongairport.com/iwov-resources/file/airport-authority/publications/annual-and-interim-reports/tc/16_17/C14_Airfield_and_Systems.pdf
https://www.hongkongairport.com/iwov-resources/file/airport-authority/publications/annual-and-interim-reports/tc/16_17/C15_Mainland_Projects.pdf
https://www.hongkongairport.com/iwov-resources/file/airport-authority/publications/annual-and-interim-reports/tc/16_17/C16_Sustainability_and_People.pdf
https://www.hongkongairport.com/iwov-resources/file/airport-authority/publications/annual-and-interim-reports/tc/16_17/C17_Looking_Forward.pdf
https://www.hongkongairport.com/iwov-resources/file/airport-authority/publications/annual-and-interim-reports/tc/16_17/C18_Financial_Review.pdf
https://www.hongkongairport.com/iwov-resources/file/airport-authority/publications/annual-and-interim-reports/tc/16_17/C19_Report_of_the_Members_of_the_Board.pdf
https://www.hongkongairport.com/iwov-resources/file/airport-authority/publications/annual-and-interim-reports/tc/16_17/C20_Independent_Auditor's_Report.pdf
https://www.hongkongairport.com/iwov-resources/file/airport-authority/publications/annual-and-interim-reports/tc/16_17/C21_Financial_Statements.pdf
https://www.hongkongairport.com/iwov-resources/file/airport-authority/publications/annual-and-interim-reports/tc/16_17/C22_5years_Financial_and_Operational_Summary.pdf
https://www.hongkongairport.com/iwov-resources/file/airport-authority/publications/annual-and-interim-reports/tc/16_17/C23_Airlines_and_Destinations.pdf
https://www.hongkongairport.com/iwov-resources/file/airport-authority/publications/annual-and-interim-reports/tc/17_18/1718-full-report-chi-2.pdf
https://www.hongkongairport.com/iwov-resources/file/airport-authority/publications/annual-and-interim-reports/tc/17_18/C01-cover.pdf
https://www.hongkongairport.com/iwov-resources/file/airport-authority/publications/annual-and-interim-reports/tc/17_18/C02-20yrs.pdf
https://www.hongkongairport.com/iwov-resources/file/airport-authority/publications/annual-and-interim-reports/tc/17_18/C03-our-values.pdf
https://www.hongkongairport.com/iwov-resources/file/airport-authority/publications/annual-and-interim-reports/tc/17_18/C04-hkia-facts.pdf
https://www.hongkongairport.com/iwov-resources/file/airport-authority/publications/annual-and-interim-reports/tc/17_18/C05-chairman-statement.pdf
https://www.hongkongairport.com/iwov-resources/file/airport-authority/publications/annual-and-interim-reports/tc/17_18/C06-ceo-statement.pdf
https://www.hongkongairport.com/iwov-resources/file/airport-authority/publications/annual-and-interim-reports/tc/17_18/C07-the-board.pdf
https://www.hongkongairport.com/iwov-resources/file/airport-authority/publications/annual-and-interim-reports/tc/17_18/C08-executive-directors.pdf
https://www.hongkongairport.com/iwov-resources/file/airport-authority/publications/annual-and-interim-reports/tc/17_18/C09-financial-ops-highlights.pdf
https://www.hongkongairport.com/iwov-resources/file/airport-authority/publications/annual-and-interim-reports/tc/17_18/C10-corporate-governance.pdf
https://www.hongkongairport.com/iwov-resources/file/airport-authority/publications/annual-and-interim-reports/tc/17_18/C11-risk-mgt-report.pdf
https://www.hongkongairport.com/iwov-resources/file/airport-authority/publications/annual-and-interim-reports/tc/17_18/C12-event-highlights.pdf
https://www.hongkongairport.com/iwov-resources/file/airport-authority/publications/annual-and-interim-reports/tc/17_18/C13-passenger-services.pdf
https://www.hongkongairport.com/iwov-resources/file/airport-authority/publications/annual-and-interim-reports/tc/17_18/C14-cargo-aviation-services.pdf
https://www.hongkongairport.com/iwov-resources/file/airport-authority/publications/annual-and-interim-reports/tc/17_18/C15-airfield-systems.pdf
https://www.hongkongairport.com/iwov-resources/file/airport-authority/publications/annual-and-interim-reports/tc/17_18/C16-mainland-projects.pdf
https://www.hongkongairport.com/iwov-resources/file/airport-authority/publications/annual-and-interim-reports/tc/17_18/C17-sust-people.pdf
https://www.hongkongairport.com/iwov-resources/file/airport-authority/publications/annual-and-interim-reports/tc/17_18/C18-looking-forward-2.pdf
https://www.hongkongairport.com/iwov-resources/file/airport-authority/publications/annual-and-interim-reports/tc/17_18/C19-financial-review.pdf
https://www.hongkongairport.com/iwov-resources/file/airport-authority/publications/annual-and-interim-reports/tc/17_18/C20-report-of-member-of-the-board.pdf
https://www.hongkongairport.com/iwov-resources/file/airport-authority/publications/annual-and-interim-reports/tc/17_18/C21-indepedent-auditor-report.pdf
https://www.hongkongairport.com/iwov-resources/file/airport-authority/publications/annual-and-interim-reports/tc/17_18/C22-consolidated-financial-statement.pdf
https://www.hongkongairport.com/iwov-resources/file/airport-authority/publications/annual-and-interim-reports/tc/17_18/C23-five-yr-summary.pdf
https://www.hongkongairport.com/iwov-resources/file/airport-authority/publications/annual-and-interim-reports/tc/17_18/C24-airlines-operators.pdf
https://www.hongkongairport.com/iwov-resources/file/airport-authority/publications/annual-and-interim-reports/tc/18_19/AR1819_Chi_Airfield-and-Systems.pdf
https://www.hongkongairport.com/iwov-resources/file/airport-authority/publications/annual-and-interim-reports/tc/18_19/AR1819_Chi_Airlines-and-Destinations.pdf
https://www.hongkongairport.com/iwov-resources/file/airport-authority/publications/annual-and-interim-reports/tc/18_19/AR1819_Chi_Cargo-and-Aviation-Services.pdf
https://www.hongkongairport.com/iwov-resources/file/airport-authority/publications/annual-and-interim-reports/tc/18_19/AR1819_Chi_CEO's-Statement.pdf
https://www.hongkongairport.com/iwov-resources/file/airport-authority/publications/annual-and-interim-reports/tc/18_19/AR1819_Chi_Chairman's-Statement.pdf
https://www.hongkongairport.com/iwov-resources/file/airport-authority/publications/annual-and-interim-reports/tc/18_19/AR1819_Chi_Consolidated-Financial-Statements.pdf
https://www.hongkongairport.com/iwov-resources/file/airport-authority/publications/annual-and-interim-reports/tc/18_19/AR1819_Chi_Corporate-Governance.pdf
https://www.hongkongairport.com/iwov-resources/file/airport-authority/publications/annual-and-interim-reports/tc/18_19/AR1819_Chi_Cover.pdf
https://www.hongkongairport.com/iwov-resources/file/airport-authority/publications/annual-and-interim-reports/tc/18_19/AR1819_Chi_Event-Highlights.pdf
https://www.hongkongairport.com/iwov-resources/file/airport-authority/publications/annual-and-interim-reports/tc/18_19/AR1819_Chi_Executive-Directors.pdf
https://www.hongkongairport.com/iwov-resources/file/airport-authority/publications/annual-and-interim-reports/tc/18_19/AR1819_Chi_Financial-and-Operational-Highlights.pdf
https://www.hongkongairport.com/iwov-resources/file/airport-authority/publications/annual-and-interim-reports/tc/18_19/AR1819_Chi_Financial-Review.pdf
https://www.hongkongairport.com/iwov-resources/file/airport-authority/publications/annual-and-interim-reports/tc/18_19/AR1819_Chi_Five-year-Financial-and-Operational-Summary.pdf
https://www.hongkongairport.com/iwov-resources/file/airport-authority/publications/annual-and-interim-reports/tc/18_19/AR1819_Chi_Full-Report.pdf
https://www.hongkongairport.com/iwov-resources/file/airport-authority/publications/annual-and-interim-reports/tc/18_19/AR1819_Chi_HKIA-Facts-and-Performance-Highlights.pdf
https://www.hongkongairport.com/iwov-resources/file/airport-authority/publications/annual-and-interim-reports/tc/18_19/AR1819_Chi_Independent-Auditor's-Report.pdf
https://www.hongkongairport.com/iwov-resources/file/airport-authority/publications/annual-and-interim-reports/tc/18_19/AR1819_Chi_Looking-Forward.pdf
https://www.hongkongairport.com/iwov-resources/file/airport-authority/publications/annual-and-interim-reports/tc/18_19/AR1819_Chi_Mainland-Projects.pdf
https://www.hongkongairport.com/iwov-resources/file/airport-authority/publications/annual-and-interim-reports/tc/18_19/AR1819_Chi_Our-Values.pdf
https://www.hongkongairport.com/iwov-resources/file/airport-authority/publications/annual-and-interim-reports/tc/18_19/AR1819_Chi_Passenger-Services.pdf
https://www.hongkongairport.com/iwov-resources/file/airport-authority/publications/annual-and-interim-reports/tc/18_19/AR1819_Chi_Report-of-the-Members-of-the-Board.pdf
https://www.hongkongairport.com/iwov-resources/file/airport-authority/publications/annual-and-interim-reports/tc/18_19/AR1819_Chi_Risk-Management.pdf
https://www.hongkongairport.com/iwov-resources/file/airport-authority/publications/annual-and-interim-reports/tc/18_19/AR1819_Chi_Sustainability-and-People.pdf
https://www.hongkongairport.com/iwov-resources/file/airport-authority/publications/annual-and-interim-reports/tc/18_19/AR1819_Chi_The-Board.pdf
https://www.hongkongairport.com/iwov-resources/file/airport-authority/publications/annual-and-interim-reports/tc/19_20/01_AR1920_Chi_Cover.pdf
https://www.hongkongairport.com/iwov-resources/file/airport-authority/publications/annual-and-interim-reports/tc/19_20/02_AR1920_Chi_Our_Values.pdf
https://www.hongkongairport.com/iwov-resources/file/airport-authority/publications/annual-and-interim-reports/tc/19_20/03_AR1920_Chi_HKIA_Facts.pdf
https://www.hongkongairport.com/iwov-resources/file/airport-authority/publications/annual-and-interim-reports/tc/19_20/04_AR1920_Chi_Chairman's_Statement.pdf
https://www.hongkongairport.com/iwov-resources/file/airport-authority/publications/annual-and-interim-reports/tc/19_20/05_AR1920_Chi_CEO's_Statement.pdf
https://www.hongkongairport.com/iwov-resources/file/airport-authority/publications/annual-and-interim-reports/tc/19_20/06_AR1920_Chi_The_Board.pdf
https://www.hongkongairport.com/iwov-resources/file/airport-authority/publications/annual-and-interim-reports/tc/19_20/07_AR1920_Chi_Executive_Directors.pdf
https://www.hongkongairport.com/iwov-resources/file/airport-authority/publications/annual-and-interim-reports/tc/19_20/08_AR1920_Chi_Financial_and_Operational_Highlights.pdf
https://www.hongkongairport.com/iwov-resources/file/airport-authority/publications/annual-and-interim-reports/tc/19_20/09_AR1920_Chi_Corporate_Governance.pdf
https://www.hongkongairport.com/iwov-resources/file/airport-authority/publications/annual-and-interim-reports/tc/19_20/10_AR1920_Chi_Risk_Management.pdf
https://www.hongkongairport.com/iwov-resources/file/airport-authority/publications/annual-and-interim-reports/tc/19_20/11_AR1920_Chi_Event_Highlights.pdf
https://www.hongkongairport.com/iwov-resources/file/airport-authority/publications/annual-and-interim-reports/tc/19_20/12_AR1920_Chi_Passenger_Services.pdf
https://www.hongkongairport.com/iwov-resources/file/airport-authority/publications/annual-and-interim-reports/tc/19_20/13_AR1920_Chi_Cargo_and_Aviation_Services.pdf
https://www.hongkongairport.com/iwov-resources/file/airport-authority/publications/annual-and-interim-reports/tc/19_20/14_AR1920_Chi_Airfield_and_Systems.pdf
https://www.hongkongairport.com/iwov-resources/file/airport-authority/publications/annual-and-interim-reports/tc/19_20/15_AR1920_Chi_Mainland_Projects.pdf
https://www.hongkongairport.com/iwov-resources/file/airport-authority/publications/annual-and-interim-reports/tc/19_20/16_AR1920_Chi_Sustainability_and_People.pdf
https://www.hongkongairport.com/iwov-resources/file/airport-authority/publications/annual-and-interim-reports/tc/19_20/17_AR1920_Chi_Looking_Forward.pdf
https://www.hongkongairport.com/iwov-resources/file/airport-authority/publications/annual-and-interim-reports/tc/19_20/18_AR1920_Chi_Financial_Review.pdf
https://www.hongkongairport.com/iwov-resources/file/airport-authority/publications/annual-and-interim-reports/tc/19_20/19_AR1920_Chi_Report_of_the_Members_of_the_Board.pdf
https://www.hongkongairport.com/iwov-resources/file/airport-authority/publications/annual-and-interim-reports/tc/19_20/20_AR1920_Chi_Independent_Auditor's_Report.pdf
https://www.hongkongairport.com/iwov-resources/file/airport-authority/publications/annual-and-interim-reports/tc/19_20/21_AR1920_Chi_Consolidated_Financial_Statements.pdf
https://www.hongkongairport.com/iwov-resources/file/airport-authority/publications/annual-and-interim-reports/tc/19_20/22_AR1920_Chi_Five-year_Financial_and_Operational_Summary.pdf
https://www.hongkongairport.com/iwov-resources/file/airport-authority/publications/annual-and-interim-reports/tc/19_20/23_AR1920_Chi_Airlines_and_Destinations.pdf
https://www.hongkongairport.com/iwov-resources/file/airport-authority/publications/annual-and-interim-reports/tc/19_20/AR1920_Chi_Full-Report.pdf
https://www.hongkongairport.com/iwov-resources/file/airport-authority/publications/annual-and-interim-reports/tc/20_21/01_AR2021_Chi_Cover.pdf
https://www.hongkongairport.com/iwov-resources/file/airport-authority/publications/annual-and-interim-reports/tc/20_21/02_AR2021_Chi_Our_Values.pdf
https://www.hongkongairport.com/iwov-resources/file/airport-authority/publications/annual-and-interim-reports/tc/20_21/03_AR2021_Chi_HKIA_Facts.pdf
https://www.hongkongairport.com/iwov-resources/file/airport-authority/publications/annual-and-interim-reports/tc/20_21/04_AR2021_Chi_Chairman's_Statement.pdf
https://www.hongkongairport.com/iwov-resources/file/airport-authority/publications/annual-and-interim-reports/tc/20_21/05_AR2021_Chi_CEO's_Statement.pdf
https://www.hongkongairport.com/iwov-resources/file/airport-authority/publications/annual-and-interim-reports/tc/20_21/06_AR2021_Chi_The_Board.pdf
https://www.hongkongairport.com/iwov-resources/file/airport-authority/publications/annual-and-interim-reports/tc/20_21/07_AR2021_Chi_Executive_Directors.pdf
https://www.hongkongairport.com/iwov-resources/file/airport-authority/publications/annual-and-interim-reports/tc/20_21/08_AR2021_Chi_Financial_and_Operational_Highlights.pdf
https://www.hongkongairport.com/iwov-resources/file/airport-authority/publications/annual-and-interim-reports/tc/20_21/09_AR2021_Chi_Corporate_Governance.pdf
https://www.hongkongairport.com/iwov-resources/file/airport-authority/publications/annual-and-interim-reports/tc/20_21/10_AR2021_Chi_Risk_Management.pdf
https://www.hongkongairport.com/iwov-resources/file/airport-authority/publications/annual-and-interim-reports/tc/20_21/11_AR2021_Chi_Event_Highlights.pdf
https://www.hongkongairport.com/iwov-resources/file/airport-authority/publications/annual-and-interim-reports/tc/20_21/12_AR2021_Chi_Passenger_Services.pdf
https://www.hongkongairport.com/iwov-resources/file/airport-authority/publications/annual-and-interim-reports/tc/20_21/13_AR2021_Chi_Cargo_and_Aviation_Services.pdf
https://www.hongkongairport.com/iwov-resources/file/airport-authority/publications/annual-and-interim-reports/tc/20_21/14_AR2021_Chi_Airfield_and_Systems.pdf
https://www.hongkongairport.com/iwov-resources/file/airport-authority/publications/annual-and-interim-reports/tc/20_21/15_AR2021_Chi_Mainland_Projects.pdf
https://www.hongkongairport.com/iwov-resources/file/airport-authority/publications/annual-and-interim-reports/tc/20_21/16_AR2021_Chi_Sustainability_and_People.pdf
https://www.hongkongairport.com/iwov-resources/file/airport-authority/publications/annual-and-interim-reports/tc/20_21/17_AR2021_Chi_Looking_Forward.pdf
https://www.hongkongairport.com/iwov-resources/file/airport-authority/publications/annual-and-interim-reports/tc/20_21/18_AR2021_Chi_Financial_Review.pdf
https://www.hongkongairport.com/iwov-resources/file/airport-authority/publications/annual-and-interim-reports/tc/20_21/19_AR2021_Chi_Report_of_the_Members_of_the_Board.pdf
https://www.hongkongairport.com/iwov-resources/file/airport-authority/publications/annual-and-interim-reports/tc/20_21/20_AR2021_Chi_Independent_Auditor's_Report.pdf
https://www.hongkongairport.com/iwov-resources/file/airport-authority/publications/annual-and-interim-reports/tc/20_21/21_AR2021_Chi_Consolidated_Financial_Statements.pdf
https://www.hongkongairport.com/iwov-resources/file/airport-authority/publications/annual-and-interim-reports/tc/20_21/22_AR2021_Chi_Five-year_Financial_and_Operational_Summary.pdf
https://www.hongkongairport.com/iwov-resources/file/airport-authority/publications/annual-and-interim-reports/tc/20_21/23_AR2021_Chi_Airlines_and_Destinations.pdf
https://www.hongkongairport.com/iwov-resources/file/airport-authority/publications/annual-and-interim-reports/tc/20_21/AR2021_Chi_Full_report.pdf
https://www.hongkongairport.com/iwov-resources/file/airport-authority/publications/annual-and-interim-reports/tc/interim/2006.pdf
https://www.hongkongairport.com/iwov-resources/file/airport-authority/publications/annual-and-interim-reports/tc/interim/2007.pdf
https://www.hongkongairport.com/iwov-resources/file/airport-authority/publications/annual-and-interim-reports/tc/interim/2008.pdf
https://www.hongkongairport.com/iwov-resources/file/airport-authority/publications/annual-and-interim-reports/tc/interim/2009.pdf
https://www.hongkongairport.com/iwov-resources/file/airport-authority/publications/annual-and-interim-reports/tc/interim/2010.pdf
https://www.hongkongairport.com/iwov-resources/file/airport-authority/publications/annual-and-interim-reports/tc/interim/2011.pdf
https://www.hongkongairport.com/iwov-resources/file/airport-authority/publications/annual-and-interim-reports/tc/interim/2012.pdf
https://www.hongkongairport.com/iwov-resources/file/airport-authority/publications/annual-and-interim-reports/tc/interim/2013.pdf
https://www.hongkongairport.com/iwov-resources/file/airport-authority/publications/annual-and-interim-reports/tc/interim/2014.pdf
https://www.hongkongairport.com/iwov-resources/file/airport-authority/publications/annual-and-interim-reports/tc/interim/2015.pdf
https://www.hongkongairport.com/iwov-resources/file/airport-authority/publications/annual-and-interim-reports/tc/interim/2016.pdf
https://www.hongkongairport.com/iwov-resources/file/airport-authority/publications/annual-and-interim-reports/tc/interim/2017.pdf
https://www.hongkongairport.com/iwov-resources/file/airport-authority/publications/annual-and-interim-reports/tc/interim/2018.pdf
https://www.hongkongairport.com/iwov-resources/file/common/Code_on_Access_to_Information-sc.pdf
https://www.hongkongairport.com/iwov-resources/file/community/engagement/community/Assurance-Report-2020-21-EN.pdf
https://www.hongkongairport.com/iwov-resources/file/community/engagement/community/Assurance-Report-2020-21-TC.pdf
https://www.hongkongairport.com/iwov-resources/file/important-notice/order_Chi.pdf
https://www.hongkongairport.com/iwov-resources/file/media-centre/press-release/Aug2019c.pdf
https://www.hongkongairport.com/iwov-resources/file/media-centre/press-release/Feb2019c.pdf
https://www.hongkongairport.com/iwov-resources/file/media-centre/press-release/Jan2019c.pdf
https://www.hongkongairport.com/iwov-resources/file/media-centre/press-release/Jul2019c.pdf
https://www.hongkongairport.com/iwov-resources/file/media-centre/press-release/Mar2019c.pdf
https://www.hongkongairport.com/iwov-resources/file/passenger-guide/airport-facilities-services/ACR_Use_of_facility_guideline.pdf
https://www.hongkongairport.com/iwov-resources/file/sustainability/energy-policy.pdf
https://www.hongkongairport.com/iwov-resources/file/sustainability/environment/air-quality/DraftAOAQSReport.pdf
https://www.hongkongairport.com/iwov-resources/file/sustainability/environment/carbon-management/HKIA-Carbon-Reduction-Award-Scheme-2018_Best-Practice-Sharing.pdf
https://www.hongkongairport.com/iwov-resources/file/sustainability/environment/climate-change/AA_Sustainability_Report_202021_TCFD_Statement_CHI.pdf
https://www.hongkongairport.com/iwov-resources/file/sustainability/environment/climate-change/AA_Sustainability_Report_202021_TCFD_Statement_ENG.pdf
https://www.hongkongairport.com/iwov-resources/file/sustainability/environment/greenest-airport-updates/GPS_in Kongkei_News.pdf
https://www.hongkongairport.com/iwov-resources/file/sustainability/environment/greenest-airport-updates/Mike_Kilburn_(Hong Kong International Airport).pdf
https://www.hongkongairport.com/iwov-resources/file/sustainability/environment/greenest-airport-updates/Striking a balance between urban development and environmental conservation.pdf
https://www.hongkongairport.com/iwov-resources/file/sustainability/environment/policies/Energy policy_Layout_v2_191024_1.pdf
https://www.hongkongairport.com/iwov-resources/file/sustainability/environment/policies/energy-policy.pdf
https://www.hongkongairport.com/iwov-resources/file/sustainability/environment/policies/env-policy-statement.pdf
https://www.hongkongairport.com/iwov-resources/file/sustainability/environment/policies/green-procurement-policy.pdf
https://www.hongkongairport.com/iwov-resources/file/sustainability/environment/policies/Sustainable Dining Policy 2019.pdf
https://www.hongkongairport.com/iwov-resources/file/sustainability/environment/sustainable-finance/AA_Sustainable_Finance_Framework_Final.pdf
https://www.hongkongairport.com/iwov-resources/file/sustainability/environment/sustainable-finance/Airport_Authority_Sustainable_Finance_Framework_Second-Party_Opinion_Final.pdf
https://www.hongkongairport.com/iwov-resources/file/sustainability/sustainability-report/AA_Sustainability_Report_201920_CHI.pdf
https://www.hongkongairport.com/iwov-resources/file/sustainability/sustainability-report/AA_Sustainability_Report_201920_ENG.pdf
https://www.hongkongairport.com/iwov-resources/file/sustainability/sustainability-report/AA_Sustainability_Report_202021_CHI.pdf
https://www.hongkongairport.com/iwov-resources/file/sustainability/sustainability-report/AA_Sustainability_Report_202021_ENG.pdf
https://www.hongkongairport.com/iwov-resources/file/the-airport/hkia-at-a-glance/facts-figures/2001sc.pdf
https://www.hongkongairport.com/iwov-resources/file/the-airport/hkia-at-a-glance/facts-figures/Feb2021sc.pdf
https://www.hongkongairport.com/iwov-resources/file/the-airport/hkia-at-a-glance/facts-figures/May2020sc.pdf
https://www.hongkongairport.com/iwov-resources/html/sustainability_report/chi/pdf/media/publication/sustainability/13_14/C_Sustainability_Report_Full.pdf
https://www.hongkongairport.com/iwov-resources/html/sustainability_report/chi/pdf/media/publication/sustainability/14_15/C_Sustainability_Report_Full.pdf
https://www.hongkongairport.com/iwov-resources/html/sustainability_report/chi/pdf/media/publication/sustainability/14_15/flipping/files/assets/common/downloads/publication.pdf
https://www.hongkongairport.com/iwov-resources/html/sustainability_report/chi/SR1718/wp-content/themes/aahk/assets/pdf/HKIA_SR201718_Tc.pdf
https://www.hongkongairport.com/iwov-resources/html/sustainability_report/eng/pdf/media/publication/sustainability/14_15/flipping/files/assets/common/downloads/publication.pdf
https://www.hongkongairport.com/iwov-resources/html/sustainability_report/eng/SR1718/wp-content/themes/aahk/assets/pdf/HKIA_SR201718_En.pdf
https://www.hongkongairport.com/leaflet/Green Procurement Policy.pdf
https://www.bne.com.au/sites/default/files/docs/Brisbane-Airport-Parking-Signage-Plan_2021.pdf
https://www.bne.com.au/sites/default/files/docs/BNR_EIS_MDP_A7_Sustainability_Assess.pdf
https://www.bne.com.au/sites/default/files/docs/Brisbane-Airport-Sustainability-Policy_May2020.pdf
https://www.bne.com.au/sites/default/files/docs/BAC-Sustainability-Report-2017.pdf
https://www.bne.com.au/sites/default/files/docs/BAC-Sustainability-Report-2016.pdf
https://www.bne.com.au/sites/default/files/docs/BAC-2019-Sustainability-Report.pdf
https://www.bne.com.au/sites/default/files/no-index/GRI-Content-Index_BAC-Sustainability-Report-2019.pdf
https://www.bne.com.au/sites/default/files/docs/2018-Sustainability-Report.pdf
https://www.bne.com.au/sites/default/files/docs/BNR_Supplementary_Report_Introduction.pdf
https://www.bne.com.au/sites/default/files/docs/BNR_Supplementary_Report_VolumeA_Responses.pdf
https://www.bne.com.au/sites/default/files/docs/BNR_Supplementary_Report_VolumeB_Responses.pdf
https://www.bne.com.au/sites/default/files/docs/BNR_Supplementary%20Report_Appendix.pdf
https://www.bne.com.au/sites/default/files/docs/BNR_Supplementary_Report_VolumeD_Responses.pdf
https://www.bne.com.au/sites/default/files/docs/BNR_Supplementary_Report_VolumeC_Responses.pdf
https://www.bne.com.au/sites/default/files/no-index/BNE-FY21-Drinking-Water-Quality-Management-Plan-Report.pdf
https://www.bne.com.au/sites/default/files/docs/QUT-Report-Impact-of-Aircraft-Noise-on-Brisbane-Residential-Property-1988-2013_0.pdf
https://www.bne.com.au/sites/default/files/docs/QUT_Noise_Impact_Supplementary_Reports_2017.pdf
https://www.bne.com.au/sites/default/files/docs/QUT_Noise_Impact_Supplementary_Reports_2016_WEB.pdf
https://www.bne.com.au/sites/default/files/docs/QUT_Noise_Impact_Supplementary_Reports_2015_WEB.pdf
https://www.bne.com.au/sites/default/files/docs/QUT_Noise_Impact_Supplementary_Reports_2014_WEB_0.pdf
https://www.bne.com.au/sites/default/files/docs/BAC5141%20QUT%20Noise%20Impact%20Supplementary%20Report_Full_2019%20%28WEB%29.pdf
https://www.bne.com.au/sites/default/files/docs/QUT_Noise_Impact_Supplementary_Reports_2018_WEB.pdf
https://www.bne.com.au/sites/default/files/docs/Brisbane_Airport_Noise_Improvement_Trial_Report_June2020.pdf
https://www.bne.com.au/sites/default/files/docs/Brisbane_Airport_Noise_Improvement_Trial_%20Summary_Report_June_2020.pdf
https://www.bne.com.au/sites/default/files/no-index/BAC-Annual-Report_2020.pdf
https://www.bne.com.au/sites/default/files/no-index/BAC-Annual-Report-2018.pdf
https://www.bne.com.au/sites/default/files/no-index/BAC-Annual-Report-2021.pdf
https://www.bne.com.au/sites/default/files/no-index/BAC-Annual-Report-2011.pdf
https://www.bne.com.au/sites/default/files/no-index/BAC-Annual-Report-2010.pdf
https://www.bne.com.au/sites/default/files/no-index/BAC-Annual-Report-2013.pdf
https://www.bne.com.au/sites/default/files/no-index/BAC-Annual-Report-2014_0.pdf
https://www.bne.com.au/sites/default/files/no-index/BAC-Annual-Report-2016.pdf
https://www.bne.com.au/sites/default/files/no-index/BAC-Annual-Report-2012.pdf
https://www.bne.com.au/sites/default/files/no-index/BAC-Annual-Report-2015.pdf
https://www.bne.com.au/sites/default/files/no-index/BAC-Annual-Report-2017_1.pdf
https://www.bne.com.au/sites/default/files/no-index/BAC-Annual-Report_2019.pdf
https://aucklandflightpathtrial.co.nz/wp-content/uploads/140529BARNZSMARTreport.pdf
https://aucklandflightpathtrial.co.nz/wp-content/uploads/2017-Media-Release-Draft-Report-on-Trial-SMART-Approach-Flight-Path-Published.pdf
https://aucklandflightpathtrial.co.nz/wp-content/uploads/2015-2016-Yellow-U23-SMART-Approach-Flight-Path-Trial-Draft-Report-2017.pdf
https://aucklandflightpathtrial.co.nz/wp-content/uploads/Final-Report-on-Trial-SMART-Approach-Flight-Path-to-be-published-in-2018.pdf
https://aucklandflightpathtrial.co.nz/wp-content/uploads/Media-Release-Final-SMART-Approaches-report-available.pdf
https://aucklandflightpathtrial.co.nz/wp-content/uploads/140529MDASMARTreport.pdf
https://aucklandflightpathtrial.co.nz/wp-content/uploads/2017-Airways-New-Zealand-Uniform-SMART-Approach-Trial-Report.pdf
https://aucklandflightpathtrial.co.nz/wp-content/uploads/140529ACNZSMARTreport.pdf
http://www.fly2houston.com/sites/default/files/2021-11/HOU_Q1_ 2022_Report.pdf
https://www.aeropuertoquito.com/transparencia/Transparencia_2019/Febrero-2019/g1-presupuesto_institucion.pdf
https://www.aeropuertoquito.com/transparencia/Transparencia_2022/Marzo-2022/d-Servicios-que-presta-la-institucion/d1-Servicios.pdf
https://www.aeropuertoquito.com/transparencia/Transparencia_2022/Marzo-2022/a4-Metas-y-Objetivos/a4-metas-Objetivos.pdf
https://www.aeropuertoquito.com/transparencia/Transparencia_2022/Junio-2022/e-Contratos-colectivos/e1-contratos_Colectivos.pdf
https://www.aeropuertoquito.com/transparencia/Transparencia_2022/Junio-2022/a4-Metas-y-Objetivos/a4-metas-Objetivos.pdf
https://www.aeropuertoquito.com/transparencia/Transparencia_2022/Noviembre-2022/b2-Distributivo-de-personal-de-la-institucion/b2-Distributivo.pdf
https://www.aeropuertoquito.com/transparencia/Transparencia_2022/Julio-2022/b2-Distributivo-de-personal-de-la-institucion/b2-Distributivo.pdf
https://www.aeropuertoquito.com/transparencia/Transparencia_2022/Marzo-2022/a3-Regulaciones-y-procedimientos-internos/a3-Prod_internos.pdf
https://www.aeropuertoquito.com/transparencia/Transparencia_2022/Junio-2022/d-Servicios-que-presta-la-institucion/d1-Servicios.pdf
https://www.aeropuertoquito.com/transparencia/Transparencia_2022/Febrero-2022/a2-Base-legal-que-la-rige/a2-Base-Legal.pdf
https://www.aeropuertoquito.com/transparencia/Transparencia_2022/Agosto-2022/c-Remuneracion-por-puesto/c1-Remuneracion.pdf
https://www.aeropuertoquito.com/transparencia/Transparencia_2022/Julio-2022/i-Procesos-de-contratacion-publica/i1-Procesos-de-Contratacion.pdf
https://www.aeropuertoquito.com/transparencia/Transparencia_2022/Marzo-2022/l-Contratos-de-credito-internos-y-externos/l1-ContratosCredito_Externos.pdf
https://www.aeropuertoquito.com/transparencia/Transparencia_2022/Junio-2022/b2-Distributivo-de-personal-de-la-institucion/b2-Distributivo.pdf
https://www.aeropuertoquito.com/transparencia/Transparencia_2022/Mayo-2022/o-Responsable-de-recibir-y-tramitar-la-informacion-publica/o1-Responsable-Informacion-Publica.pdf
https://www.aeropuertoquito.com/transparencia/Transparencia_2022/Mayo-2022/e-Contratos-colectivos/e1-contratos_Colectivos.pdf
https://aeropuertoquito.com/transparencia/Transparencia_2022/Marzo-2022/f2-Solicitud-de-acceso-a-la-Informacion-Publica/f2-Formulario-Solicitud-acceso-informacion-publica.pdf
https://www.aeropuertoquito.com/transparencia/Transparencia_2022/Agosto-2022/a3-Regulaciones-y-procedimientos-internos/a3-Prod_internos.pdf
https://www.aeropuertoquito.com/transparencia/Transparencia_2022/Mayo-2022/a4-Metas-y-Objetivos/a4-metas-Objetivos.pdf
https://www.aeropuertoquito.com/transparencia/Transparencia_2022/Agosto-2022/b1-Directorio-Completo-de-la-institucion/b1-Directorio_completo.pdf
https://www.aeropuertoquito.com/transparencia/Transparencia_2022/Mayo-2022/b2-Distributivo-de-personal-de-la-institucion/b2-Distributivo.pdf
https://www.aeropuertoquito.com/transparencia/Transparencia_2022/Abril-2022/n-Viaticos-informes-de-trabajo-y-justificativos/n1-viaticos.pdf
https://www.aeropuertoquito.com/transparencia/Transparencia_2022/Febrero-2022/k-Planes-y-programas/k1-planes-Programas.pdf
https://www.aeropuertoquito.com/transparencia/Transparencia_2022/Agosto-2022/d-Servicios-que-presta-la-institucion/d1-Servicios.pdf
https://www.aeropuertoquito.com/transparencia/Transparencia_2022/Julio-2022/g-Presupuesto-total-anual/g1-presupuesto_Institucional.pdf
https://www.aeropuertoquito.com/transparencia/Transparencia_2022/Junio-2022/m-Mecanismos-de-rendicion-de-cuentas/m1-Mecanismos-de-Rendicion-de-Cuentas.pdf
https://www.aeropuertoquito.com/transparencia/Transparencia_2022/Mayo-2022/j-Empresas-y-personas-con-contratos-incumplidos/j1-Contratos_incumplidos.pdf
https://www.aeropuertoquito.com/transparencia/Transparencia_2022/Mayo-2022/l-Contratos-de-credito-internos-y-externos/l1-ContratosCredito_Externos.pdf
https://www.aeropuertoquito.com/transparencia/Transparencia_2022/Octubre-2022/b1-Directorio-Completo-de-la-institucion/b1-Directorio_completo.pdf
https://www.aeropuertoquito.com/transparencia/Transparencia_2022/Noviembre-2022/a4-Metas-y-Objetivos/a4-metas-Objetivos.pdf
https://www.aeropuertoquito.com/transparencia/Transparencia_2022/Abril-2022/a2-Base-legal-que-la-rige/a2-Base-Legal.pdf
http://www.aeropuertoquito.com/transparencia/Transparencia_2022/Octubre-2022/f1-Formularios-o-formatos-de-solicitudes-y-tramites/f1-Solicitud_Formularios.pdf
https://www.aeropuertoquito.com/transparencia/Transparencia_2022/Noviembre-2022/a2-Base-legal-que-la-rige/a2-Base-Legal.pdf
https://www.aeropuertoquito.com/transparencia/Transparencia_2022/Agosto-2022/o-Responsable-de-recibir-y-tramitar-la-informacion-publica/o1-Responsable-Informacion-Publica.pdf
https://www.aeropuertoquito.com/transparencia/Transparencia_2022/Abril-2022/a1-Organigrama-de-la-Institucion/a1-estructura-Funcional.pdf